
Discarded input sections

 .data          0x0000000000000000        0x0 arch/arm/cpu/armv8/start.o
 .bss           0x0000000000000000        0x0 arch/arm/cpu/armv8/start.o
 .text.sdelay   0x0000000000000000        0xc arch/arm/cpu/armv8/built-in.o
 .text.timer_read_counter
                0x0000000000000000        0xc arch/arm/cpu/armv8/built-in.o
 .text.usec2ticks
                0x0000000000000000       0x44 arch/arm/cpu/armv8/built-in.o
 .text.timer_get_boot_us
                0x0000000000000000       0x28 arch/arm/cpu/armv8/built-in.o
 .text.set_one_region
                0x0000000000000000       0xd8 arch/arm/cpu/armv8/built-in.o
 .text.arch_get_page_table
                0x0000000000000000       0x20 arch/arm/cpu/armv8/built-in.o
 .text.mmu_set_region_dcache_behaviour
                0x0000000000000000       0xa8 arch/arm/cpu/armv8/built-in.o
 .text.mmu_change_region_attr
                0x0000000000000000       0xe8 arch/arm/cpu/armv8/built-in.o
 .text.enable_caches
                0x0000000000000000       0x14 arch/arm/cpu/armv8/built-in.o
 .text.__asm_switch_ttbr
                0x0000000000000000       0xe0 arch/arm/cpu/armv8/built-in.o
 .text.armv8_switch_to_el1
                0x0000000000000000       0xd0 arch/arm/cpu/armv8/built-in.o
 .text.armv8_el2_to_aarch32
                0x0000000000000000        0x4 arch/arm/cpu/armv8/built-in.o
 .text.smc_call
                0x0000000000000000       0x44 arch/arm/cpu/armv8/built-in.o
 .text.psci_system_reset
                0x0000000000000000       0x20 arch/arm/cpu/armv8/built-in.o
 .text.psci_system_reset2
                0x0000000000000000       0x2c arch/arm/cpu/armv8/built-in.o
 .text.psci_system_off
                0x0000000000000000       0x20 arch/arm/cpu/armv8/built-in.o
 .rodata.set_one_region.str1.1
                0x0000000000000000       0x2e arch/arm/cpu/armv8/built-in.o
 .rodata.arch_get_page_table.str1.1
                0x0000000000000000       0x1e arch/arm/cpu/armv8/built-in.o
 .rodata.mmu_set_region_dcache_behaviour.str1.1
                0x0000000000000000       0x20 arch/arm/cpu/armv8/built-in.o
 .eh_frame      0x0000000000000000      0x56c arch/arm/cpu/armv8/built-in.o
 .data          0x0000000000000000        0x0 arch/arm/cpu/armv8/built-in.o
 .bss           0x0000000000000000        0x0 arch/arm/cpu/armv8/built-in.o
 .text.board_quiesce_devices
                0x0000000000000000        0x4 arch/arm/lib/built-in.o
 .text.armv7_boot_nonsec_default
                0x0000000000000000        0x8 arch/arm/lib/built-in.o
 .text.enable_caches
                0x0000000000000000        0xc arch/arm/lib/built-in.o
 .text.invalidate_dcache_range
                0x0000000000000000        0x4 arch/arm/lib/built-in.o
 .text.flush_dcache_range
                0x0000000000000000        0x4 arch/arm/lib/built-in.o
 .text.flush_dcache_all
                0x0000000000000000        0xc arch/arm/lib/built-in.o
 .text.check_cache_range
                0x0000000000000000       0x3c arch/arm/lib/built-in.o
 .text.fdt_psci
                0x0000000000000000        0x8 arch/arm/lib/built-in.o
 .rodata.enable_caches.str1.1
                0x0000000000000000       0x1d arch/arm/lib/built-in.o
 .rodata.check_cache_range.str1.1
                0x0000000000000000       0x35 arch/arm/lib/built-in.o
 .eh_frame      0x0000000000000000      0x4b8 arch/arm/lib/built-in.o
 .data          0x0000000000000000        0x0 arch/arm/lib/built-in.o
 .__efi_runtime_rel_start
                0x0000000000000000        0x0 arch/arm/lib/built-in.o
 .__efi_runtime_rel_stop
                0x0000000000000000        0x0 arch/arm/lib/built-in.o
 .__efi_runtime_start
                0x0000000000000000        0x0 arch/arm/lib/built-in.o
 .__efi_runtime_stop
                0x0000000000000000        0x0 arch/arm/lib/built-in.o
 .__end         0x0000000000000000        0x0 arch/arm/lib/built-in.o
 .__secure_end  0x0000000000000000        0x0 arch/arm/lib/built-in.o
 .__secure_stack_end
                0x0000000000000000        0x0 arch/arm/lib/built-in.o
 .__secure_stack_start
                0x0000000000000000        0x0 arch/arm/lib/built-in.o
 .__secure_start
                0x0000000000000000        0x0 arch/arm/lib/built-in.o
 .bss           0x0000000000000000        0x0 arch/arm/lib/built-in.o
 .text.imx_iomux_v3_setup_pad
                0x0000000000000000       0xc4 arch/arm/mach-imx/built-in.o
 .text.imx_iomux_v3_setup_multiple_pads
                0x0000000000000000       0x44 arch/arm/mach-imx/built-in.o
 .text.imx_iomux_set_gpr_register
                0x0000000000000000       0x4c arch/arm/mach-imx/built-in.o
 .text.board_mmc_get_env_dev
                0x0000000000000000        0x4 arch/arm/mach-imx/built-in.o
 .text.force_idle_bus
                0x0000000000000000      0x1e0 arch/arm/mach-imx/built-in.o
 .text.setup_i2c
                0x0000000000000000       0xc8 arch/arm/mach-imx/built-in.o
 .text.cpu_eth_init
[...]
Memory Configuration

Name             Origin             Length             Attributes
*default*        0x0000000000000000 0xffffffffffffffff

Linker script and memory map

Address of section .text set to 0x40200000
                0x0000000000000000                . = 0x0
                0x0000000000000000                . = ALIGN (0x8)

.text           0x0000000040200000      0x118
 *(.__image_copy_start)
 .__image_copy_start
                0x0000000040200000        0x0 arch/arm/lib/built-in.o
                0x0000000040200000                __image_copy_start
 arch/arm/cpu/armv8/start.o(.text*)
 .text          0x0000000040200000      0x118 arch/arm/cpu/armv8/start.o
                0x0000000040200000                _start
                0x0000000040200008                _TEXT_BASE
                0x0000000040200010                _end_ofs
                0x0000000040200018                _bss_start_ofs
                0x0000000040200020                _bss_end_ofs
                0x000000004020002c                save_boot_params_ret
                0x0000000040200090                apply_core_errata
                0x00000000402000d8                smp_kick_all_cpus
                0x00000000402000dc                c_runtime_cpu_setup

.efi_runtime    0x0000000040200118     0x1008
                0x0000000040200118                __efi_runtime_start = .
 *(.text.efi_runtime*)
 .text.efi_runtime
                0x0000000040200118       0x58 arch/arm/cpu/armv8/built-in.o
                0x0000000040200118                __arm_smccc_smc
                0x0000000040200144                __arm_smccc_hvc
 .text.efi_runtime
                0x0000000040200170       0xd4 drivers/built-in.o
                0x0000000040200170                invoke_psci_fn
                0x00000000402001ec                efi_reset_system
 .text.efi_runtime
                0x0000000040200244      0x7c8 lib/built-in.o
                0x0000000040200248                efi_get_time
                0x0000000040200250                efi_set_time
                0x0000000040200260                efi_update_capsule_unsupported
                0x0000000040200268                efi_query_capsule_caps_unsupported
                0x0000000040200280                efi_convert_pointer
                0x0000000040200320                efi_update_table_header_crc32
                0x0000000040200354                efi_memcpy_runtime
                0x0000000040200374                efi_get_variable_runtime
                0x00000000402003a8                efi_get_next_variable_name_runtime
                0x0000000040200464                efi_var_mem_find
                0x0000000040200564                efi_get_next_variable_name_mem
                0x0000000040200644                efi_get_variable_mem
                0x000000004020070c                efi_var_mem_del
                0x000000004020079c                efi_var_mem_ins
                0x00000000402008c4                efi_var_mem_free
                0x00000000402008e0                efi_query_variable_info_runtime
                0x00000000402008f0                efi_get_variable_int
                0x00000000402008f4                efi_get_next_variable_name_int
                0x00000000402008f8                u16_strnlen
                0x000000004020091c                crc32_no_comp
                0x00000000402009f0                crc32
 .text.efi_runtime_detach
                0x0000000040200a0c       0x34 lib/built-in.o
                0x0000000040200a0c                efi_runtime_detach
 .text.efi_runtime_relocate
                0x0000000040200a40      0x128 lib/built-in.o
                0x0000000040200a40                efi_runtime_relocate
 *(.rodata.efi_runtime*)
 .rodata.efi_runtime_relocate.str1.1
                0x0000000040200b68       0x4e lib/built-in.o
 *(.data.efi_runtime*)
 *fill*         0x0000000040200bb6        0x2 
 .data.efi_runtime
                0x0000000040200bb8        0x4 drivers/built-in.o
                0x0000000040200bb8                psci_method
 *fill*         0x0000000040200bbc        0x4 
 .data.efi_runtime
                0x0000000040200bc0      0x550 lib/built-in.o
                0x0000000040200bc0                efi_events
                0x0000000040200bd0                systab
                0x0000000040200c78                efi_runtime_services
 .data.efi_runtime_mmio
                0x0000000040201110       0x10 lib/built-in.o
                0x0000000040201110                efi_runtime_mmio
                0x0000000040201120                __efi_runtime_stop = .

.text_rest      0x0000000040201800    0x82078
 *(.text*)
 .text          0x0000000040201800      0x390 arch/arm/cpu/armv8/built-in.o
                0x0000000040201800                vectors
 .text.board_cleanup_before_linux
                0x0000000040201b90        0x4 arch/arm/cpu/armv8/built-in.o
                0x0000000040201b90                board_cleanup_before_linux
 .text.cleanup_before_linux
                0x0000000040201b94       0x2c arch/arm/cpu/armv8/built-in.o
                0x0000000040201b94                cleanup_before_linux
 .text.get_tbclk
                0x0000000040201bc0        0x8 arch/arm/cpu/armv8/built-in.o
                0x0000000040201bc0                get_tbclk
 .text.get_ticks
                0x0000000040201bc8       0x10 arch/arm/cpu/armv8/built-in.o
                0x0000000040201bc8                get_ticks
 .text.count_required_pts
                0x0000000040201bd8       0xf8 arch/arm/cpu/armv8/built-in.o
 .text.create_table
                0x0000000040201cd0       0x70 arch/arm/cpu/armv8/built-in.o
 .text.split_block
                0x0000000040201d40       0x90 arch/arm/cpu/armv8/built-in.o
 .text.get_tcr  0x0000000040201dd0       0xe4 arch/arm/cpu/armv8/built-in.o
                0x0000000040201dd0                get_tcr
 .text.find_pte
                0x0000000040201eb4       0x8c arch/arm/cpu/armv8/built-in.o
 .text.get_page_table_size
                0x0000000040201f40       0x48 arch/arm/cpu/armv8/built-in.o
                0x0000000040201f40                get_page_table_size
 .text.setup_pgtables
                0x0000000040201f88      0x16c arch/arm/cpu/armv8/built-in.o
                0x0000000040201f88                setup_pgtables
 .text.mmu_setup
                0x00000000402020f4      0x13c arch/arm/cpu/armv8/built-in.o
                0x00000000402020f4                mmu_setup
 .text.invalidate_dcache_all
                0x0000000040202230       0x14 arch/arm/cpu/armv8/built-in.o
                0x0000000040202230                invalidate_dcache_all
 .text.flush_dcache_all
                0x0000000040202244       0x14 arch/arm/cpu/armv8/built-in.o
                0x0000000040202244                flush_dcache_all
 .text.invalidate_dcache_range
                0x0000000040202258        0x4 arch/arm/cpu/armv8/built-in.o
                0x0000000040202258                invalidate_dcache_range
 .text.flush_dcache_range
                0x000000004020225c        0x4 arch/arm/cpu/armv8/built-in.o
                0x000000004020225c                flush_dcache_range
 .text.dcache_enable
                0x0000000040202260      0x110 arch/arm/cpu/armv8/built-in.o
                0x0000000040202260                dcache_enable
 .text.dcache_disable
                0x0000000040202370       0x84 arch/arm/cpu/armv8/built-in.o
                0x0000000040202370                dcache_disable
 .text.dcache_status
                0x00000000402023f4       0x34 arch/arm/cpu/armv8/built-in.o
                0x00000000402023f4                dcache_status
 .text.icache_disable
                0x0000000040202428       0x68 arch/arm/cpu/armv8/built-in.o
                0x0000000040202428                icache_disable
 .text.icache_status
                0x0000000040202490       0x34 arch/arm/cpu/armv8/built-in.o
                0x0000000040202490                icache_status
 .text.invalidate_icache_all
                0x00000000402024c4       0x14 arch/arm/cpu/armv8/built-in.o
                0x00000000402024c4                invalidate_icache_all
 .text.icache_enable
                0x00000000402024d8       0x74 arch/arm/cpu/armv8/built-in.o
                0x00000000402024d8                icache_enable
 .text.__asm_dcache_level
                0x000000004020254c       0x64 arch/arm/cpu/armv8/built-in.o
                0x000000004020254c                __asm_dcache_level
 .text.__asm_dcache_all
                0x00000000402025b0       0x60 arch/arm/cpu/armv8/built-in.o
                0x00000000402025b0                __asm_dcache_all
 .text.__asm_flush_dcache_all
                0x0000000040202610        0x8 arch/arm/cpu/armv8/built-in.o
                0x0000000040202610                __asm_flush_dcache_all
 .text.__asm_invalidate_dcache_all
                0x0000000040202618        0x8 arch/arm/cpu/armv8/built-in.o
                0x0000000040202618                __asm_invalidate_dcache_all
 .text.__asm_flush_dcache_range
                0x0000000040202620       0x34 arch/arm/cpu/armv8/built-in.o
                0x0000000040202620                __asm_flush_dcache_range
 .text.__asm_invalidate_dcache_range
                0x0000000040202654       0x30 arch/arm/cpu/armv8/built-in.o
                0x0000000040202654                __asm_invalidate_dcache_range
 .text.__asm_invalidate_icache_all
                0x0000000040202684        0xc arch/arm/cpu/armv8/built-in.o
                0x0000000040202684                __asm_invalidate_icache_all
 .text.__asm_invalidate_l3_dcache
                0x0000000040202690        0x8 arch/arm/cpu/armv8/built-in.o
                0x0000000040202690                __asm_invalidate_l3_dcache
 .text.__asm_flush_l3_dcache
                0x0000000040202698        0x8 arch/arm/cpu/armv8/built-in.o
                0x0000000040202698                __asm_flush_l3_dcache
 .text.__asm_invalidate_l3_icache
                0x00000000402026a0        0x8 arch/arm/cpu/armv8/built-in.o
                0x00000000402026a0                __asm_invalidate_l3_icache
 .text.entry_non_secure
                0x00000000402026a8       0x28 arch/arm/cpu/armv8/built-in.o
 .text.switch_to_non_secure_mode
                0x00000000402026d0       0x54 arch/arm/cpu/armv8/built-in.o
                0x00000000402026d0                switch_to_non_secure_mode
 .text.__asm_invalidate_tlb_all
                0x0000000040202724       0x4c arch/arm/cpu/armv8/built-in.o
                0x0000000040202724                __asm_invalidate_tlb_all
 .text.armv8_switch_to_el2
                0x0000000040202770       0xb8 arch/arm/cpu/armv8/built-in.o
                0x0000000040202770                armv8_switch_to_el2
 .text          0x0000000040202828      0x158 arch/arm/lib/built-in.o
                0x0000000040202828                _main
                0x00000000402028a8                relocate_code
 .text.setjmp   0x0000000040202980       0x28 arch/arm/lib/built-in.o
                0x0000000040202980                setjmp
 .text.longjmp  0x00000000402029a8       0x2c arch/arm/lib/built-in.o
                0x00000000402029a8                longjmp
 .text.arch_fixup_fdt
                0x00000000402029d4       0x4c arch/arm/lib/built-in.o
                0x00000000402029d4                arch_fixup_fdt
 .text.arch_lmb_reserve
                0x0000000040202a20       0x98 arch/arm/lib/built-in.o
                0x0000000040202a20                arch_lmb_reserve
 .text.setup_board_tags
                0x0000000040202ab8        0x4 arch/arm/lib/built-in.o
                0x0000000040202ab8                setup_board_tags
 .text.board_prep_linux
                0x0000000040202abc        0x4 arch/arm/lib/built-in.o
                0x0000000040202abc                board_prep_linux
 .text.boot_prep_linux
                0x0000000040202ac0       0xfc arch/arm/lib/built-in.o
 .text.update_os_arch_secondary_cores
                0x0000000040202bbc        0x4 arch/arm/lib/built-in.o
                0x0000000040202bbc                update_os_arch_secondary_cores
 .text.boot_jump_linux
                0x0000000040202bc0       0xb8 arch/arm/lib/built-in.o
 .text.do_bootm_linux
                0x0000000040202c78       0x7c arch/arm/lib/built-in.o
                0x0000000040202c78                do_bootm_linux
 .text.boot_prep_vxworks
                0x0000000040202cf4       0x50 arch/arm/lib/built-in.o
                0x0000000040202cf4                boot_prep_vxworks
 .text.boot_jump_vxworks
                0x0000000040202d44       0x10 arch/arm/lib/built-in.o
                0x0000000040202d44                boot_jump_vxworks
 .text.booti_setup
                0x0000000040202d54       0xb8 arch/arm/lib/built-in.o
                0x0000000040202d54                booti_setup
 .text.arch_print_bdinfo
                0x0000000040202e0c       0x64 arch/arm/lib/built-in.o
                0x0000000040202e0c                arch_print_bdinfo
 .text.arch_reserve_stacks
                0x0000000040202e70       0x10 arch/arm/lib/built-in.o
                0x0000000040202e70                arch_reserve_stacks
 .text.show_efi_loaded_images.isra.0
                0x0000000040202e80        0x4 arch/arm/lib/built-in.o
 .text.interrupt_init
                0x0000000040202e84        0x8 arch/arm/lib/built-in.o
                0x0000000040202e84                interrupt_init
 .text.enable_interrupts
                0x0000000040202e8c        0x4 arch/arm/lib/built-in.o
                0x0000000040202e8c                enable_interrupts
 .text.disable_interrupts
                0x0000000040202e90        0x8 arch/arm/lib/built-in.o
                0x0000000040202e90                disable_interrupts
 .text.show_regs
                0x0000000040202e98      0x108 arch/arm/lib/built-in.o
                0x0000000040202e98                show_regs
 .text.do_bad_sync
                0x0000000040202fa0       0x44 arch/arm/lib/built-in.o
                0x0000000040202fa0                do_bad_sync
 .text.do_bad_irq
                0x0000000040202fe4       0x44 arch/arm/lib/built-in.o
                0x0000000040202fe4                do_bad_irq
 .text.do_bad_fiq
                0x0000000040203028       0x44 arch/arm/lib/built-in.o
                0x0000000040203028                do_bad_fiq
 .text.do_bad_error
                0x000000004020306c       0x44 arch/arm/lib/built-in.o
                0x000000004020306c                do_bad_error
 .text.do_sync  0x00000000402030b0       0x44 arch/arm/lib/built-in.o
                0x00000000402030b0                do_sync
 .text.do_irq   0x00000000402030f4       0x44 arch/arm/lib/built-in.o
                0x00000000402030f4                do_irq
 .text.do_fiq   0x0000000040203138       0x44 arch/arm/lib/built-in.o
                0x0000000040203138                do_fiq
 .text.do_error
                0x000000004020317c       0x44 arch/arm/lib/built-in.o
                0x000000004020317c                do_error
 .text.flush_cache
                0x00000000402031c0        0x8 arch/arm/lib/built-in.o
                0x00000000402031c0                flush_cache
 .text.arm_reserve_mmu
                0x00000000402031c8       0x4c arch/arm/lib/built-in.o
                0x00000000402031c8                arm_reserve_mmu
 .text.arch_reserve_mmu
                0x0000000040203214        0x4 arch/arm/lib/built-in.o
                0x0000000040203214                arch_reserve_mmu
 *fill*         0x0000000040203218        0x8 
 .text          0x0000000040203220      0x1f0 arch/arm/mach-imx/built-in.o
                0x0000000040203220                lowlevel_init
                0x0000000040203250                rom_pointer
                0x0000000040203350                save_boot_params
                0x000000004020339c                restore_boot_params
                0x00000000402033e8                armv8_el2_to_aarch32
 .text.arch_auxiliary_core_up
                0x0000000040203410       0x8c arch/arm/mach-imx/built-in.o
                0x0000000040203410                arch_auxiliary_core_up
 .text.arch_auxiliary_core_check_up
                0x000000004020349c       0x4c arch/arm/mach-imx/built-in.o
                0x000000004020349c                arch_auxiliary_core_check_up
 .text.do_bootaux
                0x00000000402034e8       0xa0 arch/arm/mach-imx/built-in.o
 .text.mmc_get_env_dev
                0x0000000040203588       0x50 arch/arm/mach-imx/built-in.o
                0x0000000040203588                mmc_get_env_dev
 .text.imx_get_mac_from_fuse
                0x00000000402035d8      0x170 arch/arm/mach-imx/built-in.o
                0x00000000402035d8                imx_get_mac_from_fuse
 .text.get_imx_reset_cause
                0x0000000040203748       0x28 arch/arm/mach-imx/built-in.o
                0x0000000040203748                get_imx_reset_cause
 .text.get_reset_cause
                0x0000000040203770       0xf0 arch/arm/mach-imx/built-in.o
 .text.get_reboot_reason
                0x0000000040203860       0x38 arch/arm/mach-imx/built-in.o
                0x0000000040203860                get_reboot_reason
 .text.get_imx_type
                0x0000000040203898       0x28 arch/arm/mach-imx/built-in.o
                0x0000000040203898                get_imx_type
 .text.arch_preboot_os
                0x00000000402038c0        0x4 arch/arm/mach-imx/built-in.o
                0x00000000402038c0                arch_preboot_os
 .text.get_cpu_speed_grade_hz
                0x00000000402038c4      0x2ec arch/arm/mach-imx/built-in.o
                0x00000000402038c4                get_cpu_speed_grade_hz
 .text.get_cpu_temp_grade
                0x0000000040203bb0       0xec arch/arm/mach-imx/built-in.o
                0x0000000040203bb0                get_cpu_temp_grade
 .text.print_cpuinfo
                0x0000000040203c9c      0x16c arch/arm/mach-imx/built-in.o
                0x0000000040203c9c                print_cpuinfo
 .text.get_boot_device
                0x0000000040203e08       0xa4 arch/arm/mach-imx/built-in.o
                0x0000000040203e08                get_boot_device
 .text.imx_ddrc_count_bits
                0x0000000040203eac       0x2c arch/arm/mach-imx/built-in.o
                0x0000000040203eac                imx_ddrc_count_bits
 .text.imx_ddrc_sdram_size
                0x0000000040203ed8      0x20c arch/arm/mach-imx/built-in.o
                0x0000000040203ed8                imx_ddrc_sdram_size
 .text.imx8m_ddrc_sdram_size
                0x00000000402040e4      0x128 arch/arm/mach-imx/built-in.o
                0x00000000402040e4                imx8m_ddrc_sdram_size
 .text.set_dt_val
                0x000000004020420c       0x3c arch/arm/mach-imx/built-in.o
 .text.board_lmb_reserve
                0x0000000040204248       0x6c arch/arm/mach-imx/built-in.o
                0x0000000040204248                board_lmb_reserve
 .text.add_dt_path_subnode
                0x00000000402042b4       0x48 arch/arm/mach-imx/built-in.o
                0x00000000402042b4                add_dt_path_subnode
 .text.add_res_mem_dt_node
                0x00000000402042fc      0x1dc arch/arm/mach-imx/built-in.o
                0x00000000402042fc                add_res_mem_dt_node
 .text.ft_add_optee_node
                0x00000000402044d8      0x1d4 arch/arm/mach-imx/built-in.o
                0x00000000402044d8                ft_add_optee_node
 .text.hdr_dump
                0x00000000402046ac      0x4f0 arch/arm/mach-imx/built-in.o
 .text.qspi_erase_update.constprop.0
                0x0000000040204b9c       0xcc arch/arm/mach-imx/built-in.o
 .text.do_qspihdr
                0x0000000040204c68      0x448 arch/arm/mach-imx/built-in.o
 .text.select   0x00000000402050b0       0x34 arch/arm/mach-imx/built-in.o
 .text.get_clk_root_target
                0x00000000402050e4       0x8c arch/arm/mach-imx/built-in.o
 .text.clock_get_target_val
                0x0000000040205170       0x68 arch/arm/mach-imx/built-in.o
                0x0000000040205170                clock_get_target_val
 .text.clock_set_target_val
                0x00000000402051d8       0x64 arch/arm/mach-imx/built-in.o
                0x00000000402051d8                clock_set_target_val
 .text.clock_root_enabled
                0x000000004020523c       0x74 arch/arm/mach-imx/built-in.o
                0x000000004020523c                clock_root_enabled
 .text.clock_enable
                0x00000000402052b0       0x4c arch/arm/mach-imx/built-in.o
                0x00000000402052b0                clock_enable
 .text.clock_get_prediv
                0x00000000402052fc       0x84 arch/arm/mach-imx/built-in.o
                0x00000000402052fc                clock_get_prediv
 .text.clock_get_postdiv
                0x0000000040205380       0xa4 arch/arm/mach-imx/built-in.o
                0x0000000040205380                clock_get_postdiv
 .text.clock_get_src
                0x0000000040205424       0x70 arch/arm/mach-imx/built-in.o
                0x0000000040205424                clock_get_src
 .text.get_cpu_variant_type
                0x0000000040205494      0x1a4 arch/arm/mach-imx/built-in.o
 .text.disable_fdt_nodes
                0x0000000040205638       0xe8 arch/arm/mach-imx/built-in.o
 .text.disable_cpu_nodes.isra.0
                0x0000000040205720      0x244 arch/arm/mach-imx/built-in.o
 .text.timer_init
                0x0000000040205964       0x10 arch/arm/mach-imx/built-in.o
                0x0000000040205964                timer_init
 .text.enable_caches
                0x0000000040205974       0xc4 arch/arm/mach-imx/built-in.o
                0x0000000040205974                enable_caches
 .text.dram_init
                0x0000000040205a38       0x38 arch/arm/mach-imx/built-in.o
                0x0000000040205a38                dram_init
 .text.dram_init_banksize
                0x0000000040205a70       0xe4 arch/arm/mach-imx/built-in.o
                0x0000000040205a70                dram_init_banksize
 .text.get_effective_memsize
                0x0000000040205b54       0x60 arch/arm/mach-imx/built-in.o
                0x0000000040205b54                get_effective_memsize
 .text.board_get_usable_ram_top
                0x0000000040205bb4       0x3c arch/arm/mach-imx/built-in.o
                0x0000000040205bb4                board_get_usable_ram_top
 .text.get_cpu_rev
                0x0000000040205bf0       0xd0 arch/arm/mach-imx/built-in.o
                0x0000000040205bf0                get_cpu_rev
 .text.arch_cpu_init_dm
                0x0000000040205cc0       0x4c arch/arm/mach-imx/built-in.o
                0x0000000040205cc0                arch_cpu_init_dm
 .text.arch_cpu_init
                0x0000000040205d0c       0x78 arch/arm/mach-imx/built-in.o
                0x0000000040205d0c                arch_cpu_init
 .text.is_usb_boot
                0x0000000040205d84       0x1c arch/arm/mach-imx/built-in.o
                0x0000000040205d84                is_usb_boot
 .text.get_board_serial
                0x0000000040205da0       0x1c arch/arm/mach-imx/built-in.o
                0x0000000040205da0                get_board_serial
 .text.board_quiesce_devices
                0x0000000040205dbc        0x4 arch/arm/mach-imx/built-in.o
                0x0000000040205dbc                board_quiesce_devices
 .text.disable_vpu_nodes
                0x0000000040205dc0      0x130 arch/arm/mach-imx/built-in.o
                0x0000000040205dc0                disable_vpu_nodes
 .text.ft_system_setup
                0x0000000040205ef0      0x1ac arch/arm/mach-imx/built-in.o
                0x0000000040205ef0                ft_system_setup
 .text.imx8m_usb_power
                0x000000004020609c       0x68 arch/arm/mach-imx/built-in.o
                0x000000004020609c                imx8m_usb_power
 .text.imx_tmu_arch_init
                0x0000000040206104      0x148 arch/arm/mach-imx/built-in.o
                0x0000000040206104                imx_tmu_arch_init
 .text.decode_intpll
                0x000000004020624c      0x1b4 arch/arm/mach-imx/built-in.o
 .text.decode_fracpll
                0x0000000040206400      0x130 arch/arm/mach-imx/built-in.o
 .text.get_root_clk
                0x0000000040206530       0x80 arch/arm/mach-imx/built-in.o
 .text.get_root_src_clk
                0x00000000402065b0       0x94 arch/arm/mach-imx/built-in.o
 .text.do_mscale_showclocks
                0x0000000040206644      0x24c arch/arm/mach-imx/built-in.o
                0x0000000040206644                do_mscale_showclocks
 .text.enable_ocotp_clk
                0x0000000040206890       0x10 arch/arm/mach-imx/built-in.o
                0x0000000040206890                enable_ocotp_clk
 .text.get_arm_core_clk
                0x00000000402068a0       0x30 arch/arm/mach-imx/built-in.o
                0x00000000402068a0                get_arm_core_clk
 .text.mxc_get_clock
                0x00000000402068d0       0xbc arch/arm/mach-imx/built-in.o
                0x00000000402068d0                mxc_get_clock
 .text.imx_get_uartclk
                0x000000004020698c        0x8 arch/arm/mach-imx/built-in.o
                0x000000004020698c                imx_get_uartclk
 .text.enable_usboh3_clk
                0x0000000040206994       0x5c arch/arm/mach-imx/built-in.o
                0x0000000040206994                enable_usboh3_clk
 .text._phytec_get_imx8m_opt
                0x00000000402069f0       0x30 board/phytec/common/built-in.o
                0x00000000402069f0                _phytec_get_imx8m_opt
 .text._phytec_eeprom_data_init
                0x0000000040206a20      0x310 board/phytec/common/built-in.o
                0x0000000040206a20                _phytec_eeprom_data_init
 .text._phytec_eeprom_data_setup
                0x0000000040206d30       0x88 board/phytec/common/built-in.o
                0x0000000040206d30                _phytec_eeprom_data_setup
 .text._phytec_get_imx8m_spi
                0x0000000040206db8       0x4c board/phytec/common/built-in.o
                0x0000000040206db8                _phytec_get_imx8m_spi
 .text._phytec_get_imx8m_eth
                0x0000000040206e04       0x48 board/phytec/common/built-in.o
                0x0000000040206e04                _phytec_get_imx8m_eth
 .text.fdt_disable_node
                0x0000000040206e4c       0xa8 board/phytec/phycore_imx8mm/built-in.o
 .text.add_extension
                0x0000000040206ef4       0x84 board/phytec/phycore_imx8mm/built-in.o
 .text.board_fix_fdt
                0x0000000040206f78       0xb0 board/phytec/phycore_imx8mm/built-in.o
                0x0000000040206f78                board_fix_fdt
 .text.ft_board_setup
                0x0000000040207028       0x50 board/phytec/phycore_imx8mm/built-in.o
                0x0000000040207028                ft_board_setup
 .text.board_usb_init
                0x0000000040207078       0x1c board/phytec/phycore_imx8mm/built-in.o
                0x0000000040207078                board_usb_init
 .text.board_usb_cleanup
                0x0000000040207094       0x1c board/phytec/phycore_imx8mm/built-in.o
                0x0000000040207094                board_usb_cleanup
 .text.board_init
                0x00000000402070b0       0x38 board/phytec/phycore_imx8mm/built-in.o
                0x00000000402070b0                board_init
 .text.board_mmc_get_env_dev
                0x00000000402070e8        0x4 board/phytec/phycore_imx8mm/built-in.o
                0x00000000402070e8                board_mmc_get_env_dev
 .text.board_late_init
                0x00000000402070ec       0x74 board/phytec/phycore_imx8mm/built-in.o
                0x00000000402070ec                board_late_init
 .text.mmc_map_to_kernel_blk
                0x0000000040207160        0x4 board/phytec/phycore_imx8mm/built-in.o
                0x0000000040207160                mmc_map_to_kernel_blk
 .text.board_phys_sdram_size
                0x0000000040207164       0x34 board/phytec/phycore_imx8mm/built-in.o
                0x0000000040207164                board_phys_sdram_size
 .text.extension_board_scan
                0x0000000040207198       0xa8 board/phytec/phycore_imx8mm/built-in.o
                0x0000000040207198                extension_board_scan
 .text.env_get_location
                0x0000000040207240       0x70 board/phytec/phycore_imx8mm/built-in.o
                0x0000000040207240                env_get_location
 .text.do_go_exec
                0x00000000402072b0       0x20 cmd/built-in.o
                0x00000000402072b0                do_go_exec
 .text.do_go    0x00000000402072d0       0x88 cmd/built-in.o
 .text.do_bootm
                0x0000000040207358      0x11c cmd/built-in.o
                0x0000000040207358                do_bootm
 .text.do_bootd
                0x0000000040207474       0x2c cmd/built-in.o
                0x0000000040207474                do_bootd
 .text.image_info
                0x00000000402074a0      0x150 cmd/built-in.o
 .text.do_iminfo
                0x00000000402075f0       0x7c cmd/built-in.o
 .text.bootm_maybe_autostart
                0x000000004020766c       0x74 cmd/built-in.o
                0x000000004020766c                bootm_maybe_autostart
 .text.do_help  0x00000000402076e0       0x44 cmd/built-in.o
 .text.do_panic
                0x0000000040207724       0x24 cmd/built-in.o
 .text.do_version
                0x0000000040207748       0x40 cmd/built-in.o
 .text.blk_common_cmd
                0x0000000040207788      0x330 cmd/built-in.o
                0x0000000040207788                blk_common_cmd
 .text.image_source_script
                0x0000000040207ab8      0x208 cmd/built-in.o
                0x0000000040207ab8                image_source_script
 .text.do_source
                0x0000000040207cc0       0x78 cmd/built-in.o
 .text.bdinfo_print_num_l
                0x0000000040207d38       0x18 cmd/built-in.o
                0x0000000040207d38                bdinfo_print_num_l
 .text.bdinfo_print_num_ll
                0x0000000040207d50       0x18 cmd/built-in.o
                0x0000000040207d50                bdinfo_print_num_ll
 .text.do_bdinfo
                0x0000000040207d68      0x1cc cmd/built-in.o
                0x0000000040207d68                do_bdinfo
 .text.do_blkcache
                0x0000000040207f34       0x84 cmd/built-in.o
 .text.blkc_configure
                0x0000000040207fb8       0x78 cmd/built-in.o
 .text.blkc_show
                0x0000000040208030       0x34 cmd/built-in.o
 .text.efi_clear_bootdev
                0x0000000040208064       0x48 cmd/built-in.o
 .text.do_bootefi_exec
                0x00000000402080ac       0x84 cmd/built-in.o
 .text.efi_set_bootdev
                0x0000000040208130      0x100 cmd/built-in.o
                0x0000000040208130                efi_set_bootdev
 .text.efi_install_fdt
                0x0000000040208230      0x2a8 cmd/built-in.o
                0x0000000040208230                efi_install_fdt
 .text.efi_run_image
                0x00000000402084d8      0x194 cmd/built-in.o
                0x00000000402084d8                efi_run_image
 .text.do_bootefi
                0x000000004020866c      0x11c cmd/built-in.o
 .text.do_booti
                0x0000000040208788      0x21c cmd/built-in.o
                0x0000000040208788                do_booti
 .text.parse_argv
                0x00000000402089a4       0x68 cmd/built-in.o
 .text.do_icache
                0x0000000040208a0c       0x98 cmd/built-in.o
 .text.noncached_set_region
                0x0000000040208aa4        0x4 cmd/built-in.o
                0x0000000040208aa4                noncached_set_region
 .text.do_dcache
                0x0000000040208aa8       0x9c cmd/built-in.o
 .text.show_clks
                0x0000000040208b44      0x128 cmd/built-in.o
 .text.do_clk   0x0000000040208c6c       0x84 cmd/built-in.o
 .text.soc_clk_dump
                0x0000000040208cf0       0x50 cmd/built-in.o
                0x0000000040208cf0                soc_clk_dump
 .text.do_clk_dump
                0x0000000040208d40       0x2c cmd/built-in.o
 .text.do_coninfo
                0x0000000040208d6c       0xdc cmd/built-in.o
 .text.do_dm_dump_devres
                0x0000000040208e48        0x8 cmd/built-in.o
 .text.do_dm    0x0000000040208e50       0x94 cmd/built-in.o
 .text.do_dm_dump_static_driver_info
                0x0000000040208ee4       0x18 cmd/built-in.o
 .text.do_dm_dump_driver_compat
                0x0000000040208efc       0x18 cmd/built-in.o
 .text.do_dm_dump_drivers
                0x0000000040208f14       0x18 cmd/built-in.o
 .text.do_dm_dump_uclass
                0x0000000040208f2c       0x18 cmd/built-in.o
 .text.do_dm_dump_all
                0x0000000040208f44       0x18 cmd/built-in.o
 .text.do_extensionops
                0x0000000040208f5c       0x74 cmd/built-in.o
 .text.do_extension_list
                0x0000000040208fd0       0xc0 cmd/built-in.o
 .text.extension_apply
                0x0000000040209090       0xec cmd/built-in.o
 .text.do_extension_scan
                0x000000004020917c       0x74 cmd/built-in.o
 .text.do_extension_apply
                0x00000000402091f0       0xd8 cmd/built-in.o
 .text.do_echo  0x00000000402092c8       0x94 cmd/built-in.o
 .text.parse_numeric_param
                0x000000004020935c       0x2c cmd/built-in.o
 .text.parse_i2c_bus_addr
                0x0000000040209388       0xac cmd/built-in.o
 .text.eeprom_rw
                0x0000000040209434      0x108 cmd/built-in.o
 .text.eeprom_write_enable
                0x000000004020953c        0x8 cmd/built-in.o
                0x000000004020953c                eeprom_write_enable
 .text.eeprom_read
                0x0000000040209544        0x8 cmd/built-in.o
                0x0000000040209544                eeprom_read
 .text.eeprom_write
                0x000000004020954c       0x64 cmd/built-in.o
                0x000000004020954c                eeprom_write
 .text.do_eeprom
                0x00000000402095b0      0x178 cmd/built-in.o
                0x00000000402095b0                do_eeprom
 .text.do_bootelf
                0x0000000040209728      0x154 cmd/built-in.o
                0x0000000040209728                do_bootelf
 .text.do_bootvx
                0x000000004020987c      0x334 cmd/built-in.o
                0x000000004020987c                do_bootvx
 .text.do_exit  0x0000000040209bb0       0x40 cmd/built-in.o
 .text.do_ext4_size
                0x0000000040209bf0        0x8 cmd/built-in.o
                0x0000000040209bf0                do_ext4_size
 .text.do_ext4_load
                0x0000000040209bf8        0x8 cmd/built-in.o
                0x0000000040209bf8                do_ext4_load
 .text.do_ext4_ls
                0x0000000040209c00        0x8 cmd/built-in.o
                0x0000000040209c00                do_ext4_ls
 .text.do_ext4_write
                0x0000000040209c08        0x8 cmd/built-in.o
                0x0000000040209c08                do_ext4_write
 .text.do_ext2load
                0x0000000040209c10        0x8 cmd/built-in.o
                0x0000000040209c10                do_ext2load
 .text.do_ext2ls
                0x0000000040209c18        0x8 cmd/built-in.o
 .text.do_fat_size
                0x0000000040209c20        0x8 cmd/built-in.o
                0x0000000040209c20                do_fat_size
 .text.do_fat_fsload
                0x0000000040209c28        0x8 cmd/built-in.o
                0x0000000040209c28                do_fat_fsload
 .text.do_fat_ls
                0x0000000040209c30        0x8 cmd/built-in.o
 .text.do_fat_fsinfo
                0x0000000040209c38       0x94 cmd/built-in.o
 .text.do_fat_fswrite
                0x0000000040209ccc        0x8 cmd/built-in.o
 .text.do_fat_rm
                0x0000000040209cd4        0x8 cmd/built-in.o
 .text.do_fat_mkdir
                0x0000000040209cdc        0x8 cmd/built-in.o
 .text.is_printable_string
                0x0000000040209ce4       0x84 cmd/built-in.o
 .text.print_data.part.0
                0x0000000040209d68      0x1e8 cmd/built-in.o
 .text.set_working_fdt_addr
                0x0000000040209f50       0x18 cmd/built-in.o
                0x0000000040209f50                set_working_fdt_addr
 .text.do_fdt   0x0000000040209f68     0x1070 cmd/built-in.o
 .text.do_flinfo
                0x000000004020afd8        0x8 cmd/built-in.o
 .text.do_protect
                0x000000004020afe0        0xc cmd/built-in.o
 .text.do_flerase
                0x000000004020afec        0x8 cmd/built-in.o
 .text.strtou32
                0x000000004020aff4       0x54 cmd/built-in.o
 .text.do_fuse  0x000000004020b048      0x360 cmd/built-in.o
 .text.gpio_get_description
                0x000000004020b3a8       0xdc cmd/built-in.o
 .text.do_gpio  0x000000004020b484      0x3a0 cmd/built-in.o
 .text.do_i2c   0x000000004020b824       0x84 cmd/built-in.o
 .text.i2c_get_cur_bus
                0x000000004020b8a8       0x38 cmd/built-in.o
 .text.do_i2c_bus_speed
                0x000000004020b8e0       0xb0 cmd/built-in.o
 .text.do_i2c_reset
                0x000000004020b990       0x38 cmd/built-in.o
 .text.i2c_get_cur_bus_chip
                0x000000004020b9c8       0x40 cmd/built-in.o
 .text.do_i2c_probe
                0x000000004020ba08       0xcc cmd/built-in.o
 .text.do_i2c_bus_num
                0x000000004020bad4       0xb4 cmd/built-in.o
 .text.show_bus
                0x000000004020bb88       0x98 cmd/built-in.o
 .text.do_i2c_olen
                0x000000004020bc20       0xbc cmd/built-in.o
 .text.do_i2c_flags
                0x000000004020bcdc       0xcc cmd/built-in.o
 .text.do_i2c_show_bus
                0x000000004020bda8       0xc0 cmd/built-in.o
 .text.get_alen.constprop.0
                0x000000004020be68       0x38 cmd/built-in.o
 .text.mod_i2c_mem.part.0
                0x000000004020bea0      0x254 cmd/built-in.o
 .text.do_i2c_nm
                0x000000004020c0f4       0x1c cmd/built-in.o
 .text.do_i2c_mm
                0x000000004020c110       0x1c cmd/built-in.o
 .text.do_i2c_md
                0x000000004020c12c      0x240 cmd/built-in.o
 .text.do_i2c_read
                0x000000004020c36c      0x104 cmd/built-in.o
 .text.do_i2c_mw
                0x000000004020c470      0x140 cmd/built-in.o
 .text.do_i2c_write
                0x000000004020c5b0      0x1e0 cmd/built-in.o
 .text.do_i2c_crc
                0x000000004020c790      0x180 cmd/built-in.o
 .text.do_i2c_loop
                0x000000004020c910      0x150 cmd/built-in.o
 .text.evalexp  0x000000004020ca60       0xa8 cmd/built-in.o
 .text.evalstr  0x000000004020cb08       0x5c cmd/built-in.o
 .text.binary_test
                0x000000004020cb64      0x198 cmd/built-in.o
 .text.do_itest
                0x000000004020ccfc       0x8c cmd/built-in.o
 .text.bin_data_init
                0x000000004020cd88       0x1c cmd/built-in.o
 .text.k_data_save
                0x000000004020cda4       0x34 cmd/built-in.o
 .text.k_data_restore
                0x000000004020cdd8       0x34 cmd/built-in.o
 .text.getcxmodem
                0x000000004020ce0c       0x24 cmd/built-in.o
 .text.bin_data_char
                0x000000004020ce30       0x28 cmd/built-in.o
 .text.chk1.constprop.0
                0x000000004020ce58       0x34 cmd/built-in.o
 .text.s1_sendpacket.constprop.0
                0x000000004020ce8c       0x5c cmd/built-in.o
 .text.load_serial
                0x000000004020cee8      0x1d4 cmd/built-in.o
 .text.do_load_serial
                0x000000004020d0bc       0xe0 cmd/built-in.o
 .text.load_serial_ymodem.isra.0
                0x000000004020d19c      0x10c cmd/built-in.o
 .text.do_load_serial_bin
                0x000000004020d2a8      0x79c cmd/built-in.o
 .text.do_mem_md
                0x000000004020da44       0xf4 cmd/built-in.o
 .text.do_mem_base
                0x000000004020db38       0x4c cmd/built-in.o
 .text.do_random
                0x000000004020db84      0x108 cmd/built-in.o
 .text.do_mem_loop
                0x000000004020dc8c      0x128 cmd/built-in.o
 .text.mod_mem.part.0
                0x000000004020ddb4      0x1b4 cmd/built-in.o
 .text.do_mem_mm
                0x000000004020df68       0x1c cmd/built-in.o
 .text.do_mem_nm
                0x000000004020df84       0x1c cmd/built-in.o
 .text.do_mem_mw
                0x000000004020dfa0      0x108 cmd/built-in.o
 .text.do_mem_cp
                0x000000004020e0a8       0xc0 cmd/built-in.o
 .text.do_mem_cmp
                0x000000004020e168      0x1c8 cmd/built-in.o
 .text.extract_range
                0x000000004020e330       0xfc cmd/built-in.o
 .text.dump_field
                0x000000004020e42c       0x68 cmd/built-in.o
 .text.do_mii   0x000000004020e494      0x854 cmd/built-in.o
 .text.do_mdio  0x000000004020ece8      0x6e8 cmd/built-in.o
 .text.do_sleep
                0x000000004020f3d0       0xf0 cmd/built-in.o
 .text.do_mmcops
                0x000000004020f4c0       0xe8 cmd/built-in.o
 .text.do_mmc_setdsr
                0x000000004020f5a8       0xbc cmd/built-in.o
 .text.init_mmc_device
                0x000000004020f664       0x84 cmd/built-in.o
 .text.do_mmc_rst_func
                0x000000004020f6e8       0xa8 cmd/built-in.o
 .text.do_mmc_rescan
                0x000000004020f790       0x28 cmd/built-in.o
 .text.do_mmc_bootbus
                0x000000004020f7b8       0xc8 cmd/built-in.o
 .text.do_mmc_hwpartition
                0x000000004020f880      0x4f4 cmd/built-in.o
 .text.do_mmc_list
                0x000000004020fd74       0x1c cmd/built-in.o
 .text.do_mmc_dev
                0x000000004020fd90      0x14c cmd/built-in.o
 .text.do_mmc_boot_wp
                0x000000004020fedc       0x68 cmd/built-in.o
 .text.print_mmcinfo
                0x000000004020ff44      0x414 cmd/built-in.o
 .text.do_mmcinfo
                0x0000000040210358       0x60 cmd/built-in.o
 .text.do_mmc_boot_resize
                0x00000000402103b8       0xe0 cmd/built-in.o
 .text.do_mmc_part
                0x0000000040210498       0x64 cmd/built-in.o
 .text.do_mmc_erase
                0x00000000402104fc      0x104 cmd/built-in.o
 .text.do_mmc_write
                0x0000000040210600      0x124 cmd/built-in.o
 .text.do_mmc_read
                0x0000000040210724       0xfc cmd/built-in.o
 .text.do_mmc_partconf
                0x0000000040210820      0x110 cmd/built-in.o
 .text.complete_mtd
                0x0000000040210930       0x24 cmd/built-in.o
 .text.mtd_dump_buf
                0x0000000040210954       0xd0 cmd/built-in.o
 .text.mtd_show_parts
                0x0000000040210a24       0xa4 cmd/built-in.o
 .text.get_mtd_by_name
                0x0000000040210ac8       0x50 cmd/built-in.o
 .text.do_mtd_erase
                0x0000000040210b18      0x1b8 cmd/built-in.o
 .text.do_mtd_list
                0x0000000040210cd0      0x21c cmd/built-in.o
 .text.mtd_name_complete
                0x0000000040210eec      0x110 cmd/built-in.o
 .text.do_mtd_io
                0x0000000040210ffc      0x5dc cmd/built-in.o
 .text.do_mtd   0x00000000402115d8       0xb4 cmd/built-in.o
 .text.do_mtd_bad
                0x000000004021168c       0xc0 cmd/built-in.o
 .text.part_delall
                0x000000004021174c       0x4c cmd/built-in.o
 .text.memsize_parse
                0x0000000040211798       0x70 cmd/built-in.o
 .text.env_get_mtdparts
                0x0000000040211808       0x4c cmd/built-in.o
 .text.memsize_format
                0x0000000040211854       0x58 cmd/built-in.o
 .text.generate_mtdparts_save.constprop.0
                0x00000000402118ac      0x290 cmd/built-in.o
 .text.device_delall.constprop.0
                0x0000000040211b3c       0x6c cmd/built-in.o
 .text.get_mtd_info.constprop.0
                0x0000000040211ba8       0xa8 cmd/built-in.o
 .text.part_validate
                0x0000000040211c50      0x2e0 cmd/built-in.o
 .text.mtd_part_info
                0x0000000040211f30       0xb8 cmd/built-in.o
 .text.index_partitions
                0x0000000040211fe8       0xc8 cmd/built-in.o
 .text.current_save
                0x00000000402120b0       0xc8 cmd/built-in.o
 .text.mtd_devices_init
                0x0000000040212178       0x24 cmd/built-in.o
 .text.device_del
                0x000000004021219c       0x84 cmd/built-in.o
 .text.part_sort_add
                0x0000000040212220      0x124 cmd/built-in.o
 .text.device_find
                0x0000000040212344       0x4c cmd/built-in.o
                0x0000000040212344                device_find
 .text.device_parse
                0x0000000040212390      0x440 cmd/built-in.o
 .text.mtd_id_parse
                0x00000000402127d0      0x144 cmd/built-in.o
                0x00000000402127d0                mtd_id_parse
 .text.find_dev_and_part
                0x0000000040212914      0x1d0 cmd/built-in.o
                0x0000000040212914                find_dev_and_part
 .text.mtdparts_init
                0x0000000040212ae4      0x64c cmd/built-in.o
                0x0000000040212ae4                mtdparts_init
 .text.do_chpart
                0x0000000040213130       0xe0 cmd/built-in.o
 .text.do_mtdparts
                0x0000000040213210      0x5a4 cmd/built-in.o
 .text.mtd_arg_off
                0x00000000402137b4      0x100 cmd/built-in.o
                0x00000000402137b4                mtd_arg_off
 .text.mtd_arg_off_size
                0x00000000402138b4      0x114 cmd/built-in.o
                0x00000000402138b4                mtd_arg_off_size
 .text.netboot_common
                0x00000000402139c8      0x2bc cmd/built-in.o
 .text.do_bootp
                0x0000000040213c84        0xc cmd/built-in.o
 .text.do_dhcp  0x0000000040213c90        0xc cmd/built-in.o
 .text.do_nfs   0x0000000040213c9c        0xc cmd/built-in.o
 .text.do_tftpb
                0x0000000040213ca8       0x58 cmd/built-in.o
                0x0000000040213ca8                do_tftpb
 .text.do_ping  0x0000000040213d00       0x7c cmd/built-in.o
 .text.do_pinmux
                0x0000000040213d7c       0x80 cmd/built-in.o
 .text.do_list  0x0000000040213dfc      0x148 cmd/built-in.o
 .text.show_pinmux
                0x0000000040213f44       0xec cmd/built-in.o
 .text.do_status
                0x0000000040214030      0x3b4 cmd/built-in.o
 .text.do_dev   0x00000000402143e4      0x150 cmd/built-in.o
 .text.show_time
                0x0000000040214534       0x4c cmd/built-in.o
 .text.spi_test_next_stage
                0x0000000040214580       0x50 cmd/built-in.o
 .text.bytes_per_second
                0x00000000402145d0       0x4c cmd/built-in.o
 .text.do_spi_flash
                0x000000004021461c      0xaf8 cmd/built-in.o
 .text.get_arg  0x0000000040215114      0x104 cmd/built-in.o
 .text.substitute
                0x0000000040215218      0x118 cmd/built-in.o
 .text.setexpr_regex_sub
                0x0000000040215330      0x234 cmd/built-in.o
                0x0000000040215330                setexpr_regex_sub
 .text.regex_sub_var.part.0
                0x0000000040215564      0x100 cmd/built-in.o
 .text.regex_sub_var
                0x0000000040215664       0x8c cmd/built-in.o
 .text.do_setexpr
                0x00000000402156f0      0x280 cmd/built-in.o
 .text.do_false
                0x0000000040215970        0x8 cmd/built-in.o
 .text.do_true  0x0000000040215978        0x8 cmd/built-in.o
 .text.do_test  0x0000000040215980      0x360 cmd/built-in.o
 .text.do_unlz4
                0x0000000040215ce0       0xcc cmd/built-in.o
 .text.do_unzip
                0x0000000040215dac       0xbc cmd/built-in.o
 .text.do_gzwrite
                0x0000000040215e68      0x118 cmd/built-in.o
 .text.do_lzmadec
                0x0000000040215f80       0xbc cmd/built-in.o
 .text.usb_get_class_desc
                0x000000004021603c       0xac cmd/built-in.o
 .text.usb_display_class_sub
                0x00000000402160e8      0x18c cmd/built-in.o
 .text.usb_display_desc
                0x0000000040216274      0x14c cmd/built-in.o
 .text.usb_show_tree_graph
                0x00000000402163c0      0x230 cmd/built-in.o
 .text.usb_show_subtree
                0x00000000402165f0       0x38 cmd/built-in.o
 .text.usb_for_each_root_dev
                0x0000000040216628       0x68 cmd/built-in.o
 .text.usb_display_string
                0x0000000040216690       0x4c cmd/built-in.o
 .text.usb_display_config
                0x00000000402166dc      0x254 cmd/built-in.o
 .text.usb_show_info
                0x0000000040216930       0x78 cmd/built-in.o
 .text.usb_find_device
                0x00000000402169a8       0xb0 cmd/built-in.o
 .text.do_usbboot
                0x0000000040216a58        0xc cmd/built-in.o
 .text.do_usb_start
                0x0000000040216a64       0x30 cmd/built-in.o
 .text.usb_show_tree
                0x0000000040216a94        0xc cmd/built-in.o
                0x0000000040216a94                usb_show_tree
 .text.do_usb   0x0000000040216aa0      0x3ec cmd/built-in.o
 .text.common_diskboot
                0x0000000040216e8c      0x29c cmd/built-in.o
                0x0000000040216e8c                common_diskboot
 .text.do_fastboot
                0x0000000040217128      0x208 cmd/built-in.o
 .text.do_imgextract
                0x0000000040217330      0x3f0 cmd/built-in.o
 .text.del_gpt_info
                0x0000000040217720       0x48 cmd/built-in.o
 .text.extract_val
                0x0000000040217768       0xa0 cmd/built-in.o
 .text.calc_parts_list_len
                0x0000000040217808       0xa4 cmd/built-in.o
 .text.extract_env
                0x00000000402178ac       0xf8 cmd/built-in.o
 .text.gpt_enumerate
                0x00000000402179a4      0x13c cmd/built-in.o
 .text.get_gpt_info
                0x0000000040217ae0      0x120 cmd/built-in.o
 .text.create_gpt_partitions_list.constprop.0
                0x0000000040217c00      0x140 cmd/built-in.o
 .text.set_gpt_info
                0x0000000040217d40      0x3fc cmd/built-in.o
 .text.print_gpt_info
                0x000000004021813c       0xf8 cmd/built-in.o
 .text.do_gpt   0x0000000040218234      0x774 cmd/built-in.o
 .text.do_regulator
                0x00000000402189a8       0x80 cmd/built-in.o
 .text.failure  0x0000000040218a28       0x2c cmd/built-in.o
 .text.curr_dev_and_plat
                0x0000000040218a54       0xa0 cmd/built-in.o
 .text.do_disable
                0x0000000040218af4       0x68 cmd/built-in.o
 .text.do_enable
                0x0000000040218b5c       0x68 cmd/built-in.o
 .text.do_mode  0x0000000040218bc4       0xd0 cmd/built-in.o
 .text.do_current
                0x0000000040218c94      0x104 cmd/built-in.o
 .text.do_value
                0x0000000040218d98      0x140 cmd/built-in.o
 .text.constraint.isra.0
                0x0000000040218ed8       0x84 cmd/built-in.o
 .text.do_info  0x0000000040218f5c      0x1d4 cmd/built-in.o
 .text.do_env_delete
                0x0000000040219130       0xc4 cmd/built-in.o
 .text.do_env_save
                0x00000000402191f4       0x1c cmd/built-in.o
 .text.do_env   0x0000000040219210       0x84 cmd/built-in.o
 .text.env_print
                0x0000000040219294       0xc4 cmd/built-in.o
 .text.do_env_print
                0x0000000040219358       0xe0 cmd/built-in.o
 .text.do_env_import
                0x0000000040219438      0x2a8 cmd/built-in.o
 .text.do_env_default
                0x00000000402196e0       0x98 cmd/built-in.o
 .text.do_env_exists
                0x0000000040219778       0x60 cmd/built-in.o
 .text._do_env_set.constprop.0
                0x00000000402197d8      0x1bc cmd/built-in.o
 .text.do_env_set
                0x0000000040219994       0x20 cmd/built-in.o
 .text.env_get_id
                0x00000000402199b4        0xc cmd/built-in.o
                0x00000000402199b4                env_get_id
 .text.env_set  0x00000000402199c0       0x58 cmd/built-in.o
                0x00000000402199c0                env_set
 .text.env_set_ulong
                0x0000000040219a18       0x2c cmd/built-in.o
                0x0000000040219a18                env_set_ulong
 .text.env_set_hex
                0x0000000040219a44       0x3c cmd/built-in.o
                0x0000000040219a44                env_set_hex
 .text.do_env_export
                0x0000000040219a80      0x230 cmd/built-in.o
 .text.env_match
                0x0000000040219cb0       0x7c cmd/built-in.o
                0x0000000040219cb0                env_match
 .text.env_get_f
                0x0000000040219d2c      0x100 cmd/built-in.o
                0x0000000040219d2c                env_get_f
 .text.env_get  0x0000000040219e2c       0x80 cmd/built-in.o
                0x0000000040219e2c                env_get
 .text.env_get_hex
                0x0000000040219eac       0x44 cmd/built-in.o
                0x0000000040219eac                env_get_hex
 .text.eth_env_get_enetaddr
                0x0000000040219ef0       0x68 cmd/built-in.o
                0x0000000040219ef0                eth_env_get_enetaddr
 .text.eth_env_set_enetaddr
                0x0000000040219f58       0x54 cmd/built-in.o
                0x0000000040219f58                eth_env_set_enetaddr
 .text.env_get_ulong
                0x0000000040219fac       0x40 cmd/built-in.o
                0x0000000040219fac                env_get_ulong
 .text.do_env_edit.part.0
                0x0000000040219fec       0xb4 cmd/built-in.o
 .text.do_env_edit
                0x000000004021a0a0       0x28 cmd/built-in.o
 .text.board_init_f_alloc_reserve
                0x000000004021a0c8       0x10 common/built-in.o
                0x000000004021a0c8                board_init_f_alloc_reserve
 .text.board_init_f_init_reserve
                0x000000004021a0d8       0x30 common/built-in.o
                0x000000004021a0d8                board_init_f_init_reserve
 .text.show_boot_progress
                0x000000004021a108        0x4 common/built-in.o
                0x000000004021a108                show_boot_progress
 .text.main_loop
                0x000000004021a10c       0x4c common/built-in.o
                0x000000004021a10c                main_loop
 .text.mdelay   0x000000004021a158        0xc common/built-in.o
 .text.dummy    0x000000004021a164        0x4 common/built-in.o
 .text.get_version
                0x000000004021a168        0x8 common/built-in.o
                0x000000004021a168                get_version
 .text.jumptable_init
                0x000000004021a170      0x1ec common/built-in.o
                0x000000004021a170                jumptable_init
 .text.b_reset  0x000000004021a35c       0x18 common/built-in.o
 .text.static_get
                0x000000004021a374       0x1c common/built-in.o
 .text.static_peek
                0x000000004021a390        0xc common/built-in.o
 .text.mapset   0x000000004021a39c       0x20 common/built-in.o
 .text.syntax_err
                0x000000004021a3bc        0xc common/built-in.o
 .text.xmalloc  0x000000004021a3c8       0x28 common/built-in.o
 .text.new_pipe
                0x000000004021a3f0       0x24 common/built-in.o
 .text.xrealloc
                0x000000004021a414       0x28 common/built-in.o
 .text.is_assignment
                0x000000004021a43c       0x50 common/built-in.o
 .text.do_showvar
                0x000000004021a48c      0x10c common/built-in.o
 .text.b_addchr
                0x000000004021a598       0x94 common/built-in.o
 .text.done_command.isra.0
                0x000000004021a62c       0x90 common/built-in.o
 .text.done_pipe.isra.0
                0x000000004021a6bc       0x50 common/built-in.o
 .text.done_word
                0x000000004021a70c      0x2a0 common/built-in.o
 .text.free_pipe_list.isra.0
                0x000000004021a9ac       0xd0 common/built-in.o
 .text.file_get
                0x000000004021aa7c      0x1e4 common/built-in.o
 .text.b_addqchr.isra.0
                0x000000004021ac60       0x58 common/built-in.o
 .text.file_peek
                0x000000004021acb8        0xc common/built-in.o
 .text.get_local_var
                0x000000004021acc4       0x9c common/built-in.o
                0x000000004021acc4                get_local_var
 .text.set_local_var
                0x000000004021ad60      0x188 common/built-in.o
                0x000000004021ad60                set_local_var
 .text.insert_var_value_sub
                0x000000004021aee8      0x2b0 common/built-in.o
 .text.parse_string_outer
                0x000000004021b198       0xe4 common/built-in.o
                0x000000004021b198                parse_string_outer
 .text.run_list_real
                0x000000004021b27c      0x724 common/built-in.o
 .text.parse_stream_outer
                0x000000004021b9a0      0x66c common/built-in.o
 .text.parse_file_outer
                0x000000004021c00c       0x40 common/built-in.o
                0x000000004021c00c                parse_file_outer
 .text.u_boot_hush_start
                0x000000004021c04c       0x58 common/built-in.o
                0x000000004021c04c                u_boot_hush_start
 .text.bootdelay_process
                0x000000004021c0a4      0x1a0 common/built-in.o
                0x000000004021c0a4                bootdelay_process
 .text.autoboot_command
                0x000000004021c244      0x120 common/built-in.o
                0x000000004021c244                autoboot_command
 .text.log_init
                0x000000004021c364       0x10 common/built-in.o
 .text.display_text_info
                0x000000004021c374        0x8 common/built-in.o
 .text.setup_mon_len
                0x000000004021c37c       0x20 common/built-in.o
 .text.reserve_round_4k
                0x000000004021c39c       0x14 common/built-in.o
 .text.reserve_uboot
                0x000000004021c3b0       0x38 common/built-in.o
 .text.reserve_malloc
                0x000000004021c3e8       0x1c common/built-in.o
 .text.checkcpu
                0x000000004021c404        0x8 common/built-in.o
                0x000000004021c404                checkcpu
 .text.init_func_watchdog_reset
                0x000000004021c40c       0x18 common/built-in.o
                0x000000004021c40c                init_func_watchdog_reset
 .text.setup_reloc
                0x000000004021c424       0x48 common/built-in.o
 .text.reloc_fdt
                0x000000004021c46c       0x4c common/built-in.o
 .text.fix_fdt  0x000000004021c4b8        0x8 common/built-in.o
 .text.announce_dram_init
                0x000000004021c4c0       0x20 common/built-in.o
 .text.init_func_watchdog_init
                0x000000004021c4e0       0x28 common/built-in.o
 .text.print_resetinfo
                0x000000004021c508       0x48 common/built-in.o
 .text.init_baud_rate
                0x000000004021c550       0x30 common/built-in.o
 .text.initf_dm
                0x000000004021c580        0x8 common/built-in.o
 .text.initf_bootstage
                0x000000004021c588       0x1c common/built-in.o
 .text.clear_bss
                0x000000004021c5a4        0x8 common/built-in.o
                0x000000004021c5a4                clear_bss
 .text.setup_spl_handoff
                0x000000004021c5ac        0x8 common/built-in.o
 .text.mach_cpu_init
                0x000000004021c5b4        0x8 common/built-in.o
                0x000000004021c5b4                mach_cpu_init
 .text.reserve_video
                0x000000004021c5bc        0x8 common/built-in.o
 .text.reserve_trace
                0x000000004021c5c4        0x8 common/built-in.o
 .text.reserve_bootstage
                0x000000004021c5cc        0x8 common/built-in.o
 .text.reserve_bloblist
                0x000000004021c5d4        0x8 common/built-in.o
 .text.display_new_sp
                0x000000004021c5dc        0x8 common/built-in.o
 .text.reloc_bootstage
                0x000000004021c5e4        0x8 common/built-in.o
 .text.reloc_bloblist
                0x000000004021c5ec        0x8 common/built-in.o
 .text.reserve_arch
                0x000000004021c5f4        0x8 common/built-in.o
                0x000000004021c5f4                reserve_arch
 .text.reserve_board
                0x000000004021c5fc       0x4c common/built-in.o
 .text.reserve_fdt
                0x000000004021c648       0x48 common/built-in.o
 .text.reserve_global_data
                0x000000004021c690       0x20 common/built-in.o
 .text.board_add_ram_info
                0x000000004021c6b0        0x4 common/built-in.o
                0x000000004021c6b0                board_add_ram_info
 .text.show_dram_config
                0x000000004021c6b4       0x58 common/built-in.o
 .text.setup_dest_addr
                0x000000004021c70c       0x4c common/built-in.o
 .text.reserve_stacks
                0x000000004021c758       0x14 common/built-in.o
 .text.arch_setup_bdinfo
                0x000000004021c76c        0x8 common/built-in.o
                0x000000004021c76c                arch_setup_bdinfo
 .text.setup_bdinfo
                0x000000004021c774        0xc common/built-in.o
                0x000000004021c774                setup_bdinfo
 .text.board_init_f
                0x000000004021c780       0x7c common/built-in.o
                0x000000004021c780                board_init_f
 .text.cpu_secondary_init_r
                0x000000004021c7fc        0x8 common/built-in.o
                0x000000004021c7fc                cpu_secondary_init_r
 .text.initr_trace
                0x000000004021c804        0x8 common/built-in.o
 .text.initr_reloc
                0x000000004021c80c       0x18 common/built-in.o
 .text.run_main_loop
                0x000000004021c824       0x10 common/built-in.o
 .text.initr_check_fastboot
                0x000000004021c834       0x18 common/built-in.o
 .text.initr_net
                0x000000004021c84c       0x24 common/built-in.o
 .text.initr_fastboot_setup
                0x000000004021c870       0x18 common/built-in.o
 .text.initr_ethaddr
                0x000000004021c888       0x28 common/built-in.o
 .text.initr_env
                0x000000004021c8b0       0x74 common/built-in.o
 .text.initr_mmc
                0x000000004021c924       0x28 common/built-in.o
 .text.initr_dm
                0x000000004021c94c       0x14 common/built-in.o
 .text.initr_bootstage
                0x000000004021c960       0x1c common/built-in.o
 .text.initr_malloc
                0x000000004021c97c       0x28 common/built-in.o
 .text.initr_reloc_global_data
                0x000000004021c9a4       0x50 common/built-in.o
 .text.initr_caches
                0x000000004021c9f4       0x18 common/built-in.o
 .text.arch_initr_trap
                0x000000004021ca0c        0x8 common/built-in.o
                0x000000004021ca0c                arch_initr_trap
 .text.initr_barrier
                0x000000004021ca14        0x8 common/built-in.o
 .text.initr_of_live
                0x000000004021ca1c        0x8 common/built-in.o
 .text.initr_dm_devices
                0x000000004021ca24        0x8 common/built-in.o
 .text.power_init_board
                0x000000004021ca2c        0x8 common/built-in.o
                0x000000004021ca2c                power_init_board
 .text.initr_announce
                0x000000004021ca34        0x8 common/built-in.o
 .text.initr_binman
                0x000000004021ca3c        0x8 common/built-in.o
 .text.board_init_r
                0x000000004021ca44       0x70 common/built-in.o
                0x000000004021ca44                board_init_r
 .text.checkboard
                0x000000004021cab4        0x8 common/built-in.o
                0x000000004021cab4                checkboard
 .text.show_board_info
                0x000000004021cabc       0x3c common/built-in.o
                0x000000004021cabc                show_board_info
 .text.bootm_find_images
                0x000000004021caf8      0x190 common/built-in.o
                0x000000004021caf8                bootm_find_images
 .text.bootm_disable_interrupts
                0x000000004021cc88       0x28 common/built-in.o
                0x000000004021cc88                bootm_disable_interrupts
 .text.do_bootm_states
                0x000000004021ccb0      0x958 common/built-in.o
                0x000000004021ccb0                do_bootm_states
 .text.copy_args
                0x000000004021d608       0x6c common/built-in.o
 .text.do_bootm_efi
                0x000000004021d674       0xbc common/built-in.o
 .text.do_bootm_plan9
                0x000000004021d730       0xc0 common/built-in.o
 .text.do_bootm_netbsd
                0x000000004021d7f0      0x120 common/built-in.o
 .text.do_bootm_vxworks
                0x000000004021d910      0x214 common/built-in.o
                0x000000004021d910                do_bootm_vxworks
 .text.do_bootm_qnxelf
                0x000000004021db24       0x8c common/built-in.o
 .text.do_bootm_standalone
                0x000000004021dbb0       0x74 common/built-in.o
 .text.do_bootm_rtems
                0x000000004021dc24       0x60 common/built-in.o
 .text.board_preboot_os
                0x000000004021dc84        0x4 common/built-in.o
                0x000000004021dc84                board_preboot_os
 .text.boot_selected_os
                0x000000004021dc88       0x7c common/built-in.o
                0x000000004021dc88                boot_selected_os
 .text.bootm_os_get_boot_func
                0x000000004021dd04       0x10 common/built-in.o
                0x000000004021dd04                bootm_os_get_boot_func
 .text.of_bus_default_map
                0x000000004021dd14       0xa8 common/built-in.o
 .text.fdt_pack_reg
                0x000000004021ddbc       0xd8 common/built-in.o
 .text.fdt_del_partitions
                0x000000004021de94      0x104 common/built-in.o
 .text.of_bus_default_translate
                0x000000004021df98       0xb8 common/built-in.o
 .text.fdt_support_default_count_cells
                0x000000004021e050       0x70 common/built-in.o
                0x000000004021e050                fdt_support_default_count_cells
 .text.__of_translate_address
                0x000000004021e0c0      0x27c common/built-in.o
 .text.fdt_getprop_u32_default_node
                0x000000004021e33c       0x4c common/built-in.o
                0x000000004021e33c                fdt_getprop_u32_default_node
 .text.fdt_find_and_setprop
                0x000000004021e388       0x94 common/built-in.o
                0x000000004021e388                fdt_find_and_setprop
 .text.fdt_find_or_add_subnode
                0x000000004021e41c       0x74 common/built-in.o
                0x000000004021e41c                fdt_find_or_add_subnode
 .text.fdt_root
                0x000000004021e490       0x98 common/built-in.o
                0x000000004021e490                fdt_root
 .text.fdt_initrd
                0x000000004021e528      0x1b4 common/built-in.o
                0x000000004021e528                fdt_initrd
 .text.fdt_chosen
                0x000000004021e6dc       0xbc common/built-in.o
                0x000000004021e6dc                fdt_chosen
 .text.do_fixup_by_path
                0x000000004021e798       0x4c common/built-in.o
                0x000000004021e798                do_fixup_by_path
 .text.fdt_fixup_memory_banks
                0x000000004021e7e4      0x188 common/built-in.o
                0x000000004021e7e4                fdt_fixup_memory_banks
 .text.fdt_fixup_memory
                0x000000004021e96c       0x24 common/built-in.o
                0x000000004021e96c                fdt_fixup_memory
 .text.fdt_fixup_ethernet
                0x000000004021e990      0x1ac common/built-in.o
                0x000000004021e990                fdt_fixup_ethernet
 .text.fdt_shrink_to_minimum
                0x000000004021eb3c       0xdc common/built-in.o
                0x000000004021eb3c                fdt_shrink_to_minimum
 .text.fdt_increase_size
                0x000000004021ec18       0x14 common/built-in.o
                0x000000004021ec18                fdt_increase_size
 .text.fdt_fixup_mtdparts
                0x000000004021ec2c      0x354 common/built-in.o
                0x000000004021ec2c                fdt_fixup_mtdparts
 .text.fdt_translate_address
                0x000000004021ef80        0xc common/built-in.o
                0x000000004021ef80                fdt_translate_address
 .text.fdt_set_node_status
                0x000000004021ef8c       0xf4 common/built-in.o
                0x000000004021ef8c                fdt_set_node_status
 .text.fdt_overlay_apply_verbose
                0x000000004021f080       0x80 common/built-in.o
                0x000000004021f080                fdt_overlay_apply_verbose
 .text.fdt_valid
                0x000000004021f100       0xcc common/built-in.o
                0x000000004021f100                fdt_valid
 .text.miiphy_get_dev_by_name
                0x000000004021f1cc       0x68 common/built-in.o
                0x000000004021f1cc                miiphy_get_dev_by_name
 .text.miiphy_init
                0x000000004021f234       0x1c common/built-in.o
                0x000000004021f234                miiphy_init
 .text.mdio_alloc
                0x000000004021f250       0x3c common/built-in.o
                0x000000004021f250                mdio_alloc
 .text.mdio_free
                0x000000004021f28c        0x4 common/built-in.o
                0x000000004021f28c                mdio_free
 .text.mdio_register
                0x000000004021f290       0x8c common/built-in.o
                0x000000004021f290                mdio_register
 .text.mdio_unregister
                0x000000004021f31c       0x30 common/built-in.o
                0x000000004021f31c                mdio_unregister
 .text.mdio_list_devices
                0x000000004021f34c       0xc8 common/built-in.o
                0x000000004021f34c                mdio_list_devices
 .text.miiphy_set_current_dev
                0x000000004021f414       0x48 common/built-in.o
                0x000000004021f414                miiphy_set_current_dev
 .text.miiphy_get_active_dev
                0x000000004021f45c       0x60 common/built-in.o
 .text.mdio_get_current_dev
                0x000000004021f4bc        0xc common/built-in.o
                0x000000004021f4bc                mdio_get_current_dev
 .text.mdio_phydev_for_ethname
                0x000000004021f4c8       0xa0 common/built-in.o
                0x000000004021f4c8                mdio_phydev_for_ethname
 .text.miiphy_get_current_dev
                0x000000004021f568       0x14 common/built-in.o
                0x000000004021f568                miiphy_get_current_dev
 .text.miiphy_read
                0x000000004021f57c       0x5c common/built-in.o
                0x000000004021f57c                miiphy_read
 .text.miiphy_write
                0x000000004021f5d8       0x60 common/built-in.o
                0x000000004021f5d8                miiphy_write
 .text.miiphy_listdev
                0x000000004021f638       0x90 common/built-in.o
                0x000000004021f638                miiphy_listdev
 .text.miiphy_info
                0x000000004021f6c8       0xa0 common/built-in.o
                0x000000004021f6c8                miiphy_info
 .text.miiphy_is_1000base_x
                0x000000004021f768       0x40 common/built-in.o
                0x000000004021f768                miiphy_is_1000base_x
 .text.miiphy_speed
                0x000000004021f7a8      0x11c common/built-in.o
                0x000000004021f7a8                miiphy_speed
 .text.miiphy_duplex
                0x000000004021f8c4      0x140 common/built-in.o
                0x000000004021f8c4                miiphy_duplex
 .text.usb_set_maxpacket_ep
                0x000000004021fa04       0x84 common/built-in.o
 .text.usb_int_msg
                0x000000004021fa88        0x4 common/built-in.o
                0x000000004021fa88                usb_int_msg
 .text.usb_control_msg
                0x000000004021fa8c       0xa0 common/built-in.o
                0x000000004021fa8c                usb_control_msg
 .text.usb_get_descriptor
                0x000000004021fb2c       0x5c common/built-in.o
 .text.get_descriptor_len
                0x000000004021fb88       0xa4 common/built-in.o
 .text.usb_setup_descriptor
                0x000000004021fc2c       0xec common/built-in.o
 .text.usb_get_string
                0x000000004021fd18       0xa4 common/built-in.o
 .text.usb_string_sub
                0x000000004021fdbc      0x114 common/built-in.o
 .text.usb_bulk_msg
                0x000000004021fed0       0x80 common/built-in.o
                0x000000004021fed0                usb_bulk_msg
 .text.usb_maxpacket
                0x000000004021ff50       0x1c common/built-in.o
                0x000000004021ff50                usb_maxpacket
 .text.usb_clear_halt
                0x000000004021ff6c       0x9c common/built-in.o
                0x000000004021ff6c                usb_clear_halt
 .text.usb_get_configuration_len
                0x0000000040220008       0x78 common/built-in.o
                0x0000000040220008                usb_get_configuration_len
 .text.usb_get_configuration_no
                0x0000000040220080       0x40 common/built-in.o
                0x0000000040220080                usb_get_configuration_no
 .text.usb_set_interface
                0x00000000402200c0       0xb0 common/built-in.o
                0x00000000402200c0                usb_set_interface
 .text.usb_string
                0x0000000040220170      0x118 common/built-in.o
                0x0000000040220170                usb_string
 .text.usb_select_config
                0x0000000040220288      0x4b4 common/built-in.o
                0x0000000040220288                usb_select_config
 .text.usb_setup_device
                0x000000004022073c      0x114 common/built-in.o
                0x000000004022073c                usb_setup_device
 .text.usb_device_has_child_on_port
                0x0000000040220850        0x8 common/built-in.o
                0x0000000040220850                usb_device_has_child_on_port
 .text.usb_find_usb2_hub_address_port
                0x0000000040220858       0x90 common/built-in.o
                0x0000000040220858                usb_find_usb2_hub_address_port
 .text.usb_set_port_feature
                0x00000000402208e8       0x4c common/built-in.o
 .text.usb_get_hub_descriptor
                0x0000000040220934       0x64 common/built-in.o
 .text.usb_clear_port_feature.isra.0
                0x0000000040220998       0x4c common/built-in.o
 .text.usb_hub_reset_devices
                0x00000000402209e4        0x4 common/built-in.o
                0x00000000402209e4                usb_hub_reset_devices
 .text.usb_hub_is_root_hub
                0x00000000402209e8       0x20 common/built-in.o
                0x00000000402209e8                usb_hub_is_root_hub
 .text.usb_get_port_status
                0x0000000040220a08       0xc8 common/built-in.o
                0x0000000040220a08                usb_get_port_status
 .text.usb_hub_port_connect_change
                0x0000000040220ad0      0x180 common/built-in.o
                0x0000000040220ad0                usb_hub_port_connect_change
 .text.usb_hub_configure
                0x0000000040220c50      0x5a0 common/built-in.o
 .text.usb_hub_scan
                0x00000000402211f0       0x14 common/built-in.o
                0x00000000402211f0                usb_hub_scan
 .text.usb_hub_post_probe
                0x0000000040221204        0x4 common/built-in.o
 .text.usb_stor_irq
                0x0000000040221208       0x18 common/built-in.o
 .text.usb_stor_BBB_reset
                0x0000000040221220       0xec common/built-in.o
 .text.usb_stor_CB_reset
                0x000000004022130c       0xdc common/built-in.o
 .text.usb_stor_CB_comdat
                0x00000000402213e8      0x1ec common/built-in.o
 .text.usb_stor_CBI_get_status
                0x00000000402215d4       0xd4 common/built-in.o
 .text.usb_stor_CB_transport
                0x00000000402216a8      0x1f8 common/built-in.o
 .text.usb_request_sense.constprop.0.isra.0
                0x00000000402218a0       0x88 common/built-in.o
 .text.usb_stor_write
                0x0000000040221928      0x19c common/built-in.o
 .text.usb_stor_read
                0x0000000040221ac4      0x19c common/built-in.o
 .text.usb_stor_BBB_clear_endpt_stall.isra.0
                0x0000000040221c60       0x4c common/built-in.o
 .text.usb_stor_BBB_transport
                0x0000000040221cac      0x248 common/built-in.o
 .text.usb_stor_info
                0x0000000040221ef4       0x88 common/built-in.o
                0x0000000040221ef4                usb_stor_info
 .text.usb_stor_reset
                0x0000000040221f7c        0xc common/built-in.o
                0x0000000040221f7c                usb_stor_reset
 .text.usb_stor_scan
                0x0000000040221f88       0x4c common/built-in.o
                0x0000000040221f88                usb_stor_scan
 .text.usb_storage_probe
                0x0000000040221fd4      0x25c common/built-in.o
                0x0000000040221fd4                usb_storage_probe
 .text.usb_stor_get_info
                0x0000000040222230      0x2e4 common/built-in.o
                0x0000000040222230                usb_stor_get_info
 .text.usb_mass_storage_probe
                0x0000000040222514      0x18c common/built-in.o
 .text.iomux_match_device
                0x00000000402226a0       0x30 common/built-in.o
                0x00000000402226a0                iomux_match_device
 .text.iomux_doenv
                0x00000000402226d0      0x1d4 common/built-in.o
                0x00000000402226d0                iomux_doenv
 .text.cread_add_char
                0x00000000402228a4      0x100 common/built-in.o
 .text.delete_char
                0x00000000402229a4      0x108 common/built-in.o
 .text.cli_readline_into_buffer
                0x0000000040222aac      0x8d8 common/built-in.o
                0x0000000040222aac                cli_readline_into_buffer
 .text.cli_readline
                0x0000000040223384       0x14 common/built-in.o
                0x0000000040223384                cli_readline
 .text.console_tstc
                0x0000000040223398       0xb0 common/built-in.o
 .text.console_putc
                0x0000000040223448       0x78 common/built-in.o
 .text.console_puts
                0x00000000402234c0       0x78 common/built-in.o
 .text.on_console
                0x0000000040223538       0xc0 common/built-in.o
 .text.console_needs_start_stop
                0x00000000402235f8       0x78 common/built-in.o
 .text.serial_printf
                0x0000000040223670       0x88 common/built-in.o
                0x0000000040223670                serial_printf
 .text.puts     0x00000000402236f8       0x28 common/built-in.o
                0x00000000402236f8                puts
 .text.putc     0x0000000040223720       0x2c common/built-in.o
                0x0000000040223720                putc
 .text.tstc     0x000000004022374c       0x24 common/built-in.o
                0x000000004022374c                tstc
 .text.fgetc.part.0
                0x0000000040223770       0x54 common/built-in.o
 .text.getchar  0x00000000402237c4       0x24 common/built-in.o
                0x00000000402237c4                getchar
 .text.console_start
                0x00000000402237e8       0x48 common/built-in.o
                0x00000000402237e8                console_start
 .text.console_stop
                0x0000000040223830       0x44 common/built-in.o
                0x0000000040223830                console_stop
 .text.fputs    0x0000000040223874       0x10 common/built-in.o
                0x0000000040223874                fputs
 .text.ctrlc    0x0000000040223884       0x54 common/built-in.o
                0x0000000040223884                ctrlc
 .text.confirm_yesno
                0x00000000402238d8       0xd8 common/built-in.o
                0x00000000402238d8                confirm_yesno
 .text.disable_ctrlc
                0x00000000402239b0       0x14 common/built-in.o
                0x00000000402239b0                disable_ctrlc
 .text.had_ctrlc
                0x00000000402239c4        0xc common/built-in.o
                0x00000000402239c4                had_ctrlc
 .text.clear_ctrlc
                0x00000000402239d0        0xc common/built-in.o
                0x00000000402239d0                clear_ctrlc
 .text.console_search_dev
                0x00000000402239dc       0x34 common/built-in.o
                0x00000000402239dc                console_search_dev
 .text.console_assign
                0x0000000040223a10       0xd4 common/built-in.o
                0x0000000040223a10                console_assign
 .text.console_init_f
                0x0000000040223ae4       0x18 common/built-in.o
                0x0000000040223ae4                console_init_f
 .text.stdio_print_current_devices
                0x0000000040223afc       0xbc common/built-in.o
                0x0000000040223afc                stdio_print_current_devices
 .text.console_init_r
                0x0000000040223bb8      0x1a4 common/built-in.o
                0x0000000040223bb8                console_init_r
 .text.sbrk     0x0000000040223d5c       0x74 common/built-in.o
                0x0000000040223d5c                sbrk
 .text.mem_malloc_init
                0x0000000040223dd0       0x28 common/built-in.o
                0x0000000040223dd0                mem_malloc_init
 .text.malloc_trim
                0x0000000040223df8       0xd8 common/built-in.o
                0x0000000040223df8                malloc_trim
 .text.free     0x0000000040223ed0      0x21c common/built-in.o
                0x0000000040223ed0                free
 .text.malloc   0x00000000402240ec      0x62c common/built-in.o
                0x00000000402240ec                malloc
 .text.calloc   0x0000000040224718       0xdc common/built-in.o
                0x0000000040224718                calloc
 .text.realloc  0x00000000402247f4      0x460 common/built-in.o
                0x00000000402247f4                realloc
 .text.memalign
                0x0000000040224c54      0x1b0 common/built-in.o
                0x0000000040224c54                memalign
 .text.initf_malloc
                0x0000000040224e04       0x18 common/built-in.o
                0x0000000040224e04                initf_malloc
 .text.alloc_simple
                0x0000000040224e1c       0x6c common/built-in.o
 .text.malloc_simple
                0x0000000040224e88        0x8 common/built-in.o
                0x0000000040224e88                malloc_simple
 .text.memalign_simple
                0x0000000040224e90       0x10 common/built-in.o
                0x0000000040224e90                memalign_simple
 .text.on_loadaddr
                0x0000000040224ea0       0x3c common/built-in.o
 .text.image_check_hcrc
                0x0000000040224edc       0x50 common/built-in.o
                0x0000000040224edc                image_check_hcrc
 .text.image_check_dcrc
                0x0000000040224f2c       0x44 common/built-in.o
                0x0000000040224f2c                image_check_dcrc
 .text.image_multi_count
                0x0000000040224f70       0x20 common/built-in.o
                0x0000000040224f70                image_multi_count
 .text.image_multi_getimg
                0x0000000040224f90       0x84 common/built-in.o
                0x0000000040224f90                image_multi_getimg
 .text.image_decomp_type
                0x0000000040225014       0x58 common/built-in.o
                0x0000000040225014                image_decomp_type
 .text.env_get_bootm_low
                0x000000004022506c       0x34 common/built-in.o
                0x000000004022506c                env_get_bootm_low
 .text.env_get_bootm_size
                0x00000000402250a0       0x88 common/built-in.o
                0x00000000402250a0                env_get_bootm_size
 .text.env_get_bootm_mapsize
                0x0000000040225128       0x30 common/built-in.o
                0x0000000040225128                env_get_bootm_mapsize
 .text.memmove_wd
                0x0000000040225158       0x98 common/built-in.o
                0x0000000040225158                memmove_wd
 .text.genimg_print_size
                0x00000000402251f0       0x38 common/built-in.o
                0x00000000402251f0                genimg_print_size
 .text.get_table_entry
                0x0000000040225228       0x20 common/built-in.o
                0x0000000040225228                get_table_entry
 .text.get_table_entry_name
                0x0000000040225248       0x28 common/built-in.o
                0x0000000040225248                get_table_entry_name
 .text.genimg_get_os_name
                0x0000000040225270       0x18 common/built-in.o
                0x0000000040225270                genimg_get_os_name
 .text.genimg_get_arch_name
                0x0000000040225288       0x18 common/built-in.o
                0x0000000040225288                genimg_get_arch_name
 .text.genimg_get_type_name
                0x00000000402252a0       0x18 common/built-in.o
                0x00000000402252a0                genimg_get_type_name
 .text.image_decomp
                0x00000000402252b8      0x174 common/built-in.o
                0x00000000402252b8                image_decomp
 .text.genimg_get_comp_name
                0x000000004022542c       0x18 common/built-in.o
                0x000000004022542c                genimg_get_comp_name
 .text.image_print_contents
                0x0000000040225444      0x1d4 common/built-in.o
                0x0000000040225444                image_print_contents
 .text.get_table_entry_id
                0x0000000040225618       0x50 common/built-in.o
                0x0000000040225618                get_table_entry_id
 .text.genimg_get_os_id
                0x0000000040225668       0x18 common/built-in.o
                0x0000000040225668                genimg_get_os_id
 .text.genimg_get_arch_id
                0x0000000040225680       0x18 common/built-in.o
                0x0000000040225680                genimg_get_arch_id
 .text.genimg_get_type_id
                0x0000000040225698       0x18 common/built-in.o
                0x0000000040225698                genimg_get_type_id
 .text.genimg_get_comp_id
                0x00000000402256b0       0x18 common/built-in.o
                0x00000000402256b0                genimg_get_comp_id
 .text.genimg_get_kernel_addr_fit
                0x00000000402256c8       0x78 common/built-in.o
                0x00000000402256c8                genimg_get_kernel_addr_fit
 .text.genimg_get_format
                0x0000000040225740       0x5c common/built-in.o
                0x0000000040225740                genimg_get_format
 .text.genimg_has_config
                0x000000004022579c       0x10 common/built-in.o
                0x000000004022579c                genimg_has_config
 .text.boot_get_ramdisk
                0x00000000402257ac      0x388 common/built-in.o
                0x00000000402257ac                boot_get_ramdisk
 .text.boot_ramdisk_high
                0x0000000040225b34      0x12c common/built-in.o
                0x0000000040225b34                boot_ramdisk_high
 .text.boot_get_setup
                0x0000000040225c60        0x4 common/built-in.o
                0x0000000040225c60                boot_get_setup
 .text.boot_get_loadable
                0x0000000040225c64      0x19c common/built-in.o
                0x0000000040225c64                boot_get_loadable
 .text.image_setup_linux
                0x0000000040225e00       0x60 common/built-in.o
                0x0000000040225e00                image_setup_linux
 .text.append_kernel_cmdline
                0x0000000040225e60       0x7c common/built-in.o
 .text.append_androidboot_args
                0x0000000040225edc      0x32c common/built-in.o
 .text.android_image_get_kernel_addr
                0x0000000040226208       0x90 common/built-in.o
 .text.android_image_get_kernel
                0x0000000040226298      0x2a4 common/built-in.o
                0x0000000040226298                android_image_get_kernel
 .text.android_image_check_header
                0x000000004022653c       0x14 common/built-in.o
                0x000000004022653c                android_image_check_header
 .text.android_image_get_dtb_img_addr
                0x0000000040226550      0x174 common/built-in.o
 .text.android_image_get_end
                0x00000000402266c4      0x130 common/built-in.o
                0x00000000402266c4                android_image_get_end
 .text.android_image_get_kload
                0x00000000402267f4        0x4 common/built-in.o
                0x00000000402267f4                android_image_get_kload
 .text.android_image_get_kcomp
                0x00000000402267f8       0x54 common/built-in.o
                0x00000000402267f8                android_image_get_kcomp
 .text.android_image_get_ramdisk
                0x000000004022684c      0x128 common/built-in.o
                0x000000004022684c                android_image_get_ramdisk
 .text.android_image_get_second
                0x0000000040226974      0x14c common/built-in.o
                0x0000000040226974                android_image_get_second
 .text.android_image_get_dtb_by_index
                0x0000000040226ac0      0x11c common/built-in.o
                0x0000000040226ac0                android_image_get_dtb_by_index
 .text.android_print_contents
                0x0000000040226bdc      0x3ac common/built-in.o
                0x0000000040226bdc                android_print_contents
 .text.android_dt_check_header
                0x0000000040226f88       0x18 common/built-in.o
                0x0000000040226f88                android_dt_check_header
 .text.android_dt_get_fdt_by_index
                0x0000000040226fa0       0x7c common/built-in.o
                0x0000000040226fa0                android_dt_get_fdt_by_index
 .text.fdt_error
                0x000000004022701c       0x38 common/built-in.o
 .text.boot_fdt_reserve_region
                0x0000000040227054       0x50 common/built-in.o
 .text.boot_fdt_add_mem_rsv_regions
                0x00000000402270a4      0x104 common/built-in.o
                0x00000000402270a4                boot_fdt_add_mem_rsv_regions
 .text.boot_relocate_fdt
                0x00000000402271a8      0x1a8 common/built-in.o
                0x00000000402271a8                boot_relocate_fdt
 .text.boot_get_fdt
                0x0000000040227350      0x448 common/built-in.o
                0x0000000040227350                boot_get_fdt
 .text.ft_verify_fdt
                0x0000000040227798        0x8 common/built-in.o
                0x0000000040227798                ft_verify_fdt
 .text.image_setup_libfdt
                0x00000000402277a0      0x1a4 common/built-in.o
                0x00000000402277a0                image_setup_libfdt
 .text.fit_image_get_address
                0x0000000040227944       0x88 common/built-in.o
 .text.fit_parse_conf
                0x00000000402279cc       0x78 common/built-in.o
                0x00000000402279cc                fit_parse_conf
 .text.fit_parse_subimage
                0x0000000040227a44       0x78 common/built-in.o
                0x0000000040227a44                fit_parse_subimage
 .text.fit_get_desc
                0x0000000040227abc       0x38 common/built-in.o
                0x0000000040227abc                fit_get_desc
 .text.fit_image_get_node
                0x0000000040227af4       0x48 common/built-in.o
                0x0000000040227af4                fit_image_get_node
 .text.fit_image_get_os
                0x0000000040227b3c       0x4c common/built-in.o
                0x0000000040227b3c                fit_image_get_os
 .text.fit_image_get_arch
                0x0000000040227b88       0x4c common/built-in.o
                0x0000000040227b88                fit_image_get_arch
 .text.fit_image_get_type
                0x0000000040227bd4       0x4c common/built-in.o
                0x0000000040227bd4                fit_image_get_type
 .text.fit_image_get_comp
                0x0000000040227c20       0x4c common/built-in.o
                0x0000000040227c20                fit_image_get_comp
 .text.fit_image_get_load
                0x0000000040227c6c       0x10 common/built-in.o
                0x0000000040227c6c                fit_image_get_load
 .text.fit_image_get_entry
                0x0000000040227c7c       0x10 common/built-in.o
                0x0000000040227c7c                fit_image_get_entry
 .text.fit_image_get_data
                0x0000000040227c8c       0x50 common/built-in.o
                0x0000000040227c8c                fit_image_get_data
 .text.fit_image_get_data_offset
                0x0000000040227cdc       0x48 common/built-in.o
                0x0000000040227cdc                fit_image_get_data_offset
 .text.fit_image_get_data_position
                0x0000000040227d24       0x48 common/built-in.o
                0x0000000040227d24                fit_image_get_data_position
 .text.fit_image_get_data_size
                0x0000000040227d6c       0x48 common/built-in.o
                0x0000000040227d6c                fit_image_get_data_size
 .text.fit_image_get_data_and_size
                0x0000000040227db4       0xac common/built-in.o
                0x0000000040227db4                fit_image_get_data_and_size
 .text.fit_image_hash_get_algo
                0x0000000040227e60       0x38 common/built-in.o
                0x0000000040227e60                fit_image_hash_get_algo
 .text.fit_image_hash_get_value
                0x0000000040227e98       0x50 common/built-in.o
                0x0000000040227e98                fit_image_hash_get_value
 .text.fit_image_print_data
                0x0000000040227ee8      0x190 common/built-in.o
 .text.fit_image_print_verification_data
                0x0000000040228078       0xbc common/built-in.o
 .text.fit_image_print
                0x0000000040228134      0x2fc common/built-in.o
                0x0000000040228134                fit_image_print
 .text.fit_print_contents
                0x0000000040228430      0x454 common/built-in.o
                0x0000000040228430                fit_print_contents
 .text.fit_get_end
                0x0000000040228884       0x10 common/built-in.o
                0x0000000040228884                fit_get_end
 .text.calculate_hash
                0x0000000040228894      0x11c common/built-in.o
                0x0000000040228894                calculate_hash
 .text.fit_image_verify_with_data
                0x00000000402289b0      0x1f4 common/built-in.o
                0x00000000402289b0                fit_image_verify_with_data
 .text.fit_image_verify