
Discarded input sections

 .data          0x0000000000000000        0x0 arch/arm/cpu/armv8/start.o
 .bss           0x0000000000000000        0x0 arch/arm/cpu/armv8/start.o
 .text.sdelay   0x0000000000000000        0xc arch/arm/cpu/armv8/built-in.o
 .text.timer_read_counter
                0x0000000000000000        0xc arch/arm/cpu/armv8/built-in.o
 .text.usec2ticks
                0x0000000000000000       0x44 arch/arm/cpu/armv8/built-in.o
 .text.timer_get_boot_us
                0x0000000000000000       0x28 arch/arm/cpu/armv8/built-in.o
 .text.set_one_region
                0x0000000000000000       0xd8 arch/arm/cpu/armv8/built-in.o
 .text.arch_get_page_table
                0x0000000000000000       0x20 arch/arm/cpu/armv8/built-in.o
 .text.mmu_set_region_dcache_behaviour
                0x0000000000000000       0xa8 arch/arm/cpu/armv8/built-in.o
 .text.mmu_change_region_attr
                0x0000000000000000       0xe8 arch/arm/cpu/armv8/built-in.o
 .text.enable_caches
                0x0000000000000000       0x14 arch/arm/cpu/armv8/built-in.o
 .text.__asm_switch_ttbr
                0x0000000000000000       0xe0 arch/arm/cpu/armv8/built-in.o
 .text.armv8_switch_to_el1
                0x0000000000000000       0xd0 arch/arm/cpu/armv8/built-in.o
 .text.armv8_el2_to_aarch32
                0x0000000000000000        0x4 arch/arm/cpu/armv8/built-in.o
 .text.smc_call
                0x0000000000000000       0x44 arch/arm/cpu/armv8/built-in.o
 .text.psci_system_reset
                0x0000000000000000       0x20 arch/arm/cpu/armv8/built-in.o
 .text.psci_system_reset2
                0x0000000000000000       0x2c arch/arm/cpu/armv8/built-in.o
 .text.psci_system_off
                0x0000000000000000       0x20 arch/arm/cpu/armv8/built-in.o
 .rodata.set_one_region.str1.1
                0x0000000000000000       0x2e arch/arm/cpu/armv8/built-in.o
 .rodata.arch_get_page_table.str1.1
                0x0000000000000000       0x1e arch/arm/cpu/armv8/built-in.o
 .rodata.mmu_set_region_dcache_behaviour.str1.1
                0x0000000000000000       0x20 arch/arm/cpu/armv8/built-in.o
 .eh_frame      0x0000000000000000      0x56c arch/arm/cpu/armv8/built-in.o
 .data          0x0000000000000000        0x0 arch/arm/cpu/armv8/built-in.o
 .bss           0x0000000000000000        0x0 arch/arm/cpu/armv8/built-in.o
 .text.board_quiesce_devices
                0x0000000000000000        0x4 arch/arm/lib/built-in.o
 .text.armv7_boot_nonsec_default
                0x0000000000000000        0x8 arch/arm/lib/built-in.o
 .text.enable_caches
                0x0000000000000000        0xc arch/arm/lib/built-in.o
 .text.invalidate_dcache_range
                0x0000000000000000        0x4 arch/arm/lib/built-in.o
 .text.flush_dcache_range
                0x0000000000000000        0x4 arch/arm/lib/built-in.o
 .text.flush_dcache_all
                0x0000000000000000        0xc arch/arm/lib/built-in.o
 .text.check_cache_range
                0x0000000000000000       0x3c arch/arm/lib/built-in.o
 .text.fdt_psci
                0x0000000000000000        0x8 arch/arm/lib/built-in.o
 .rodata.enable_caches.str1.1
                0x0000000000000000       0x1d arch/arm/lib/built-in.o
 .rodata.check_cache_range.str1.1
                0x0000000000000000       0x35 arch/arm/lib/built-in.o
 .eh_frame      0x0000000000000000      0x4b8 arch/arm/lib/built-in.o
 .data          0x0000000000000000        0x0 arch/arm/lib/built-in.o
 .__efi_runtime_rel_start
                0x0000000000000000        0x0 arch/arm/lib/built-in.o
 .__efi_runtime_rel_stop
                0x0000000000000000        0x0 arch/arm/lib/built-in.o
 .__efi_runtime_start
                0x0000000000000000        0x0 arch/arm/lib/built-in.o
 .__efi_runtime_stop
                0x0000000000000000        0x0 arch/arm/lib/built-in.o
 .__end         0x0000000000000000        0x0 arch/arm/lib/built-in.o
 .__secure_end  0x0000000000000000        0x0 arch/arm/lib/built-in.o
 .__secure_stack_end
                0x0000000000000000        0x0 arch/arm/lib/built-in.o
 .__secure_stack_start
                0x0000000000000000        0x0 arch/arm/lib/built-in.o
 .__secure_start
                0x0000000000000000        0x0 arch/arm/lib/built-in.o
 .bss           0x0000000000000000        0x0 arch/arm/lib/built-in.o
 .text.imx_iomux_v3_setup_pad
                0x0000000000000000       0xc4 arch/arm/mach-imx/built-in.o
 .text.imx_iomux_v3_setup_multiple_pads
                0x0000000000000000       0x44 arch/arm/mach-imx/built-in.o
 .text.imx_iomux_set_gpr_register
                0x0000000000000000       0x4c arch/arm/mach-imx/built-in.o
 .text.board_mmc_get_env_dev
                0x0000000000000000        0x4 arch/arm/mach-imx/built-in.o
 .text.force_idle_bus
                0x0000000000000000      0x1e0 arch/arm/mach-imx/built-in.o
 .text.setup_i2c
                0x0000000000000000       0xc8 arch/arm/mach-imx/built-in.o
 .text.cpu_eth_init
[...]
Memory Configuration

Name             Origin             Length             Attributes
*default*        0x0000000000000000 0xffffffffffffffff

Linker script and memory map

Address of section .text set to 0x40200000
                0x0000000000000000                . = 0x0
                0x0000000000000000                . = ALIGN (0x8)

.text           0x0000000040200000      0x118
 *(.__image_copy_start)
 .__image_copy_start
                0x0000000040200000        0x0 arch/arm/lib/built-in.o
                0x0000000040200000                __image_copy_start
 arch/arm/cpu/armv8/start.o(.text*)
 .text          0x0000000040200000      0x118 arch/arm/cpu/armv8/start.o
                0x0000000040200000                _start
                0x0000000040200008                _TEXT_BASE
                0x0000000040200010                _end_ofs
                0x0000000040200018                _bss_start_ofs
                0x0000000040200020                _bss_end_ofs
                0x000000004020002c                save_boot_params_ret
                0x0000000040200090                apply_core_errata
                0x00000000402000d8                smp_kick_all_cpus
                0x00000000402000dc                c_runtime_cpu_setup

.efi_runtime    0x0000000040200118     0x1008
                0x0000000040200118                __efi_runtime_start = .
 *(.text.efi_runtime*)
 .text.efi_runtime
                0x0000000040200118       0x58 arch/arm/cpu/armv8/built-in.o
                0x0000000040200118                __arm_smccc_smc
                0x0000000040200144                __arm_smccc_hvc
 .text.efi_runtime
                0x0000000040200170       0xd4 drivers/built-in.o
                0x0000000040200170                invoke_psci_fn
                0x00000000402001ec                efi_reset_system
 .text.efi_runtime
                0x0000000040200244      0x7c8 lib/built-in.o
                0x0000000040200248                efi_get_time
                0x0000000040200250                efi_set_time
                0x0000000040200260                efi_update_capsule_unsupported
                0x0000000040200268                efi_query_capsule_caps_unsupported
                0x0000000040200280                efi_convert_pointer
                0x0000000040200320                efi_update_table_header_crc32
                0x0000000040200354                efi_memcpy_runtime
                0x0000000040200374                efi_get_variable_runtime
                0x00000000402003a8                efi_get_next_variable_name_runtime
                0x0000000040200464                efi_var_mem_find
                0x0000000040200564                efi_get_next_variable_name_mem
                0x0000000040200644                efi_get_variable_mem
                0x000000004020070c                efi_var_mem_del
                0x000000004020079c                efi_var_mem_ins
                0x00000000402008c4                efi_var_mem_free
                0x00000000402008e0                efi_query_variable_info_runtime
                0x00000000402008f0                efi_get_variable_int
                0x00000000402008f4                efi_get_next_variable_name_int
                0x00000000402008f8                u16_strnlen
                0x000000004020091c                crc32_no_comp
                0x00000000402009f0                crc32
 .text.efi_runtime_detach
                0x0000000040200a0c       0x34 lib/built-in.o
                0x0000000040200a0c                efi_runtime_detach
 .text.efi_runtime_relocate
                0x0000000040200a40      0x128 lib/built-in.o
                0x0000000040200a40                efi_runtime_relocate
 *(.rodata.efi_runtime*)
 .rodata.efi_runtime_relocate.str1.1
                0x0000000040200b68       0x4e lib/built-in.o
 *(.data.efi_runtime*)
 *fill*         0x0000000040200bb6        0x2 
 .data.efi_runtime
                0x0000000040200bb8        0x4 drivers/built-in.o
                0x0000000040200bb8                psci_method
 *fill*         0x0000000040200bbc        0x4 
 .data.efi_runtime
                0x0000000040200bc0      0x550 lib/built-in.o
                0x0000000040200bc0                efi_events
                0x0000000040200bd0                systab
                0x0000000040200c78                efi_runtime_services
 .data.efi_runtime_mmio
                0x0000000040201110       0x10 lib/built-in.o
                0x0000000040201110                efi_runtime_mmio
                0x0000000040201120                __efi_runtime_stop = .

.text_rest      0x0000000040201800    0x82114
 *(.text*)
 .text          0x0000000040201800      0x390 arch/arm/cpu/armv8/built-in.o
                0x0000000040201800                vectors
 .text.board_cleanup_before_linux
                0x0000000040201b90        0x4 arch/arm/cpu/armv8/built-in.o
                0x0000000040201b90                board_cleanup_before_linux
 .text.cleanup_before_linux
                0x0000000040201b94       0x2c arch/arm/cpu/armv8/built-in.o
                0x0000000040201b94                cleanup_before_linux
 .text.get_tbclk
                0x0000000040201bc0        0x8 arch/arm/cpu/armv8/built-in.o
                0x0000000040201bc0                get_tbclk
 .text.get_ticks
                0x0000000040201bc8       0x10 arch/arm/cpu/armv8/built-in.o
                0x0000000040201bc8                get_ticks
 .text.count_required_pts
                0x0000000040201bd8       0xf8 arch/arm/cpu/armv8/built-in.o
 .text.create_table
                0x0000000040201cd0       0x70 arch/arm/cpu/armv8/built-in.o
 .text.split_block
                0x0000000040201d40       0x90 arch/arm/cpu/armv8/built-in.o
 .text.get_tcr  0x0000000040201dd0       0xe4 arch/arm/cpu/armv8/built-in.o
                0x0000000040201dd0                get_tcr
 .text.find_pte
                0x0000000040201eb4       0x8c arch/arm/cpu/armv8/built-in.o
 .text.get_page_table_size
                0x0000000040201f40       0x48 arch/arm/cpu/armv8/built-in.o
                0x0000000040201f40                get_page_table_size
 .text.setup_pgtables
                0x0000000040201f88      0x16c arch/arm/cpu/armv8/built-in.o
                0x0000000040201f88                setup_pgtables
 .text.mmu_setup
                0x00000000402020f4      0x13c arch/arm/cpu/armv8/built-in.o
                0x00000000402020f4                mmu_setup
 .text.invalidate_dcache_all
                0x0000000040202230       0x14 arch/arm/cpu/armv8/built-in.o
                0x0000000040202230                invalidate_dcache_all
 .text.flush_dcache_all
                0x0000000040202244       0x14 arch/arm/cpu/armv8/built-in.o
                0x0000000040202244                flush_dcache_all
 .text.invalidate_dcache_range
                0x0000000040202258        0x4 arch/arm/cpu/armv8/built-in.o
                0x0000000040202258                invalidate_dcache_range
 .text.flush_dcache_range
                0x000000004020225c        0x4 arch/arm/cpu/armv8/built-in.o
                0x000000004020225c                flush_dcache_range
 .text.dcache_enable
                0x0000000040202260      0x110 arch/arm/cpu/armv8/built-in.o
                0x0000000040202260                dcache_enable
 .text.dcache_disable
                0x0000000040202370       0x84 arch/arm/cpu/armv8/built-in.o
                0x0000000040202370                dcache_disable
 .text.dcache_status
                0x00000000402023f4       0x34 arch/arm/cpu/armv8/built-in.o
                0x00000000402023f4                dcache_status
 .text.icache_disable
                0x0000000040202428       0x68 arch/arm/cpu/armv8/built-in.o
                0x0000000040202428                icache_disable
 .text.icache_status
                0x0000000040202490       0x34 arch/arm/cpu/armv8/built-in.o
                0x0000000040202490                icache_status
 .text.invalidate_icache_all
                0x00000000402024c4       0x14 arch/arm/cpu/armv8/built-in.o
                0x00000000402024c4                invalidate_icache_all
 .text.icache_enable
                0x00000000402024d8       0x74 arch/arm/cpu/armv8/built-in.o
                0x00000000402024d8                icache_enable
 .text.__asm_dcache_level
                0x000000004020254c       0x64 arch/arm/cpu/armv8/built-in.o
                0x000000004020254c                __asm_dcache_level
 .text.__asm_dcache_all
                0x00000000402025b0       0x60 arch/arm/cpu/armv8/built-in.o
                0x00000000402025b0                __asm_dcache_all
 .text.__asm_flush_dcache_all
                0x0000000040202610        0x8 arch/arm/cpu/armv8/built-in.o
                0x0000000040202610                __asm_flush_dcache_all
 .text.__asm_invalidate_dcache_all
                0x0000000040202618        0x8 arch/arm/cpu/armv8/built-in.o
                0x0000000040202618                __asm_invalidate_dcache_all
 .text.__asm_flush_dcache_range
                0x0000000040202620       0x34 arch/arm/cpu/armv8/built-in.o
                0x0000000040202620                __asm_flush_dcache_range
 .text.__asm_invalidate_dcache_range
                0x0000000040202654       0x30 arch/arm/cpu/armv8/built-in.o
                0x0000000040202654                __asm_invalidate_dcache_range
 .text.__asm_invalidate_icache_all
                0x0000000040202684        0xc arch/arm/cpu/armv8/built-in.o
                0x0000000040202684                __asm_invalidate_icache_all
 .text.__asm_invalidate_l3_dcache
                0x0000000040202690        0x8 arch/arm/cpu/armv8/built-in.o
                0x0000000040202690                __asm_invalidate_l3_dcache
 .text.__asm_flush_l3_dcache
                0x0000000040202698        0x8 arch/arm/cpu/armv8/built-in.o
                0x0000000040202698                __asm_flush_l3_dcache
 .text.__asm_invalidate_l3_icache
                0x00000000402026a0        0x8 arch/arm/cpu/armv8/built-in.o
                0x00000000402026a0                __asm_invalidate_l3_icache
 .text.entry_non_secure
                0x00000000402026a8       0x28 arch/arm/cpu/armv8/built-in.o
 .text.switch_to_non_secure_mode
                0x00000000402026d0       0x54 arch/arm/cpu/armv8/built-in.o
                0x00000000402026d0                switch_to_non_secure_mode
 .text.__asm_invalidate_tlb_all
                0x0000000040202724       0x4c arch/arm/cpu/armv8/built-in.o
                0x0000000040202724                __asm_invalidate_tlb_all
 .text.armv8_switch_to_el2
                0x0000000040202770       0xb8 arch/arm/cpu/armv8/built-in.o
                0x0000000040202770                armv8_switch_to_el2
 .text          0x0000000040202828      0x158 arch/arm/lib/built-in.o
                0x0000000040202828                _main
                0x00000000402028a8                relocate_code
 .text.setjmp   0x0000000040202980       0x28 arch/arm/lib/built-in.o
                0x0000000040202980                setjmp
 .text.longjmp  0x00000000402029a8       0x2c arch/arm/lib/built-in.o
                0x00000000402029a8                longjmp
 .text.arch_fixup_fdt
                0x00000000402029d4       0x4c arch/arm/lib/built-in.o
                0x00000000402029d4                arch_fixup_fdt
 .text.arch_lmb_reserve
                0x0000000040202a20       0x98 arch/arm/lib/built-in.o
                0x0000000040202a20                arch_lmb_reserve
 .text.setup_board_tags
                0x0000000040202ab8        0x4 arch/arm/lib/built-in.o
                0x0000000040202ab8                setup_board_tags
 .text.board_prep_linux
                0x0000000040202abc        0x4 arch/arm/lib/built-in.o
                0x0000000040202abc                board_prep_linux
 .text.boot_prep_linux
                0x0000000040202ac0       0xfc arch/arm/lib/built-in.o
 .text.update_os_arch_secondary_cores
                0x0000000040202bbc        0x4 arch/arm/lib/built-in.o
                0x0000000040202bbc                update_os_arch_secondary_cores
 .text.boot_jump_linux
                0x0000000040202bc0       0xb8 arch/arm/lib/built-in.o
 .text.do_bootm_linux
                0x0000000040202c78       0x7c arch/arm/lib/built-in.o
                0x0000000040202c78                do_bootm_linux
 .text.boot_prep_vxworks
                0x0000000040202cf4       0x50 arch/arm/lib/built-in.o
                0x0000000040202cf4                boot_prep_vxworks
 .text.boot_jump_vxworks
                0x0000000040202d44       0x10 arch/arm/lib/built-in.o
                0x0000000040202d44                boot_jump_vxworks
 .text.booti_setup
                0x0000000040202d54       0xb8 arch/arm/lib/built-in.o
                0x0000000040202d54                booti_setup
 .text.arch_print_bdinfo
                0x0000000040202e0c       0x64 arch/arm/lib/built-in.o
                0x0000000040202e0c                arch_print_bdinfo
 .text.arch_reserve_stacks
                0x0000000040202e70       0x10 arch/arm/lib/built-in.o
                0x0000000040202e70                arch_reserve_stacks
 .text.show_efi_loaded_images.isra.0
                0x0000000040202e80        0x4 arch/arm/lib/built-in.o
 .text.interrupt_init
                0x0000000040202e84        0x8 arch/arm/lib/built-in.o
                0x0000000040202e84                interrupt_init
 .text.enable_interrupts
                0x0000000040202e8c        0x4 arch/arm/lib/built-in.o
                0x0000000040202e8c                enable_interrupts
 .text.disable_interrupts
                0x0000000040202e90        0x8 arch/arm/lib/built-in.o
                0x0000000040202e90                disable_interrupts
 .text.show_regs
                0x0000000040202e98      0x108 arch/arm/lib/built-in.o
                0x0000000040202e98                show_regs
 .text.do_bad_sync
                0x0000000040202fa0       0x44 arch/arm/lib/built-in.o
                0x0000000040202fa0                do_bad_sync
 .text.do_bad_irq
                0x0000000040202fe4       0x44 arch/arm/lib/built-in.o
                0x0000000040202fe4                do_bad_irq
 .text.do_bad_fiq
                0x0000000040203028       0x44 arch/arm/lib/built-in.o
                0x0000000040203028                do_bad_fiq
 .text.do_bad_error
                0x000000004020306c       0x44 arch/arm/lib/built-in.o
                0x000000004020306c                do_bad_error
 .text.do_sync  0x00000000402030b0       0x44 arch/arm/lib/built-in.o
                0x00000000402030b0                do_sync
 .text.do_irq   0x00000000402030f4       0x44 arch/arm/lib/built-in.o
                0x00000000402030f4                do_irq
 .text.do_fiq   0x0000000040203138       0x44 arch/arm/lib/built-in.o
                0x0000000040203138                do_fiq
 .text.do_error
                0x000000004020317c       0x44 arch/arm/lib/built-in.o
                0x000000004020317c                do_error
 .text.flush_cache
                0x00000000402031c0        0x8 arch/arm/lib/built-in.o
                0x00000000402031c0                flush_cache
 .text.arm_reserve_mmu
                0x00000000402031c8       0x4c arch/arm/lib/built-in.o
                0x00000000402031c8                arm_reserve_mmu
 .text.arch_reserve_mmu
                0x0000000040203214        0x4 arch/arm/lib/built-in.o
                0x0000000040203214                arch_reserve_mmu
 *fill*         0x0000000040203218        0x8 
 .text          0x0000000040203220      0x1f0 arch/arm/mach-imx/built-in.o
                0x0000000040203220                lowlevel_init
                0x0000000040203250                rom_pointer
                0x0000000040203350                save_boot_params
                0x000000004020339c                restore_boot_params
                0x00000000402033e8                armv8_el2_to_aarch32
 .text.arch_auxiliary_core_up
                0x0000000040203410       0x8c arch/arm/mach-imx/built-in.o
                0x0000000040203410                arch_auxiliary_core_up
 .text.arch_auxiliary_core_check_up
                0x000000004020349c       0x4c arch/arm/mach-imx/built-in.o
                0x000000004020349c                arch_auxiliary_core_check_up
 .text.do_bootaux
                0x00000000402034e8       0xa0 arch/arm/mach-imx/built-in.o
 .text.mmc_get_env_dev
                0x0000000040203588       0x50 arch/arm/mach-imx/built-in.o
                0x0000000040203588                mmc_get_env_dev
 .text.imx_get_mac_from_fuse
                0x00000000402035d8      0x170 arch/arm/mach-imx/built-in.o
                0x00000000402035d8                imx_get_mac_from_fuse
 .text.get_imx_reset_cause
                0x0000000040203748       0x28 arch/arm/mach-imx/built-in.o
                0x0000000040203748                get_imx_reset_cause
 .text.get_reset_cause
                0x0000000040203770       0xf0 arch/arm/mach-imx/built-in.o
 .text.get_reboot_reason
                0x0000000040203860       0x38 arch/arm/mach-imx/built-in.o
                0x0000000040203860                get_reboot_reason
 .text.get_imx_type
                0x0000000040203898       0x28 arch/arm/mach-imx/built-in.o
                0x0000000040203898                get_imx_type
 .text.arch_preboot_os
                0x00000000402038c0        0x4 arch/arm/mach-imx/built-in.o
                0x00000000402038c0                arch_preboot_os
 .text.get_cpu_speed_grade_hz
                0x00000000402038c4      0x2ec arch/arm/mach-imx/built-in.o
                0x00000000402038c4                get_cpu_speed_grade_hz
 .text.get_cpu_temp_grade
                0x0000000040203bb0       0xec arch/arm/mach-imx/built-in.o
                0x0000000040203bb0                get_cpu_temp_grade
 .text.print_cpuinfo
                0x0000000040203c9c      0x16c arch/arm/mach-imx/built-in.o
                0x0000000040203c9c                print_cpuinfo
 .text.get_boot_device
                0x0000000040203e08       0xa4 arch/arm/mach-imx/built-in.o
                0x0000000040203e08                get_boot_device
 .text.imx_ddrc_count_bits
                0x0000000040203eac       0x2c arch/arm/mach-imx/built-in.o
                0x0000000040203eac                imx_ddrc_count_bits
 .text.imx_ddrc_sdram_size
                0x0000000040203ed8      0x20c arch/arm/mach-imx/built-in.o
                0x0000000040203ed8                imx_ddrc_sdram_size
 .text.imx8m_ddrc_sdram_size
                0x00000000402040e4      0x128 arch/arm/mach-imx/built-in.o
                0x00000000402040e4                imx8m_ddrc_sdram_size
 .text.set_dt_val
                0x000000004020420c       0x3c arch/arm/mach-imx/built-in.o
 .text.board_lmb_reserve
                0x0000000040204248       0x6c arch/arm/mach-imx/built-in.o
                0x0000000040204248                board_lmb_reserve
 .text.add_dt_path_subnode
                0x00000000402042b4       0x48 arch/arm/mach-imx/built-in.o
                0x00000000402042b4                add_dt_path_subnode
 .text.add_res_mem_dt_node
                0x00000000402042fc      0x1dc arch/arm/mach-imx/built-in.o
                0x00000000402042fc                add_res_mem_dt_node
 .text.ft_add_optee_node
                0x00000000402044d8      0x1d4 arch/arm/mach-imx/built-in.o
                0x00000000402044d8                ft_add_optee_node
 .text.hdr_dump
                0x00000000402046ac      0x4f0 arch/arm/mach-imx/built-in.o
 .text.qspi_erase_update.constprop.0
                0x0000000040204b9c       0xcc arch/arm/mach-imx/built-in.o
 .text.do_qspihdr
                0x0000000040204c68      0x448 arch/arm/mach-imx/built-in.o
 .text.select   0x00000000402050b0       0x34 arch/arm/mach-imx/built-in.o
 .text.get_clk_root_target
                0x00000000402050e4       0x8c arch/arm/mach-imx/built-in.o
 .text.clock_get_target_val
                0x0000000040205170       0x68 arch/arm/mach-imx/built-in.o
                0x0000000040205170                clock_get_target_val
 .text.clock_set_target_val
                0x00000000402051d8       0x64 arch/arm/mach-imx/built-in.o
                0x00000000402051d8                clock_set_target_val
 .text.clock_root_enabled
                0x000000004020523c       0x74 arch/arm/mach-imx/built-in.o
                0x000000004020523c                clock_root_enabled
 .text.clock_enable
                0x00000000402052b0       0x4c arch/arm/mach-imx/built-in.o
                0x00000000402052b0                clock_enable
 .text.clock_get_prediv
                0x00000000402052fc       0x84 arch/arm/mach-imx/built-in.o
                0x00000000402052fc                clock_get_prediv
 .text.clock_get_postdiv
                0x0000000040205380       0xa4 arch/arm/mach-imx/built-in.o
                0x0000000040205380                clock_get_postdiv
 .text.clock_get_src
                0x0000000040205424       0x70 arch/arm/mach-imx/built-in.o
                0x0000000040205424                clock_get_src
 .text.get_cpu_variant_type
                0x0000000040205494      0x1a4 arch/arm/mach-imx/built-in.o
 .text.disable_fdt_nodes
                0x0000000040205638       0xe8 arch/arm/mach-imx/built-in.o
 .text.disable_cpu_nodes.isra.0
                0x0000000040205720      0x244 arch/arm/mach-imx/built-in.o
 .text.timer_init
                0x0000000040205964       0x10 arch/arm/mach-imx/built-in.o
                0x0000000040205964                timer_init
 .text.enable_caches
                0x0000000040205974       0xc4 arch/arm/mach-imx/built-in.o
                0x0000000040205974                enable_caches
 .text.dram_init
                0x0000000040205a38       0x38 arch/arm/mach-imx/built-in.o
                0x0000000040205a38                dram_init
 .text.dram_init_banksize
                0x0000000040205a70       0xe4 arch/arm/mach-imx/built-in.o
                0x0000000040205a70                dram_init_banksize
 .text.get_effective_memsize
                0x0000000040205b54       0x60 arch/arm/mach-imx/built-in.o
                0x0000000040205b54                get_effective_memsize
 .text.board_get_usable_ram_top
                0x0000000040205bb4       0x3c arch/arm/mach-imx/built-in.o
                0x0000000040205bb4                board_get_usable_ram_top
 .text.get_cpu_rev
                0x0000000040205bf0       0xd0 arch/arm/mach-imx/built-in.o
                0x0000000040205bf0                get_cpu_rev
 .text.arch_cpu_init_dm
                0x0000000040205cc0       0x4c arch/arm/mach-imx/built-in.o
                0x0000000040205cc0                arch_cpu_init_dm
 .text.arch_cpu_init
                0x0000000040205d0c       0x78 arch/arm/mach-imx/built-in.o
                0x0000000040205d0c                arch_cpu_init
 .text.is_usb_boot
                0x0000000040205d84       0x1c arch/arm/mach-imx/built-in.o
                0x0000000040205d84                is_usb_boot
 .text.get_board_serial
                0x0000000040205da0       0x1c arch/arm/mach-imx/built-in.o
                0x0000000040205da0                get_board_serial
 .text.board_quiesce_devices
                0x0000000040205dbc        0x4 arch/arm/mach-imx/built-in.o
                0x0000000040205dbc                board_quiesce_devices
 .text.disable_vpu_nodes
                0x0000000040205dc0      0x130 arch/arm/mach-imx/built-in.o
                0x0000000040205dc0                disable_vpu_nodes
 .text.ft_system_setup
                0x0000000040205ef0      0x1ac arch/arm/mach-imx/built-in.o
                0x0000000040205ef0                ft_system_setup
 .text.imx8m_usb_power
                0x000000004020609c       0x68 arch/arm/mach-imx/built-in.o
                0x000000004020609c                imx8m_usb_power
 .text.imx_tmu_arch_init
                0x0000000040206104      0x148 arch/arm/mach-imx/built-in.o
                0x0000000040206104                imx_tmu_arch_init
 .text.decode_intpll
                0x000000004020624c      0x1b4 arch/arm/mach-imx/built-in.o
 .text.decode_fracpll
                0x0000000040206400      0x130 arch/arm/mach-imx/built-in.o
 .text.get_root_clk
                0x0000000040206530       0x80 arch/arm/mach-imx/built-in.o
 .text.get_root_src_clk
                0x00000000402065b0       0x94 arch/arm/mach-imx/built-in.o
 .text.do_mscale_showclocks
                0x0000000040206644      0x24c arch/arm/mach-imx/built-in.o
                0x0000000040206644                do_mscale_showclocks
 .text.enable_ocotp_clk
                0x0000000040206890       0x10 arch/arm/mach-imx/built-in.o
                0x0000000040206890                enable_ocotp_clk
 .text.set_clk_enet
                0x00000000402068a0       0x94 arch/arm/mach-imx/built-in.o
                0x00000000402068a0                set_clk_enet
 .text.get_arm_core_clk
                0x0000000040206934       0x30 arch/arm/mach-imx/built-in.o
                0x0000000040206934                get_arm_core_clk
 .text.mxc_get_clock
                0x0000000040206964       0xbc arch/arm/mach-imx/built-in.o
                0x0000000040206964                mxc_get_clock
 .text.imx_get_uartclk
                0x0000000040206a20        0x8 arch/arm/mach-imx/built-in.o
                0x0000000040206a20                imx_get_uartclk
 .text.enable_usboh3_clk
                0x0000000040206a28       0x5c arch/arm/mach-imx/built-in.o
                0x0000000040206a28                enable_usboh3_clk
 .text._phytec_get_imx8m_opt
                0x0000000040206a84       0x30 board/phytec/common/built-in.o
                0x0000000040206a84                _phytec_get_imx8m_opt
 .text._phytec_eeprom_data_init
                0x0000000040206ab4      0x310 board/phytec/common/built-in.o
                0x0000000040206ab4                _phytec_eeprom_data_init
 .text._phytec_eeprom_data_setup
                0x0000000040206dc4       0x88 board/phytec/common/built-in.o
                0x0000000040206dc4                _phytec_eeprom_data_setup
 .text._phytec_get_imx8m_spi
                0x0000000040206e4c       0x4c board/phytec/common/built-in.o
                0x0000000040206e4c                _phytec_get_imx8m_spi
 .text._phytec_get_imx8m_eth
                0x0000000040206e98       0x48 board/phytec/common/built-in.o
                0x0000000040206e98                _phytec_get_imx8m_eth
 .text.fdt_disable_node
                0x0000000040206ee0       0xa8 board/phytec/phycore_imx8mm/built-in.o
 .text.add_extension
                0x0000000040206f88       0x84 board/phytec/phycore_imx8mm/built-in.o
 .text.board_fix_fdt
                0x000000004020700c       0xb0 board/phytec/phycore_imx8mm/built-in.o
                0x000000004020700c                board_fix_fdt
 .text.ft_board_setup
                0x00000000402070bc       0x50 board/phytec/phycore_imx8mm/built-in.o
                0x00000000402070bc                ft_board_setup
 .text.board_usb_init
                0x000000004020710c       0x1c board/phytec/phycore_imx8mm/built-in.o
                0x000000004020710c                board_usb_init
 .text.board_usb_cleanup
                0x0000000040207128       0x1c board/phytec/phycore_imx8mm/built-in.o
                0x0000000040207128                board_usb_cleanup
 .text.board_init
                0x0000000040207144       0x40 board/phytec/phycore_imx8mm/built-in.o
                0x0000000040207144                board_init
 .text.board_mmc_get_env_dev
                0x0000000040207184        0x4 board/phytec/phycore_imx8mm/built-in.o
                0x0000000040207184                board_mmc_get_env_dev
 .text.board_late_init
                0x0000000040207188       0x74 board/phytec/phycore_imx8mm/built-in.o
                0x0000000040207188                board_late_init
 .text.mmc_map_to_kernel_blk
                0x00000000402071fc        0x4 board/phytec/phycore_imx8mm/built-in.o
                0x00000000402071fc                mmc_map_to_kernel_blk
 .text.board_phys_sdram_size
                0x0000000040207200       0x34 board/phytec/phycore_imx8mm/built-in.o
                0x0000000040207200                board_phys_sdram_size
 .text.extension_board_scan
                0x0000000040207234       0xa8 board/phytec/phycore_imx8mm/built-in.o
                0x0000000040207234                extension_board_scan
 .text.env_get_location
                0x00000000402072dc       0x70 board/phytec/phycore_imx8mm/built-in.o
                0x00000000402072dc                env_get_location
 .text.do_go_exec
                0x000000004020734c       0x20 cmd/built-in.o
                0x000000004020734c                do_go_exec
 .text.do_go    0x000000004020736c       0x88 cmd/built-in.o
 .text.do_bootm
                0x00000000402073f4      0x11c cmd/built-in.o
                0x00000000402073f4                do_bootm
 .text.do_bootd
                0x0000000040207510       0x2c cmd/built-in.o
                0x0000000040207510                do_bootd
 .text.image_info
                0x000000004020753c      0x150 cmd/built-in.o
 .text.do_iminfo
                0x000000004020768c       0x7c cmd/built-in.o
 .text.bootm_maybe_autostart
                0x0000000040207708       0x74 cmd/built-in.o
                0x0000000040207708                bootm_maybe_autostart
 .text.do_help  0x000000004020777c       0x44 cmd/built-in.o
 .text.do_panic
                0x00000000402077c0       0x24 cmd/built-in.o
 .text.do_version
                0x00000000402077e4       0x40 cmd/built-in.o
 .text.blk_common_cmd
                0x0000000040207824      0x330 cmd/built-in.o
                0x0000000040207824                blk_common_cmd
 .text.image_source_script
                0x0000000040207b54      0x208 cmd/built-in.o
                0x0000000040207b54                image_source_script
 .text.do_source
                0x0000000040207d5c       0x78 cmd/built-in.o
 .text.bdinfo_print_num_l
                0x0000000040207dd4       0x18 cmd/built-in.o
                0x0000000040207dd4                bdinfo_print_num_l
 .text.bdinfo_print_num_ll
                0x0000000040207dec       0x18 cmd/built-in.o
                0x0000000040207dec                bdinfo_print_num_ll
 .text.do_bdinfo
                0x0000000040207e04      0x1cc cmd/built-in.o
                0x0000000040207e04                do_bdinfo
 .text.do_blkcache
                0x0000000040207fd0       0x84 cmd/built-in.o
 .text.blkc_configure
                0x0000000040208054       0x78 cmd/built-in.o
 .text.blkc_show
                0x00000000402080cc       0x34 cmd/built-in.o
 .text.efi_clear_bootdev
                0x0000000040208100       0x48 cmd/built-in.o
 .text.do_bootefi_exec
                0x0000000040208148       0x84 cmd/built-in.o
 .text.efi_set_bootdev
                0x00000000402081cc      0x100 cmd/built-in.o
                0x00000000402081cc                efi_set_bootdev
 .text.efi_install_fdt
                0x00000000402082cc      0x2a8 cmd/built-in.o
                0x00000000402082cc                efi_install_fdt
 .text.efi_run_image
                0x0000000040208574      0x194 cmd/built-in.o
                0x0000000040208574                efi_run_image
 .text.do_bootefi
                0x0000000040208708      0x11c cmd/built-in.o
 .text.do_booti
                0x0000000040208824      0x21c cmd/built-in.o
                0x0000000040208824                do_booti
 .text.parse_argv
                0x0000000040208a40       0x68 cmd/built-in.o
 .text.do_icache
                0x0000000040208aa8       0x98 cmd/built-in.o
 .text.noncached_set_region
                0x0000000040208b40        0x4 cmd/built-in.o
                0x0000000040208b40                noncached_set_region
 .text.do_dcache
                0x0000000040208b44       0x9c cmd/built-in.o
 .text.show_clks
                0x0000000040208be0      0x128 cmd/built-in.o
 .text.do_clk   0x0000000040208d08       0x84 cmd/built-in.o
 .text.soc_clk_dump
                0x0000000040208d8c       0x50 cmd/built-in.o
                0x0000000040208d8c                soc_clk_dump
 .text.do_clk_dump
                0x0000000040208ddc       0x2c cmd/built-in.o
 .text.do_coninfo
                0x0000000040208e08       0xdc cmd/built-in.o
 .text.do_dm_dump_devres
                0x0000000040208ee4        0x8 cmd/built-in.o
 .text.do_dm    0x0000000040208eec       0x94 cmd/built-in.o
 .text.do_dm_dump_static_driver_info
                0x0000000040208f80       0x18 cmd/built-in.o
 .text.do_dm_dump_driver_compat
                0x0000000040208f98       0x18 cmd/built-in.o
 .text.do_dm_dump_drivers
                0x0000000040208fb0       0x18 cmd/built-in.o
 .text.do_dm_dump_uclass
                0x0000000040208fc8       0x18 cmd/built-in.o
 .text.do_dm_dump_all
                0x0000000040208fe0       0x18 cmd/built-in.o
 .text.do_extensionops
                0x0000000040208ff8       0x74 cmd/built-in.o
 .text.do_extension_list
                0x000000004020906c       0xc0 cmd/built-in.o
 .text.extension_apply
                0x000000004020912c       0xec cmd/built-in.o
 .text.do_extension_scan
                0x0000000040209218       0x74 cmd/built-in.o
 .text.do_extension_apply
                0x000000004020928c       0xd8 cmd/built-in.o
 .text.do_echo  0x0000000040209364       0x94 cmd/built-in.o
 .text.parse_numeric_param
                0x00000000402093f8       0x2c cmd/built-in.o
 .text.parse_i2c_bus_addr
                0x0000000040209424       0xac cmd/built-in.o
 .text.eeprom_rw
                0x00000000402094d0      0x108 cmd/built-in.o
 .text.eeprom_write_enable
                0x00000000402095d8        0x8 cmd/built-in.o
                0x00000000402095d8                eeprom_write_enable
 .text.eeprom_read
                0x00000000402095e0        0x8 cmd/built-in.o
                0x00000000402095e0                eeprom_read
 .text.eeprom_write
                0x00000000402095e8       0x64 cmd/built-in.o
                0x00000000402095e8                eeprom_write
 .text.do_eeprom
                0x000000004020964c      0x178 cmd/built-in.o
                0x000000004020964c                do_eeprom
 .text.do_bootelf
                0x00000000402097c4      0x154 cmd/built-in.o
                0x00000000402097c4                do_bootelf
 .text.do_bootvx
                0x0000000040209918      0x334 cmd/built-in.o
                0x0000000040209918                do_bootvx
 .text.do_exit  0x0000000040209c4c       0x40 cmd/built-in.o
 .text.do_ext4_size
                0x0000000040209c8c        0x8 cmd/built-in.o
                0x0000000040209c8c                do_ext4_size
 .text.do_ext4_load
                0x0000000040209c94        0x8 cmd/built-in.o
                0x0000000040209c94                do_ext4_load
 .text.do_ext4_ls
                0x0000000040209c9c        0x8 cmd/built-in.o
                0x0000000040209c9c                do_ext4_ls
 .text.do_ext4_write
                0x0000000040209ca4        0x8 cmd/built-in.o
                0x0000000040209ca4                do_ext4_write
 .text.do_ext2load
                0x0000000040209cac        0x8 cmd/built-in.o
                0x0000000040209cac                do_ext2load
 .text.do_ext2ls
                0x0000000040209cb4        0x8 cmd/built-in.o
 .text.do_fat_size
                0x0000000040209cbc        0x8 cmd/built-in.o
                0x0000000040209cbc                do_fat_size
 .text.do_fat_fsload
                0x0000000040209cc4        0x8 cmd/built-in.o
                0x0000000040209cc4                do_fat_fsload
 .text.do_fat_ls
                0x0000000040209ccc        0x8 cmd/built-in.o
 .text.do_fat_fsinfo
                0x0000000040209cd4       0x94 cmd/built-in.o
 .text.do_fat_fswrite
                0x0000000040209d68        0x8 cmd/built-in.o
 .text.do_fat_rm
                0x0000000040209d70        0x8 cmd/built-in.o
 .text.do_fat_mkdir
                0x0000000040209d78        0x8 cmd/built-in.o
 .text.is_printable_string
                0x0000000040209d80       0x84 cmd/built-in.o
 .text.print_data.part.0
                0x0000000040209e04      0x1e8 cmd/built-in.o
 .text.set_working_fdt_addr
                0x0000000040209fec       0x18 cmd/built-in.o
                0x0000000040209fec                set_working_fdt_addr
 .text.do_fdt   0x000000004020a004     0x1070 cmd/built-in.o
 .text.do_flinfo
                0x000000004020b074        0x8 cmd/built-in.o
 .text.do_protect
                0x000000004020b07c        0xc cmd/built-in.o
 .text.do_flerase
                0x000000004020b088        0x8 cmd/built-in.o
 .text.strtou32
                0x000000004020b090       0x54 cmd/built-in.o
 .text.do_fuse  0x000000004020b0e4      0x360 cmd/built-in.o
 .text.gpio_get_description
                0x000000004020b444       0xdc cmd/built-in.o
 .text.do_gpio  0x000000004020b520      0x3a0 cmd/built-in.o
 .text.do_i2c   0x000000004020b8c0       0x84 cmd/built-in.o
 .text.i2c_get_cur_bus
                0x000000004020b944       0x38 cmd/built-in.o
 .text.do_i2c_bus_speed
                0x000000004020b97c       0xb0 cmd/built-in.o
 .text.do_i2c_reset
                0x000000004020ba2c       0x38 cmd/built-in.o
 .text.i2c_get_cur_bus_chip
                0x000000004020ba64       0x40 cmd/built-in.o
 .text.do_i2c_probe
                0x000000004020baa4       0xcc cmd/built-in.o
 .text.do_i2c_bus_num
                0x000000004020bb70       0xb4 cmd/built-in.o
 .text.show_bus
                0x000000004020bc24       0x98 cmd/built-in.o
 .text.do_i2c_olen
                0x000000004020bcbc       0xbc cmd/built-in.o
 .text.do_i2c_flags
                0x000000004020bd78       0xcc cmd/built-in.o
 .text.do_i2c_show_bus
                0x000000004020be44       0xc0 cmd/built-in.o
 .text.get_alen.constprop.0
                0x000000004020bf04       0x38 cmd/built-in.o
 .text.mod_i2c_mem.part.0
                0x000000004020bf3c      0x254 cmd/built-in.o
 .text.do_i2c_nm
                0x000000004020c190       0x1c cmd/built-in.o
 .text.do_i2c_mm
                0x000000004020c1ac       0x1c cmd/built-in.o
 .text.do_i2c_md
                0x000000004020c1c8      0x240 cmd/built-in.o
 .text.do_i2c_read
                0x000000004020c408      0x104 cmd/built-in.o
 .text.do_i2c_mw
                0x000000004020c50c      0x140 cmd/built-in.o
 .text.do_i2c_write
                0x000000004020c64c      0x1e0 cmd/built-in.o
 .text.do_i2c_crc
                0x000000004020c82c      0x180 cmd/built-in.o
 .text.do_i2c_loop
                0x000000004020c9ac      0x150 cmd/built-in.o
 .text.evalexp  0x000000004020cafc       0xa8 cmd/built-in.o
 .text.evalstr  0x000000004020cba4       0x5c cmd/built-in.o
 .text.binary_test
                0x000000004020cc00      0x198 cmd/built-in.o
 .text.do_itest
                0x000000004020cd98       0x8c cmd/built-in.o
 .text.bin_data_init
                0x000000004020ce24       0x1c cmd/built-in.o
 .text.k_data_save
                0x000000004020ce40       0x34 cmd/built-in.o
 .text.k_data_restore
                0x000000004020ce74       0x34 cmd/built-in.o
 .text.getcxmodem
                0x000000004020cea8       0x24 cmd/built-in.o
 .text.bin_data_char
                0x000000004020cecc       0x28 cmd/built-in.o
 .text.chk1.constprop.0
                0x000000004020cef4       0x34 cmd/built-in.o
 .text.s1_sendpacket.constprop.0
                0x000000004020cf28       0x5c cmd/built-in.o
 .text.load_serial
                0x000000004020cf84      0x1d4 cmd/built-in.o
 .text.do_load_serial
                0x000000004020d158       0xe0 cmd/built-in.o
 .text.load_serial_ymodem.isra.0
                0x000000004020d238      0x10c cmd/built-in.o
 .text.do_load_serial_bin
                0x000000004020d344      0x79c cmd/built-in.o
 .text.do_mem_md
                0x000000004020dae0       0xf4 cmd/built-in.o
 .text.do_mem_base
                0x000000004020dbd4       0x4c cmd/built-in.o
 .text.do_random
                0x000000004020dc20      0x108 cmd/built-in.o
 .text.do_mem_loop
                0x000000004020dd28      0x128 cmd/built-in.o
 .text.mod_mem.part.0
                0x000000004020de50      0x1b4 cmd/built-in.o
 .text.do_mem_mm
                0x000000004020e004       0x1c cmd/built-in.o
 .text.do_mem_nm
                0x000000004020e020       0x1c cmd/built-in.o
 .text.do_mem_mw
                0x000000004020e03c      0x108 cmd/built-in.o
 .text.do_mem_cp
                0x000000004020e144       0xc0 cmd/built-in.o
 .text.do_mem_cmp
                0x000000004020e204      0x1c8 cmd/built-in.o
 .text.extract_range
                0x000000004020e3cc       0xfc cmd/built-in.o
 .text.dump_field
                0x000000004020e4c8       0x68 cmd/built-in.o
 .text.do_mii   0x000000004020e530      0x854 cmd/built-in.o
 .text.do_mdio  0x000000004020ed84      0x6e8 cmd/built-in.o
 .text.do_sleep
                0x000000004020f46c       0xf0 cmd/built-in.o
 .text.do_mmcops
                0x000000004020f55c       0xe8 cmd/built-in.o
 .text.do_mmc_setdsr
                0x000000004020f644       0xbc cmd/built-in.o
 .text.init_mmc_device
                0x000000004020f700       0x84 cmd/built-in.o
 .text.do_mmc_rst_func
                0x000000004020f784       0xa8 cmd/built-in.o
 .text.do_mmc_rescan
                0x000000004020f82c       0x28 cmd/built-in.o
 .text.do_mmc_bootbus
                0x000000004020f854       0xc8 cmd/built-in.o
 .text.do_mmc_hwpartition
                0x000000004020f91c      0x4f4 cmd/built-in.o
 .text.do_mmc_list
                0x000000004020fe10       0x1c cmd/built-in.o
 .text.do_mmc_dev
                0x000000004020fe2c      0x14c cmd/built-in.o
 .text.do_mmc_boot_wp
                0x000000004020ff78       0x68 cmd/built-in.o
 .text.print_mmcinfo
                0x000000004020ffe0      0x414 cmd/built-in.o
 .text.do_mmcinfo
                0x00000000402103f4       0x60 cmd/built-in.o
 .text.do_mmc_boot_resize
                0x0000000040210454       0xe0 cmd/built-in.o
 .text.do_mmc_part
                0x0000000040210534       0x64 cmd/built-in.o
 .text.do_mmc_erase
                0x0000000040210598      0x104 cmd/built-in.o
 .text.do_mmc_write
                0x000000004021069c      0x124 cmd/built-in.o
 .text.do_mmc_read
                0x00000000402107c0       0xfc cmd/built-in.o
 .text.do_mmc_partconf
                0x00000000402108bc      0x110 cmd/built-in.o
 .text.complete_mtd
                0x00000000402109cc       0x24 cmd/built-in.o
 .text.mtd_dump_buf
                0x00000000402109f0       0xd0 cmd/built-in.o
 .text.mtd_show_parts
                0x0000000040210ac0       0xa4 cmd/built-in.o
 .text.get_mtd_by_name
                0x0000000040210b64       0x50 cmd/built-in.o
 .text.do_mtd_erase
                0x0000000040210bb4      0x1b8 cmd/built-in.o
 .text.do_mtd_list
                0x0000000040210d6c      0x21c cmd/built-in.o
 .text.mtd_name_complete
                0x0000000040210f88      0x110 cmd/built-in.o
 .text.do_mtd_io
                0x0000000040211098      0x5dc cmd/built-in.o
 .text.do_mtd   0x0000000040211674       0xb4 cmd/built-in.o
 .text.do_mtd_bad
                0x0000000040211728       0xc0 cmd/built-in.o
 .text.part_delall
                0x00000000402117e8       0x4c cmd/built-in.o
 .text.memsize_parse
                0x0000000040211834       0x70 cmd/built-in.o
 .text.env_get_mtdparts
                0x00000000402118a4       0x4c cmd/built-in.o
 .text.memsize_format
                0x00000000402118f0       0x58 cmd/built-in.o
 .text.generate_mtdparts_save.constprop.0
                0x0000000040211948      0x290 cmd/built-in.o
 .text.device_delall.constprop.0
                0x0000000040211bd8       0x6c cmd/built-in.o
 .text.get_mtd_info.constprop.0
                0x0000000040211c44       0xa8 cmd/built-in.o
 .text.part_validate
                0x0000000040211cec      0x2e0 cmd/built-in.o
 .text.mtd_part_info
                0x0000000040211fcc       0xb8 cmd/built-in.o
 .text.index_partitions
                0x0000000040212084       0xc8 cmd/built-in.o
 .text.current_save
                0x000000004021214c       0xc8 cmd/built-in.o
 .text.mtd_devices_init
                0x0000000040212214       0x24 cmd/built-in.o
 .text.device_del
                0x0000000040212238       0x84 cmd/built-in.o
 .text.part_sort_add
                0x00000000402122bc      0x124 cmd/built-in.o
 .text.device_find
                0x00000000402123e0       0x4c cmd/built-in.o
                0x00000000402123e0                device_find
 .text.device_parse
                0x000000004021242c      0x440 cmd/built-in.o
 .text.mtd_id_parse
                0x000000004021286c      0x144 cmd/built-in.o
                0x000000004021286c                mtd_id_parse
 .text.find_dev_and_part
                0x00000000402129b0      0x1d0 cmd/built-in.o
                0x00000000402129b0                find_dev_and_part
 .text.mtdparts_init
                0x0000000040212b80      0x64c cmd/built-in.o
                0x0000000040212b80                mtdparts_init
 .text.do_chpart
                0x00000000402131cc       0xe0 cmd/built-in.o
 .text.do_mtdparts
                0x00000000402132ac      0x5a4 cmd/built-in.o
 .text.mtd_arg_off
                0x0000000040213850      0x100 cmd/built-in.o
                0x0000000040213850                mtd_arg_off
 .text.mtd_arg_off_size
                0x0000000040213950      0x114 cmd/built-in.o
                0x0000000040213950                mtd_arg_off_size
 .text.netboot_common
                0x0000000040213a64      0x2bc cmd/built-in.o
 .text.do_bootp
                0x0000000040213d20        0xc cmd/built-in.o
 .text.do_dhcp  0x0000000040213d2c        0xc cmd/built-in.o
 .text.do_nfs   0x0000000040213d38        0xc cmd/built-in.o
 .text.do_tftpb
                0x0000000040213d44       0x58 cmd/built-in.o
                0x0000000040213d44                do_tftpb
 .text.do_ping  0x0000000040213d9c       0x7c cmd/built-in.o
 .text.do_pinmux
                0x0000000040213e18       0x80 cmd/built-in.o
 .text.do_list  0x0000000040213e98      0x148 cmd/built-in.o
 .text.show_pinmux
                0x0000000040213fe0       0xec cmd/built-in.o
 .text.do_status
                0x00000000402140cc      0x3b4 cmd/built-in.o
 .text.do_dev   0x0000000040214480      0x150 cmd/built-in.o
 .text.show_time
                0x00000000402145d0       0x4c cmd/built-in.o
 .text.spi_test_next_stage
                0x000000004021461c       0x50 cmd/built-in.o
 .text.bytes_per_second
                0x000000004021466c       0x4c cmd/built-in.o
 .text.do_spi_flash
                0x00000000402146b8      0xaf8 cmd/built-in.o
 .text.get_arg  0x00000000402151b0      0x104 cmd/built-in.o
 .text.substitute
                0x00000000402152b4      0x118 cmd/built-in.o
 .text.setexpr_regex_sub
                0x00000000402153cc      0x234 cmd/built-in.o
                0x00000000402153cc                setexpr_regex_sub
 .text.regex_sub_var.part.0
                0x0000000040215600      0x100 cmd/built-in.o
 .text.regex_sub_var
                0x0000000040215700       0x8c cmd/built-in.o
 .text.do_setexpr
                0x000000004021578c      0x280 cmd/built-in.o
 .text.do_false
                0x0000000040215a0c        0x8 cmd/built-in.o
 .text.do_true  0x0000000040215a14        0x8 cmd/built-in.o
 .text.do_test  0x0000000040215a1c      0x360 cmd/built-in.o
 .text.do_unlz4
                0x0000000040215d7c       0xcc cmd/built-in.o
 .text.do_unzip
                0x0000000040215e48       0xbc cmd/built-in.o
 .text.do_gzwrite
                0x0000000040215f04      0x118 cmd/built-in.o
 .text.do_lzmadec
                0x000000004021601c       0xbc cmd/built-in.o
 .text.usb_get_class_desc
                0x00000000402160d8       0xac cmd/built-in.o
 .text.usb_display_class_sub
                0x0000000040216184      0x18c cmd/built-in.o
 .text.usb_display_desc
                0x0000000040216310      0x14c cmd/built-in.o
 .text.usb_show_tree_graph
                0x000000004021645c      0x230 cmd/built-in.o
 .text.usb_show_subtree
                0x000000004021668c       0x38 cmd/built-in.o
 .text.usb_for_each_root_dev
                0x00000000402166c4       0x68 cmd/built-in.o
 .text.usb_display_string
                0x000000004021672c       0x4c cmd/built-in.o
 .text.usb_display_config
                0x0000000040216778      0x254 cmd/built-in.o
 .text.usb_show_info
                0x00000000402169cc       0x78 cmd/built-in.o
 .text.usb_find_device
                0x0000000040216a44       0xb0 cmd/built-in.o
 .text.do_usbboot
                0x0000000040216af4        0xc cmd/built-in.o
 .text.do_usb_start
                0x0000000040216b00       0x30 cmd/built-in.o
 .text.usb_show_tree
                0x0000000040216b30        0xc cmd/built-in.o
                0x0000000040216b30                usb_show_tree
 .text.do_usb   0x0000000040216b3c      0x3ec cmd/built-in.o
 .text.common_diskboot
                0x0000000040216f28      0x29c cmd/built-in.o
                0x0000000040216f28                common_diskboot
 .text.do_fastboot
                0x00000000402171c4      0x208 cmd/built-in.o
 .text.do_imgextract
                0x00000000402173cc      0x3f0 cmd/built-in.o
 .text.del_gpt_info
                0x00000000402177bc       0x48 cmd/built-in.o
 .text.extract_val
                0x0000000040217804       0xa0 cmd/built-in.o
 .text.calc_parts_list_len
                0x00000000402178a4       0xa4 cmd/built-in.o
 .text.extract_env
                0x0000000040217948       0xf8 cmd/built-in.o
 .text.gpt_enumerate
                0x0000000040217a40      0x13c cmd/built-in.o
 .text.get_gpt_info
                0x0000000040217b7c      0x120 cmd/built-in.o
 .text.create_gpt_partitions_list.constprop.0
                0x0000000040217c9c      0x140 cmd/built-in.o
 .text.set_gpt_info
                0x0000000040217ddc      0x3fc cmd/built-in.o
 .text.print_gpt_info
                0x00000000402181d8       0xf8 cmd/built-in.o
 .text.do_gpt   0x00000000402182d0      0x774 cmd/built-in.o
 .text.do_regulator
                0x0000000040218a44       0x80 cmd/built-in.o
 .text.failure  0x0000000040218ac4       0x2c cmd/built-in.o
 .text.curr_dev_and_plat
                0x0000000040218af0       0xa0 cmd/built-in.o
 .text.do_disable
                0x0000000040218b90       0x68 cmd/built-in.o
 .text.do_enable
                0x0000000040218bf8       0x68 cmd/built-in.o
 .text.do_mode  0x0000000040218c60       0xd0 cmd/built-in.o
 .text.do_current
                0x0000000040218d30      0x104 cmd/built-in.o
 .text.do_value
                0x0000000040218e34      0x140 cmd/built-in.o
 .text.constraint.isra.0
                0x0000000040218f74       0x84 cmd/built-in.o
 .text.do_info  0x0000000040218ff8      0x1d4 cmd/built-in.o
 .text.do_env_delete
                0x00000000402191cc       0xc4 cmd/built-in.o
 .text.do_env_save
                0x0000000040219290       0x1c cmd/built-in.o
 .text.do_env   0x00000000402192ac       0x84 cmd/built-in.o
 .text.env_print
                0x0000000040219330       0xc4 cmd/built-in.o
 .text.do_env_print
                0x00000000402193f4       0xe0 cmd/built-in.o
 .text.do_env_import
                0x00000000402194d4      0x2a8 cmd/built-in.o
 .text.do_env_default
                0x000000004021977c       0x98 cmd/built-in.o
 .text.do_env_exists
                0x0000000040219814       0x60 cmd/built-in.o
 .text._do_env_set.constprop.0
                0x0000000040219874      0x1bc cmd/built-in.o
 .text.do_env_set
                0x0000000040219a30       0x20 cmd/built-in.o
 .text.env_get_id
                0x0000000040219a50        0xc cmd/built-in.o
                0x0000000040219a50                env_get_id
 .text.env_set  0x0000000040219a5c       0x58 cmd/built-in.o
                0x0000000040219a5c                env_set
 .text.env_set_ulong
                0x0000000040219ab4       0x2c cmd/built-in.o
                0x0000000040219ab4                env_set_ulong
 .text.env_set_hex
                0x0000000040219ae0       0x3c cmd/built-in.o
                0x0000000040219ae0                env_set_hex
 .text.do_env_export
                0x0000000040219b1c      0x230 cmd/built-in.o
 .text.env_match
                0x0000000040219d4c       0x7c cmd/built-in.o
                0x0000000040219d4c                env_match
 .text.env_get_f
                0x0000000040219dc8      0x100 cmd/built-in.o
                0x0000000040219dc8                env_get_f
 .text.env_get  0x0000000040219ec8       0x80 cmd/built-in.o
                0x0000000040219ec8                env_get
 .text.env_get_hex
                0x0000000040219f48       0x44 cmd/built-in.o
                0x0000000040219f48                env_get_hex
 .text.eth_env_get_enetaddr
                0x0000000040219f8c       0x68 cmd/built-in.o
                0x0000000040219f8c                eth_env_get_enetaddr
 .text.eth_env_set_enetaddr
                0x0000000040219ff4       0x54 cmd/built-in.o
                0x0000000040219ff4                eth_env_set_enetaddr
 .text.env_get_ulong
                0x000000004021a048       0x40 cmd/built-in.o
                0x000000004021a048                env_get_ulong
 .text.do_env_edit.part.0
                0x000000004021a088       0xb4 cmd/built-in.o
 .text.do_env_edit
                0x000000004021a13c       0x28 cmd/built-in.o
 .text.board_init_f_alloc_reserve
                0x000000004021a164       0x10 common/built-in.o
                0x000000004021a164                board_init_f_alloc_reserve
 .text.board_init_f_init_reserve
                0x000000004021a174       0x30 common/built-in.o
                0x000000004021a174                board_init_f_init_reserve
 .text.show_boot_progress
                0x000000004021a1a4        0x4 common/built-in.o
                0x000000004021a1a4                show_boot_progress
 .text.main_loop
                0x000000004021a1a8       0x4c common/built-in.o
                0x000000004021a1a8                main_loop
 .text.mdelay   0x000000004021a1f4        0xc common/built-in.o
 .text.dummy    0x000000004021a200        0x4 common/built-in.o
 .text.get_version
                0x000000004021a204        0x8 common/built-in.o
                0x000000004021a204                get_version
 .text.jumptable_init
                0x000000004021a20c      0x1ec common/built-in.o
                0x000000004021a20c                jumptable_init
 .text.b_reset  0x000000004021a3f8       0x18 common/built-in.o
 .text.static_get
                0x000000004021a410       0x1c common/built-in.o
 .text.static_peek
                0x000000004021a42c        0xc common/built-in.o
 .text.mapset   0x000000004021a438       0x20 common/built-in.o
 .text.syntax_err
                0x000000004021a458        0xc common/built-in.o
 .text.xmalloc  0x000000004021a464       0x28 common/built-in.o
 .text.new_pipe
                0x000000004021a48c       0x24 common/built-in.o
 .text.xrealloc
                0x000000004021a4b0       0x28 common/built-in.o
 .text.is_assignment
                0x000000004021a4d8       0x50 common/built-in.o
 .text.do_showvar
                0x000000004021a528      0x10c common/built-in.o
 .text.b_addchr
                0x000000004021a634       0x94 common/built-in.o
 .text.done_command.isra.0
                0x000000004021a6c8       0x90 common/built-in.o
 .text.done_pipe.isra.0
                0x000000004021a758       0x50 common/built-in.o
 .text.done_word
                0x000000004021a7a8      0x2a0 common/built-in.o
 .text.free_pipe_list.isra.0
                0x000000004021aa48       0xd0 common/built-in.o
 .text.file_get
                0x000000004021ab18      0x1e4 common/built-in.o
 .text.b_addqchr.isra.0
                0x000000004021acfc       0x58 common/built-in.o
 .text.file_peek
                0x000000004021ad54        0xc common/built-in.o
 .text.get_local_var
                0x000000004021ad60       0x9c common/built-in.o
                0x000000004021ad60                get_local_var
 .text.set_local_var
                0x000000004021adfc      0x188 common/built-in.o
                0x000000004021adfc                set_local_var
 .text.insert_var_value_sub
                0x000000004021af84      0x2b0 common/built-in.o
 .text.parse_string_outer
                0x000000004021b234       0xe4 common/built-in.o
                0x000000004021b234                parse_string_outer
 .text.run_list_real
                0x000000004021b318      0x724 common/built-in.o
 .text.parse_stream_outer
                0x000000004021ba3c      0x66c common/built-in.o
 .text.parse_file_outer
                0x000000004021c0a8       0x40 common/built-in.o
                0x000000004021c0a8                parse_file_outer
 .text.u_boot_hush_start
                0x000000004021c0e8       0x58 common/built-in.o
                0x000000004021c0e8                u_boot_hush_start
 .text.bootdelay_process
                0x000000004021c140      0x1a0 common/built-in.o
                0x000000004021c140                bootdelay_process
 .text.autoboot_command
                0x000000004021c2e0      0x120 common/built-in.o
                0x000000004021c2e0                autoboot_command
 .text.log_init
                0x000000004021c400       0x10 common/built-in.o
 .text.display_text_info
                0x000000004021c410        0x8 common/built-in.o
 .text.setup_mon_len
                0x000000004021c418       0x20 common/built-in.o
 .text.reserve_round_4k
                0x000000004021c438       0x14 common/built-in.o
 .text.reserve_uboot
                0x000000004021c44c       0x38 common/built-in.o
 .text.reserve_malloc
                0x000000004021c484       0x1c common/built-in.o
 .text.checkcpu
                0x000000004021c4a0        0x8 common/built-in.o
                0x000000004021c4a0                checkcpu
 .text.init_func_watchdog_reset
                0x000000004021c4a8       0x18 common/built-in.o
                0x000000004021c4a8                init_func_watchdog_reset
 .text.setup_reloc
                0x000000004021c4c0       0x48 common/built-in.o
 .text.reloc_fdt
                0x000000004021c508       0x4c common/built-in.o
 .text.fix_fdt  0x000000004021c554        0x8 common/built-in.o
 .text.announce_dram_init
                0x000000004021c55c       0x20 common/built-in.o
 .text.init_func_watchdog_init
                0x000000004021c57c       0x28 common/built-in.o
 .text.print_resetinfo
                0x000000004021c5a4       0x48 common/built-in.o
 .text.init_baud_rate
                0x000000004021c5ec       0x30 common/built-in.o
 .text.initf_dm
                0x000000004021c61c        0x8 common/built-in.o
 .text.initf_bootstage
                0x000000004021c624       0x1c common/built-in.o
 .text.clear_bss
                0x000000004021c640        0x8 common/built-in.o
                0x000000004021c640                clear_bss
 .text.setup_spl_handoff
                0x000000004021c648        0x8 common/built-in.o
 .text.mach_cpu_init
                0x000000004021c650        0x8 common/built-in.o
                0x000000004021c650                mach_cpu_init
 .text.reserve_video
                0x000000004021c658        0x8 common/built-in.o
 .text.reserve_trace
                0x000000004021c660        0x8 common/built-in.o
 .text.reserve_bootstage
                0x000000004021c668        0x8 common/built-in.o
 .text.reserve_bloblist
                0x000000004021c670        0x8 common/built-in.o
 .text.display_new_sp
                0x000000004021c678        0x8 common/built-in.o
 .text.reloc_bootstage
                0x000000004021c680        0x8 common/built-in.o
 .text.reloc_bloblist
                0x000000004021c688        0x8 common/built-in.o
 .text.reserve_arch
                0x000000004021c690        0x8 common/built-in.o
                0x000000004021c690                reserve_arch
 .text.reserve_board
                0x000000004021c698       0x4c common/built-in.o
 .text.reserve_fdt
                0x000000004021c6e4       0x48 common/built-in.o
 .text.reserve_global_data
                0x000000004021c72c       0x20 common/built-in.o
 .text.board_add_ram_info
                0x000000004021c74c        0x4 common/built-in.o
                0x000000004021c74c                board_add_ram_info
 .text.show_dram_config
                0x000000004021c750       0x58 common/built-in.o
 .text.setup_dest_addr
                0x000000004021c7a8       0x4c common/built-in.o
 .text.reserve_stacks
                0x000000004021c7f4       0x14 common/built-in.o
 .text.arch_setup_bdinfo
                0x000000004021c808        0x8 common/built-in.o
                0x000000004021c808                arch_setup_bdinfo
 .text.setup_bdinfo
                0x000000004021c810        0xc common/built-in.o
                0x000000004021c810                setup_bdinfo
 .text.board_init_f
                0x000000004021c81c       0x7c common/built-in.o
                0x000000004021c81c                board_init_f
 .text.cpu_secondary_init_r
                0x000000004021c898        0x8 common/built-in.o
                0x000000004021c898                cpu_secondary_init_r
 .text.initr_trace
                0x000000004021c8a0        0x8 common/built-in.o
 .text.initr_reloc
                0x000000004021c8a8       0x18 common/built-in.o
 .text.run_main_loop
                0x000000004021c8c0       0x10 common/built-in.o
 .text.initr_check_fastboot
                0x000000004021c8d0       0x18 common/built-in.o
 .text.initr_net
                0x000000004021c8e8       0x24 common/built-in.o
 .text.initr_fastboot_setup
                0x000000004021c90c       0x18 common/built-in.o
 .text.initr_ethaddr
                0x000000004021c924       0x28 common/built-in.o
 .text.initr_env
                0x000000004021c94c       0x74 common/built-in.o
 .text.initr_mmc
                0x000000004021c9c0       0x28 common/built-in.o
 .text.initr_dm
                0x000000004021c9e8       0x14 common/built-in.o
 .text.initr_bootstage
                0x000000004021c9fc       0x1c common/built-in.o
 .text.initr_malloc
                0x000000004021ca18       0x28 common/built-in.o
 .text.initr_reloc_global_data
                0x000000004021ca40       0x50 common/built-in.o
 .text.initr_caches
                0x000000004021ca90       0x18 common/built-in.o
 .text.arch_initr_trap
                0x000000004021caa8        0x8 common/built-in.o
                0x000000004021caa8                arch_initr_trap
 .text.initr_barrier
                0x000000004021cab0        0x8 common/built-in.o
 .text.initr_of_live
                0x000000004021cab8        0x8 common/built-in.o
 .text.initr_dm_devices
                0x000000004021cac0        0x8 common/built-in.o
 .text.power_init_board
                0x000000004021cac8        0x8 common/built-in.o
                0x000000004021cac8                power_init_board
 .text.initr_announce
                0x000000004021cad0        0x8 common/built-in.o
 .text.initr_binman
                0x000000004021cad8        0x8 common/built-in.o
 .text.board_init_r
                0x000000004021cae0       0x70 common/built-in.o
                0x000000004021cae0                board_init_r
 .text.checkboard
                0x000000004021cb50        0x8 common/built-in.o
                0x000000004021cb50                checkboard
 .text.show_board_info
                0x000000004021cb58       0x3c common/built-in.o
                0x000000004021cb58                show_board_info
 .text.bootm_find_images
                0x000000004021cb94      0x190 common/built-in.o
                0x000000004021cb94                bootm_find_images
 .text.bootm_disable_interrupts
                0x000000004021cd24       0x28 common/built-in.o
                0x000000004021cd24                bootm_disable_interrupts
 .text.do_bootm_states
                0x000000004021cd4c      0x958 common/built-in.o
                0x000000004021cd4c                do_bootm_states
 .text.copy_args
                0x000000004021d6a4       0x6c common/built-in.o
 .text.do_bootm_efi
                0x000000004021d710       0xbc common/built-in.o
 .text.do_bootm_plan9
                0x000000004021d7cc       0xc0 common/built-in.o
 .text.do_bootm_netbsd
                0x000000004021d88c      0x120 common/built-in.o
 .text.do_bootm_vxworks
                0x000000004021d9ac      0x214 common/built-in.o
                0x000000004021d9ac                do_bootm_vxworks
 .text.do_bootm_qnxelf
                0x000000004021dbc0       0x8c common/built-in.o
 .text.do_bootm_standalone
                0x000000004021dc4c       0x74 common/built-in.o
 .text.do_bootm_rtems
                0x000000004021dcc0       0x60 common/built-in.o
 .text.board_preboot_os
                0x000000004021dd20        0x4 common/built-in.o
                0x000000004021dd20                board_preboot_os
 .text.boot_selected_os
                0x000000004021dd24       0x7c common/built-in.o
                0x000000004021dd24                boot_selected_os
 .text.bootm_os_get_boot_func
                0x000000004021dda0       0x10 common/built-in.o
                0x000000004021dda0                bootm_os_get_boot_func
 .text.of_bus_default_map
                0x000000004021ddb0       0xa8 common/built-in.o
 .text.fdt_pack_reg
                0x000000004021de58       0xd8 common/built-in.o
 .text.fdt_del_partitions
                0x000000004021df30      0x104 common/built-in.o
 .text.of_bus_default_translate
                0x000000004021e034       0xb8 common/built-in.o
 .text.fdt_support_default_count_cells
                0x000000004021e0ec       0x70 common/built-in.o
                0x000000004021e0ec                fdt_support_default_count_cells
 .text.__of_translate_address
                0x000000004021e15c      0x27c common/built-in.o
 .text.fdt_getprop_u32_default_node
                0x000000004021e3d8       0x4c common/built-in.o
                0x000000004021e3d8                fdt_getprop_u32_default_node
 .text.fdt_find_and_setprop
                0x000000004021e424       0x94 common/built-in.o
                0x000000004021e424                fdt_find_and_setprop
 .text.fdt_find_or_add_subnode
                0x000000004021e4b8       0x74 common/built-in.o
                0x000000004021e4b8                fdt_find_or_add_subnode
 .text.fdt_root
                0x000000004021e52c       0x98 common/built-in.o
                0x000000004021e52c                fdt_root
 .text.fdt_initrd
                0x000000004021e5c4      0x1b4 common/built-in.o
                0x000000004021e5c4                fdt_initrd
 .text.fdt_chosen
                0x000000004021e778       0xbc common/built-in.o
                0x000000004021e778                fdt_chosen
 .text.do_fixup_by_path
                0x000000004021e834       0x4c common/built-in.o
                0x000000004021e834                do_fixup_by_path
 .text.fdt_fixup_memory_banks
                0x000000004021e880      0x188 common/built-in.o
                0x000000004021e880                fdt_fixup_memory_banks
 .text.fdt_fixup_memory
                0x000000004021ea08       0x24 common/built-in.o
                0x000000004021ea08                fdt_fixup_memory
 .text.fdt_fixup_ethernet
                0x000000004021ea2c      0x1ac common/built-in.o
                0x000000004021ea2c                fdt_fixup_ethernet
 .text.fdt_shrink_to_minimum
                0x000000004021ebd8       0xdc common/built-in.o
                0x000000004021ebd8                fdt_shrink_to_minimum
 .text.fdt_increase_size
                0x000000004021ecb4       0x14 common/built-in.o
                0x000000004021ecb4                fdt_increase_size
 .text.fdt_fixup_mtdparts
                0x000000004021ecc8      0x354 common/built-in.o
                0x000000004021ecc8                fdt_fixup_mtdparts
 .text.fdt_translate_address
                0x000000004021f01c        0xc common/built-in.o
                0x000000004021f01c                fdt_translate_address
 .text.fdt_set_node_status
                0x000000004021f028       0xf4 common/built-in.o
                0x000000004021f028                fdt_set_node_status
 .text.fdt_overlay_apply_verbose
                0x000000004021f11c       0x80 common/built-in.o
                0x000000004021f11c                fdt_overlay_apply_verbose
 .text.fdt_valid
                0x000000004021f19c       0xcc common/built-in.o
                0x000000004021f19c                fdt_valid
 .text.miiphy_get_dev_by_name
                0x000000004021f268       0x68 common/built-in.o
                0x000000004021f268                miiphy_get_dev_by_name
 .text.miiphy_init
                0x000000004021f2d0       0x1c common/built-in.o
                0x000000004021f2d0                miiphy_init
 .text.mdio_alloc
                0x000000004021f2ec       0x3c common/built-in.o
                0x000000004021f2ec                mdio_alloc
 .text.mdio_free
                0x000000004021f328        0x4 common/built-in.o
                0x000000004021f328                mdio_free
 .text.mdio_register
                0x000000004021f32c       0x8c common/built-in.o
                0x000000004021f32c                mdio_register
 .text.mdio_unregister
                0x000000004021f3b8       0x30 common/built-in.o
                0x000000004021f3b8                mdio_unregister
 .text.mdio_list_devices
                0x000000004021f3e8       0xc8 common/built-in.o
                0x000000004021f3e8                mdio_list_devices
 .text.miiphy_set_current_dev
                0x000000004021f4b0       0x48 common/built-in.o
                0x000000004021f4b0                miiphy_set_current_dev
 .text.miiphy_get_active_dev
                0x000000004021f4f8       0x60 common/built-in.o
 .text.mdio_get_current_dev
                0x000000004021f558        0xc common/built-in.o
                0x000000004021f558                mdio_get_current_dev
 .text.mdio_phydev_for_ethname
                0x000000004021f564       0xa0 common/built-in.o
                0x000000004021f564                mdio_phydev_for_ethname
 .text.miiphy_get_current_dev
                0x000000004021f604       0x14 common/built-in.o
                0x000000004021f604                miiphy_get_current_dev
 .text.miiphy_read
                0x000000004021f618       0x5c common/built-in.o
                0x000000004021f618                miiphy_read
 .text.miiphy_write
                0x000000004021f674       0x60 common/built-in.o
                0x000000004021f674                miiphy_write
 .text.miiphy_listdev
                0x000000004021f6d4       0x90 common/built-in.o
                0x000000004021f6d4                miiphy_listdev
 .text.miiphy_info
                0x000000004021f764       0xa0 common/built-in.o
                0x000000004021f764                miiphy_info
 .text.miiphy_is_1000base_x
                0x000000004021f804       0x40 common/built-in.o
                0x000000004021f804                miiphy_is_1000base_x
 .text.miiphy_speed
                0x000000004021f844      0x11c common/built-in.o
                0x000000004021f844                miiphy_speed
 .text.miiphy_duplex
                0x000000004021f960      0x140 common/built-in.o
                0x000000004021f960                miiphy_duplex
 .text.usb_set_maxpacket_ep
                0x000000004021faa0       0x84 common/built-in.o
 .text.usb_int_msg
                0x000000004021fb24        0x4 common/built-in.o
                0x000000004021fb24                usb_int_msg
 .text.usb_control_msg
                0x000000004021fb28       0xa0 common/built-in.o
                0x000000004021fb28                usb_control_msg
 .text.usb_get_descriptor
                0x000000004021fbc8       0x5c common/built-in.o
 .text.get_descriptor_len
                0x000000004021fc24       0xa4 common/built-in.o
 .text.usb_setup_descriptor
                0x000000004021fcc8       0xec common/built-in.o
 .text.usb_get_string
                0x000000004021fdb4       0xa4 common/built-in.o
 .text.usb_string_sub
                0x000000004021fe58      0x114 common/built-in.o
 .text.usb_bulk_msg
                0x000000004021ff6c       0x80 common/built-in.o
                0x000000004021ff6c                usb_bulk_msg
 .text.usb_maxpacket
                0x000000004021ffec       0x1c common/built-in.o
                0x000000004021ffec                usb_maxpacket
 .text.usb_clear_halt
                0x0000000040220008       0x9c common/built-in.o
                0x0000000040220008                usb_clear_halt
 .text.usb_get_configuration_len
                0x00000000402200a4       0x78 common/built-in.o
                0x00000000402200a4                usb_get_configuration_len
 .text.usb_get_configuration_no
                0x000000004022011c       0x40 common/built-in.o
                0x000000004022011c                usb_get_configuration_no
 .text.usb_set_interface
                0x000000004022015c       0xb0 common/built-in.o
                0x000000004022015c                usb_set_interface
 .text.usb_string
                0x000000004022020c      0x118 common/built-in.o
                0x000000004022020c                usb_string
 .text.usb_select_config
                0x0000000040220324      0x4b4 common/built-in.o
                0x0000000040220324                usb_select_config
 .text.usb_setup_device
                0x00000000402207d8      0x114 common/built-in.o
                0x00000000402207d8                usb_setup_device
 .text.usb_device_has_child_on_port
                0x00000000402208ec        0x8 common/built-in.o
                0x00000000402208ec                usb_device_has_child_on_port
 .text.usb_find_usb2_hub_address_port
                0x00000000402208f4       0x90 common/built-in.o
                0x00000000402208f4                usb_find_usb2_hub_address_port
 .text.usb_set_port_feature
                0x0000000040220984       0x4c common/built-in.o
 .text.usb_get_hub_descriptor
                0x00000000402209d0       0x64 common/built-in.o
 .text.usb_clear_port_feature.isra.0
                0x0000000040220a34       0x4c common/built-in.o
 .text.usb_hub_reset_devices
                0x0000000040220a80        0x4 common/built-in.o
                0x0000000040220a80                usb_hub_reset_devices
 .text.usb_hub_is_root_hub
                0x0000000040220a84       0x20 common/built-in.o
                0x0000000040220a84                usb_hub_is_root_hub
 .text.usb_get_port_status
                0x0000000040220aa4       0xc8 common/built-in.o
                0x0000000040220aa4                usb_get_port_status
 .text.usb_hub_port_connect_change
                0x0000000040220b6c      0x180 common/built-in.o
                0x0000000040220b6c                usb_hub_port_connect_change
 .text.usb_hub_configure
                0x0000000040220cec      0x5a0 common/built-in.o
 .text.usb_hub_scan
                0x000000004022128c       0x14 common/built-in.o
                0x000000004022128c                usb_hub_scan
 .text.usb_hub_post_probe
                0x00000000402212a0        0x4 common/built-in.o
 .text.usb_stor_irq
                0x00000000402212a4       0x18 common/built-in.o
 .text.usb_stor_BBB_reset
                0x00000000402212bc       0xec common/built-in.o
 .text.usb_stor_CB_reset
                0x00000000402213a8       0xdc common/built-in.o
 .text.usb_stor_CB_comdat
                0x0000000040221484      0x1ec common/built-in.o
 .text.usb_stor_CBI_get_status
                0x0000000040221670       0xd4 common/built-in.o
 .text.usb_stor_CB_transport
                0x0000000040221744      0x1f8 common/built-in.o
 .text.usb_request_sense.constprop.0.isra.0
                0x000000004022193c       0x88 common/built-in.o
 .text.usb_stor_write
                0x00000000402219c4      0x19c common/built-in.o
 .text.usb_stor_read
                0x0000000040221b60      0x19c common/built-in.o
 .text.usb_stor_BBB_clear_endpt_stall.isra.0
                0x0000000040221cfc       0x4c common/built-in.o
 .text.usb_stor_BBB_transport
                0x0000000040221d48      0x248 common/built-in.o
 .text.usb_stor_info
                0x0000000040221f90       0x88 common/built-in.o
                0x0000000040221f90                usb_stor_info
 .text.usb_stor_reset
                0x0000000040222018        0xc common/built-in.o
                0x0000000040222018                usb_stor_reset
 .text.usb_stor_scan
                0x0000000040222024       0x4c common/built-in.o
                0x0000000040222024                usb_stor_scan
 .text.usb_storage_probe
                0x0000000040222070      0x25c common/built-in.o
                0x0000000040222070                usb_storage_probe
 .text.usb_stor_get_info
                0x00000000402222cc      0x2e4 common/built-in.o
                0x00000000402222cc                usb_stor_get_info
 .text.usb_mass_storage_probe
                0x00000000402225b0      0x18c common/built-in.o
 .text.iomux_match_device
                0x000000004022273c       0x30 common/built-in.o
                0x000000004022273c                iomux_match_device
 .text.iomux_doenv
                0x000000004022276c      0x1d4 common/built-in.o
                0x000000004022276c                iomux_doenv
 .text.cread_add_char
                0x0000000040222940      0x100 common/built-in.o
 .text.delete_char
                0x0000000040222a40      0x108 common/built-in.o
 .text.cli_readline_into_buffer
                0x0000000040222b48      0x8d8 common/built-in.o
                0x0000000040222b48                cli_readline_into_buffer
 .text.cli_readline
                0x0000000040223420       0x14 common/built-in.o
                0x0000000040223420                cli_readline
 .text.console_tstc
                0x0000000040223434       0xb0 common/built-in.o
 .text.console_putc
                0x00000000402234e4       0x78 common/built-in.o
 .text.console_puts
                0x000000004022355c       0x78 common/built-in.o
 .text.on_console
                0x00000000402235d4       0xc0 common/built-in.o
 .text.console_needs_start_stop
                0x0000000040223694       0x78 common/built-in.o
 .text.serial_printf
                0x000000004022370c       0x88 common/built-in.o
                0x000000004022370c                serial_printf
 .text.puts     0x0000000040223794       0x28 common/built-in.o
                0x0000000040223794                puts
 .text.putc     0x00000000402237bc       0x2c common/built-in.o
                0x00000000402237bc                putc
 .text.tstc     0x00000000402237e8       0x24 common/built-in.o
                0x00000000402237e8                tstc
 .text.fgetc.part.0
                0x000000004022380c       0x54 common/built-in.o
 .text.getchar  0x0000000040223860       0x24 common/built-in.o
                0x0000000040223860                getchar
 .text.console_start
                0x0000000040223884       0x48 common/built-in.o
                0x0000000040223884                console_start
 .text.console_stop
                0x00000000402238cc       0x44 common/built-in.o
                0x00000000402238cc                console_stop
 .text.fputs    0x0000000040223910       0x10 common/built-in.o
                0x0000000040223910                fputs
 .text.ctrlc    0x0000000040223920       0x54 common/built-in.o
                0x0000000040223920                ctrlc
 .text.confirm_yesno
                0x0000000040223974       0xd8 common/built-in.o
                0x0000000040223974                confirm_yesno
 .text.disable_ctrlc
                0x0000000040223a4c       0x14 common/built-in.o
                0x0000000040223a4c                disable_ctrlc
 .text.had_ctrlc
                0x0000000040223a60        0xc common/built-in.o
                0x0000000040223a60                had_ctrlc
 .text.clear_ctrlc
                0x0000000040223a6c        0xc common/built-in.o
                0x0000000040223a6c                clear_ctrlc
 .text.console_search_dev
                0x0000000040223a78       0x34 common/built-in.o
                0x0000000040223a78                console_search_dev
 .text.console_assign
                0x0000000040223aac       0xd4 common/built-in.o
                0x0000000040223aac                console_assign
 .text.console_init_f
                0x0000000040223b80       0x18 common/built-in.o
                0x0000000040223b80                console_init_f
 .text.stdio_print_current_devices
                0x0000000040223b98       0xbc common/built-in.o
                0x0000000040223b98                stdio_print_current_devices
 .text.console_init_r
                0x0000000040223c54      0x1a4 common/built-in.o
                0x0000000040223c54                console_init_r
 .text.sbrk     0x0000000040223df8       0x74 common/built-in.o
                0x0000000040223df8                sbrk
 .text.mem_malloc_init
                0x0000000040223e6c       0x28 common/built-in.o
                0x0000000040223e6c                mem_malloc_init
 .text.malloc_trim
                0x0000000040223e94       0xd8 common/built-in.o
                0x0000000040223e94                malloc_trim
 .text.free     0x0000000040223f6c      0x21c common/built-in.o
                0x0000000040223f6c                free
 .text.malloc   0x0000000040224188      0x62c common/built-in.o
                0x0000000040224188                malloc
 .text.calloc   0x00000000402247b4       0xdc common/built-in.o
                0x00000000402247b4                calloc
 .text.realloc  0x0000000040224890      0x460 common/built-in.o
                0x0000000040224890                realloc
 .text.memalign
                0x0000000040224cf0      0x1b0 common/built-in.o
                0x0000000040224cf0                memalign
 .text.initf_malloc
                0x0000000040224ea0       0x18 common/built-in.o
                0x0000000040224ea0                initf_malloc
 .text.alloc_simple
                0x0000000040224eb8       0x6c common/built-in.o
 .text.malloc_simple
                0x0000000040224f24        0x8 common/built-in.o
                0x0000000040224f24                malloc_simple
 .text.memalign_simple
                0x0000000040224f2c       0x10 common/built-in.o
                0x0000000040224f2c                memalign_simple
 .text.on_loadaddr
                0x0000000040224f3c       0x3c common/built-in.o
 .text.image_check_hcrc
                0x0000000040224f78       0x50 common/built-in.o
                0x0000000040224f78                image_check_hcrc
 .text.image_check_dcrc
                0x0000000040224fc8       0x44 common/built-in.o
                0x0000000040224fc8                image_check_dcrc
 .text.image_multi_count
                0x000000004022500c       0x20 common/built-in.o
                0x000000004022500c                image_multi_count
 .text.image_multi_getimg
                0x000000004022502c       0x84 common/built-in.o
                0x000000004022502c                image_multi_getimg
 .text.image_decomp_type
                0x00000000402250b0       0x58 common/built-in.o
                0x00000000402250b0                image_decomp_type
 .text.env_get_bootm_low
                0x0000000040225108       0x34 common/built-in.o
                0x0000000040225108                env_get_bootm_low
 .text.env_get_bootm_size
                0x000000004022513c       0x88 common/built-in.o
                0x000000004022513c                env_get_bootm_size
 .text.env_get_bootm_mapsize
                0x00000000402251c4       0x30 common/built-in.o
                0x00000000402251c4                env_get_bootm_mapsize
 .text.memmove_wd
                0x00000000402251f4       0x98 common/built-in.o
                0x00000000402251f4                memmove_wd
 .text.genimg_print_size
                0x000000004022528c       0x38 common/built-in.o
                0x000000004022528c                genimg_print_size
 .text.get_table_entry
                0x00000000402252c4       0x20 common/built-in.o
                0x00000000402252c4                get_table_entry
 .text.get_table_entry_name
                0x00000000402252e4       0x28 common/built-in.o
                0x00000000402252e4                get_table_entry_name
 .text.genimg_get_os_name
                0x000000004022530c       0x18 common/built-in.o
                0x000000004022530c                genimg_get_os_name
 .text.genimg_get_arch_name
                0x0000000040225324       0x18 common/built-in.o
                0x0000000040225324                genimg_get_arch_name
 .text.genimg_get_type_name
                0x000000004022533c       0x18 common/built-in.o
                0x000000004022533c                genimg_get_type_name
 .text.image_decomp
                0x0000000040225354      0x174 common/built-in.o
                0x0000000040225354                image_decomp
 .text.genimg_get_comp_name
                0x00000000402254c8       0x18 common/built-in.o
                0x00000000402254c8                genimg_get_comp_name
 .text.image_print_contents
                0x00000000402254e0      0x1d4 common/built-in.o
                0x00000000402254e0                image_print_contents
 .text.get_table_entry_id
                0x00000000402256b4       0x50 common/built-in.o
                0x00000000402256b4                get_table_entry_id
 .text.genimg_get_os_id
                0x0000000040225704       0x18 common/built-in.o
                0x0000000040225704                genimg_get_os_id
 .text.genimg_get_arch_id
                0x000000004022571c       0x18 common/built-in.o
                0x000000004022571c                genimg_get_arch_id
 .text.genimg_get_type_id
                0x0000000040225734       0x18 common/built-in.o
                0x0000000040225734                genimg_get_type_id
 .text.genimg_get_comp_id
                0x000000004022574c       0x18 common/built-in.o
                0x000000004022574c                genimg_get_comp_id
 .text.genimg_get_kernel_addr_fit
                0x0000000040225764       0x78 common/built-in.o
                0x0000000040225764                genimg_get_kernel_addr_fit
 .text.genimg_get_format
                0x00000000402257dc       0x5c common/built-in.o
                0x00000000402257dc                genimg_get_format
 .text.genimg_has_config
                0x0000000040225838       0x10 common/built-in.o
                0x0000000040225838                genimg_has_config
 .text.boot_get_ramdisk
                0x0000000040225848      0x388 common/built-in.o
                0x0000000040225848                boot_get_ramdisk
 .text.boot_ramdisk_high
                0x0000000040225bd0      0x12c common/built-in.o
                0x0000000040225bd0                boot_ramdisk_high
 .text.boot_get_setup
                0x0000000040225cfc        0x4 common/built-in.o
                0x0000000040225cfc                boot_get_setup
 .text.boot_get_loadable
                0x0000000040225d00      0x19c common/built-in.o
                0x0000000040225d00                boot_get_loadable
 .text.image_setup_linux
                0x0000000040225e9c       0x60 common/built-in.o
                0x0000000040225e9c                image_setup_linux
 .text.append_kernel_cmdline
                0x0000000040225efc       0x7c common/built-in.o
 .text.append_androidboot_args
                0x0000000040225f78      0x32c common/built-in.o
 .text.android_image_get_kernel_addr
                0x00000000402262a4       0x90 common/built-in.o
 .text.android_image_get_kernel
                0x0000000040226334      0x2a4 common/built-in.o
                0x0000000040226334                android_image_get_kernel
 .text.android_image_check_header
                0x00000000402265d8       0x14 common/built-in.o
                0x00000000402265d8                android_image_check_header
 .text.android_image_get_dtb_img_addr
                0x00000000402265ec      0x174 common/built-in.o
 .text.android_image_get_end
                0x0000000040226760      0x130 common/built-in.o
                0x0000000040226760                android_image_get_end
 .text.android_image_get_kload
                0x0000000040226890        0x4 common/built-in.o
                0x0000000040226890                android_image_get_kload
 .text.android_image_get_kcomp
                0x0000000040226894       0x54 common/built-in.o
                0x0000000040226894                android_image_get_kcomp
 .text.android_image_get_ramdisk
                0x00000000402268e8      0x128 common/built-in.o
                0x00000000402268e8                android_image_get_ramdisk
 .text.android_image_get_second
                0x0000000040226a10      0x14c common/built-in.o
                0x0000000040226a10                android_image_get_second
 .text.android_image_get_dtb_by_index
                0x0000000040226b5c      0x11c common/built-in.o
                0x0000000040226b5c                android_image_get_dtb_by_index
 .text.android_print_contents
                0x0000000040226c78      0x3ac common/built-in.o
                0x0000000040226c78                android_print_contents
 .text.android_dt_check_header
                0x0000000040227024       0x18 common/built-in.o
                0x0000000040227024                android_dt_check_header
 .text.android_dt_get_fdt_by_index
                0x000000004022703c       0x7c common/built-in.o
                0x000000004022703c                android_dt_get_fdt_by_index
 .text.fdt_error
                0x00000000402270b8       0x38 common/built-in.o
 .text.boot_fdt_reserve_region
                0x00000000402270f0       0x50 common/built-in.o
 .text.boot_fdt_add_mem_rsv_regions
                0x0000000040227140      0x104 common/built-in.o
                0x0000000040227140                boot_fdt_add_mem_rsv_regions
 .text.boot_relocate_fdt
                0x0000000040227244      0x1a8 common/built-in.o
                0x0000000040227244                boot_relocate_fdt
 .text.boot_get_fdt
                0x00000000402273ec      0x448 common/built-in.o
                0x00000000402273ec                boot_get_fdt
 .text.ft_verify_fdt
                0x0000000040227834        0x8 common/built-in.o
                0x0000000040227834                ft_verify_fdt
 .text.image_setup_libfdt
                0x000000004022783c      0x1a4 common/built-in.o
                0x000000004022783c                image_setup_libfdt
 .text.fit_image_get_address
                0x00000000402279e0       0x88 common/built-in.o
 .text.fit_parse_conf
                0x0000000040227a68       0x78 common/built-in.o
                0x0000000040227a68                fit_parse_conf
 .text.fit_parse_subimage
                0x0000000040227ae0       0x78 common/built-in.o
                0x0000000040227ae0                fit_parse_subimage
 .text.fit_get_desc
                0x0000000040227b58       0x38 common/built-in.o
                0x0000000040227b58                fit_get_desc
 .text.fit_image_get_node
                0x0000000040227b90       0x48 common/built-in.o
                0x0000000040227b90                fit_image_get_node
 .text.fit_image_get_os
                0x0000000040227bd8       0x4c common/built-in.o
                0x0000000040227bd8                fit_image_get_os
 .text.fit_image_get_arch
                0x0000000040227c24       0x4c common/built-in.o
                0x0000000040227c24                fit_image_get_arch
 .text.fit_image_get_type
                0x0000000040227c70       0x4c common/built-in.o
                0x0000000040227c70                fit_image_get_type
 .text.fit_image_get_comp
                0x0000000040227cbc       0x4c common/built-in.o
                0x0000000040227cbc                fit_image_get_comp
 .text.fit_image_get_load
                0x0000000040227d08       0x10 common/built-in.o
                0x0000000040227d08                fit_image_get_load
 .text.fit_image_get_entry
                0x0000000040227d18       0x10 common/built-in.o
                0x0000000040227d18                fit_image_get_entry
 .text.fit_image_get_data
                0x0000000040227d28       0x50 common/built-in.o
                0x0000000040227d28                fit_image_get_data
 .text.fit_image_get_data_offset
                0x0000000040227d78       0x48 common/built-in.o
                0x0000000040227d78                fit_image_get_data_offset
 .text.fit_image_get_data_position
                0x0000000040227dc0       0x48 common/built-in.o
                0x0000000040227dc0                fit_image_get_data_position
 .text.fit_image_get_data_size
                0x0000000040227e08       0x48 common/built-in.o
                0x0000000040227e08                fit_image_get_data_size
 .text.fit_image_get_data_and_size
                0x0000000040227e50       0xac common/built-in.o
                0x0000000040227e50                fit_image_get_data_and_size
 .text.fit_image_hash_get_algo
                0x0000000040227efc       0x38 common/built-in.o
                0x0000000040227efc                fit_image_hash_get_algo
 .text.fit_image_hash_get_value
                0x0000000040227f34       0x50 common/built-in.o
                0x0000000040227f34                fit_image_hash_get_value
 .text.fit_image_print_data
                0x0000000040227f84      0x190 common/built-in.o
 .text.fit_image_print_verification_data
                0x0000000040228114       0xbc common/built-in.o
 .text.fit_image_print
                0x00000000402281d0      0x2fc common/built-in.o
                0x00000000402281d0                fit_image_print
 .text.fit_print_contents
                0x00000000402284cc      0x454 common/built-in.o
                0x00000000402284cc                fit_print_contents
 .text.fit_get_end
                0x0000000040228920       0x10 common/built-in.o
                0x0000000040228920                fit_get_end
 .text.calculate_hash
                0x0000000040228930      0x11c common/built-in.o
                0x0000000040228930                calculate_hash
 .text.fit_image_verify_with_data