../drivers/mmc/mmc.c:1573:12:mmc_set_ios	0	static
../drivers/mmc/mmc.c:989:12:mmc_set_capacity	32	static
../drivers/mmc/mmc.c:40:12:board_mmc_getwp	0	static
../drivers/mmc/mmc.c:45:5:mmc_getwp	32	static
../drivers/mmc/mmc.c:61:12:board_mmc_getcd	0	static
../drivers/mmc/mmc.c:198:5:mmc_send_cmd	0	static
../drivers/mmc/mmc.c:508:12:mmc_go_idle	64	static
../drivers/mmc/mmc.c:671:12:mmc_send_op_cond_iter	64	static
../drivers/mmc/mmc.c:1278:12:sd_get_capabilities	464	static
../drivers/mmc/mmc.c:788:12:__mmc_switch.constprop	80	static
../drivers/mmc/mmc.c:253:5:mmc_send_status	80	static
../drivers/mmc/mmc.c:271:5:mmc_poll_for_busy	64	static
../drivers/mmc/mmc.c:313:5:mmc_set_blocklen	48	static
../drivers/mmc/mmc.c:452:7:mmc_bread	160	static
../drivers/mmc/mmc.c:767:5:mmc_send_ext_csd	80	static
../drivers/mmc/mmc.c:1829:12:mmc_read_and_compare_ext_csd	608	static
../drivers/mmc/mmc.c:864:12:mmc_set_card_speed.constprop	608	static
../drivers/mmc/mmc.c:853:5:mmc_switch	0	static
../drivers/mmc/mmc.c:2207:12:mmc_startup_v4	624	static
../drivers/mmc/mmc.c:858:5:mmc_boot_wp	0	static
../drivers/mmc/mmc.c:1017:5:mmc_switch_part	64	static
../drivers/mmc/mmc.c:1240:5:mmc_getcd	32	static
../drivers/mmc/mmc.c:1594:5:mmc_set_clock	0	static
../drivers/mmc/mmc.c:2668:13:board_mmc_power_init	0	static
../drivers/mmc/mmc.c:2771:5:mmc_get_op_cond	112	static
../drivers/mmc/mmc.c:2856:5:mmc_start_init	32	static
../drivers/mmc/mmc.c:2912:5:mmc_init	336	static
../drivers/mmc/mmc.c:2963:5:mmc_set_dsr	0	static
../drivers/mmc/mmc.c:2970:12:cpu_mmc_init	0	static
../drivers/mmc/mmc.c:2976:12:board_mmc_init	0	static
../drivers/mmc/mmc.c:2981:6:mmc_set_preinit	0	static
../drivers/mmc/mmc.c:3025:5:mmc_initialize	32	static
../drivers/mmc/mmc.c:3105:12:mmc_get_env_dev	0	static
