../lib/efi_loader/efi_file.c:704:28:efi_file_getpos	32	static
../lib/efi_loader/efi_file.c:988:28:efi_file_flush_ex	32	static
../lib/efi_loader/efi_file.c:56:12:set_blk_dev.isra	0	static
../lib/efi_loader/efi_file.c:379:28:efi_file_delete	32	static
../lib/efi_loader/efi_file.c:400:21:efi_get_file_size	32	static
../lib/efi_loader/efi_file.c:865:28:efi_file_setinfo	80	static
../lib/efi_loader/efi_file.c:732:28:efi_file_setpos	48	static
../lib/efi_loader/efi_file.c:511:21:efi_file_read_int	96	static
../lib/efi_loader/efi_file.c:571:28:efi_file_read_ex	32	static
../lib/efi_loader/efi_file.c:547:28:efi_file_read	48	static
../lib/efi_loader/efi_file.c:594:21:efi_file_write_int	64	static
../lib/efi_loader/efi_file.c:671:28:efi_file_write_ex	32	static
../lib/efi_loader/efi_file.c:646:28:efi_file_write	48	static
../lib/efi_loader/efi_file.c:175:32:file_open	112	static
../lib/efi_loader/efi_file.c:1088:1:efi_open_volume	32	static
../lib/efi_loader/efi_file.c:249:21:efi_file_open_int	32	static
../lib/efi_loader/efi_file.c:337:28:efi_file_open_ex	64	static
../lib/efi_loader/efi_file.c:308:28:efi_file_open	64	static
../lib/efi_loader/efi_file.c:372:28:efi_file_close	32	static
../lib/efi_loader/efi_file.c:965:28:efi_file_flush	32	static
../lib/efi_loader/efi_file.c:764:28:efi_file_getinfo	208	static
../lib/efi_loader/efi_file.c:1035:25:efi_file_from_path	64	static
../lib/efi_loader/efi_file.c:1101:1:efi_simple_file_system	48	static
