../drivers/core/uclass.c:26:16:uclass_find	0	static
../drivers/core/uclass.c:111:5:uclass_destroy	48	static
../drivers/core/uclass.c:145:5:uclass_get	64	static
../drivers/core/uclass.c:158:13:uclass_get_name	32	static
../drivers/core/uclass.c:167:7:uclass_get_priv	0	static
../drivers/core/uclass.c:172:6:uclass_set_priv	0	static
../drivers/core/uclass.c:177:16:uclass_get_by_name	32	static
../drivers/core/uclass.c:191:5:dev_get_uclass_index	0	static
../drivers/core/uclass.c:212:5:uclass_find_device	48	static
../drivers/core/uclass.c:235:5:uclass_find_first_device	48	static
../drivers/core/uclass.c:252:5:uclass_find_next_device	0	static
../drivers/core/uclass.c:265:5:uclass_find_device_by_name	64	static
../drivers/core/uclass.c:289:5:uclass_find_next_free_seq	32	static
../drivers/core/uclass.c:312:5:uclass_find_device_by_seq	48	static
../drivers/core/uclass.c:339:5:uclass_find_device_by_of_offset	48	static
../drivers/core/uclass.c:363:5:uclass_find_device_by_ofnode	48	static
../drivers/core/uclass.c:395:5:uclass_find_device_by_phandle	64	static
../drivers/core/uclass.c:426:5:uclass_get_device_by_driver	64	static
../drivers/core/uclass.c:446:5:uclass_get_device_tail	32	static
../drivers/core/uclass.c:461:5:uclass_get_device	48	static
../drivers/core/uclass.c:471:5:uclass_get_device_by_name	48	static
../drivers/core/uclass.c:482:5:uclass_get_device_by_seq	48	static
../drivers/core/uclass.c:493:5:uclass_get_device_by_of_offset	48	static
../drivers/core/uclass.c:504:5:uclass_get_device_by_ofnode	48	static
../drivers/core/uclass.c:520:5:uclass_get_device_by_phandle_id	64	static
../drivers/core/uclass.c:546:5:uclass_get_device_by_phandle	48	static
../drivers/core/uclass.c:558:5:uclass_first_device	48	static
../drivers/core/uclass.c:570:5:uclass_first_device_err	32	static
../drivers/core/uclass.c:583:5:uclass_next_device	32	static
../drivers/core/uclass.c:595:5:uclass_next_device_err	32	static
../drivers/core/uclass.c:608:5:uclass_first_device_check	32	static
../drivers/core/uclass.c:622:5:uclass_next_device_check	16	static
../drivers/core/uclass.c:635:5:uclass_first_device_drvdata	64	static
../drivers/core/uclass.c:652:5:uclass_bind_device	32	static
../drivers/core/uclass.c:679:5:uclass_unbind_device	32	static
../drivers/core/uclass.c:696:5:uclass_pre_probe_device	32	static
../drivers/core/uclass.c:720:5:uclass_post_probe_device	32	static
../drivers/core/uclass.c:745:5:uclass_pre_remove_device	0	static
../drivers/core/uclass.c:761:5:uclass_probe_all	48	static
