../common/fdt_support.c:1069:12:of_bus_default_map	0	static
../common/fdt_support.c:1674:12:fdt_read_prop	0	static
../common/fdt_support.c:385:12:fdt_pack_reg	64	static
../common/fdt_support.c:781:12:fdt_del_partitions	64	static
../common/fdt_support.c:1085:12:of_bus_default_translate	64	static
../common/fdt_support.c:1052:6:fdt_support_default_count_cells	48	static
../common/fdt_support.c:1255:12:__of_translate_address	160	static
../common/fdt_support.c:37:5:fdt_getprop_u32_default_node	48	static
../common/fdt_support.c:67:5:fdt_getprop_u32_default	48	static
../common/fdt_support.c:91:5:fdt_find_and_setprop	64	static
../common/fdt_support.c:115:5:fdt_find_or_add_subnode	48	static
../common/fdt_support.c:186:5:fdt_root	32	static
../common/fdt_support.c:212:5:fdt_initrd	96	static
../common/fdt_support.c:272:5:fdt_chosen	48	static
../common/fdt_support.c:303:6:do_fixup_by_path	32	static
../common/fdt_support.c:319:6:do_fixup_by_path_u32	32	static
../common/fdt_support.c:326:6:do_fixup_by_prop	96	static
../common/fdt_support.c:347:6:do_fixup_by_prop_u32	32	static
../common/fdt_support.c:355:6:do_fixup_by_compat	80	static
../common/fdt_support.c:374:6:do_fixup_by_compat_u32	32	static
../common/fdt_support.c:415:5:fdt_fixup_memory_banks	144	static
../common/fdt_support.c:468:5:fdt_set_usable_memory	192	static
../common/fdt_support.c:504:5:fdt_fixup_memory	32	static
../common/fdt_support.c:509:6:fdt_fixup_ethernet	128	static
../common/fdt_support.c:587:5:fdt_record_loadable	96	static
../common/fdt_support.c:622:5:fdt_shrink_to_minimum	64	static
../common/fdt_support.c:742:5:fdt_increase_size	0	static
../common/fdt_support.c:938:6:fdt_fixup_mtdparts	224	static
../common/fdt_support.c:978:6:fdt_del_node_and_alias	32	static
../common/fdt_support.c:1328:5:fdt_translate_address	0	static
../common/fdt_support.c:1334:5:fdt_translate_dma_address	0	static
../common/fdt_support.c:1340:5:fdt_get_dma_range	112	static
../common/fdt_support.c:1422:5:fdt_node_offset_by_compat_reg	80	static
../common/fdt_support.c:1443:5:fdt_alloc_phandle	48	static
../common/fdt_support.c:1463:5:fdt_set_phandle	64	static
../common/fdt_support.c:1502:14:fdt_create_phandle	48	static
../common/fdt_support.c:1532:5:fdt_set_node_status	64	static
../common/fdt_support.c:1573:5:fdt_set_status_by_alias	48	static
../common/fdt_support.c:1619:5:fdt_verify_alias_address	80	static
../common/fdt_support.c:1660:5:fdt_get_base_address	48	static
../common/fdt_support.c:1723:5:fdt_read_range	112	static
../common/fdt_support.c:1791:5:fdt_setup_simplefb_node	144	static
../common/fdt_support.c:1844:5:fdt_fixup_display	80	static
../common/fdt_support.c:1879:5:fdt_overlay_apply_verbose	48	static
../common/fdt_support.c:1906:5:fdt_valid	48	static
