../board/phytec/phycore_imx8mm/phycore-imx8mm.c:30:12:fdt_disable_node	48	static
../board/phytec/phycore_imx8mm/phycore-imx8mm.c:178:26:add_extension	48	static
../board/phytec/phycore_imx8mm/phycore-imx8mm.c:53:5:board_fix_fdt	64	static
../board/phytec/phycore_imx8mm/phycore-imx8mm.c:86:5:ft_board_setup	32	static
../board/phytec/phycore_imx8mm/phycore-imx8mm.c:102:5:board_usb_init	16	static
../board/phytec/phycore_imx8mm/phycore-imx8mm.c:108:5:board_usb_cleanup	16	static
../board/phytec/phycore_imx8mm/phycore-imx8mm.c:125:5:board_init	16	static
../board/phytec/phycore_imx8mm/phycore-imx8mm.c:134:5:board_mmc_get_env_dev	0	static
../board/phytec/phycore_imx8mm/phycore-imx8mm.c:139:5:board_late_init	16	static
../board/phytec/phycore_imx8mm/phycore-imx8mm.c:162:5:mmc_map_to_kernel_blk	0	static
../board/phytec/phycore_imx8mm/phycore-imx8mm.c:167:5:board_phys_sdram_size	32	static
../board/phytec/phycore_imx8mm/phycore-imx8mm.c:192:5:extension_board_scan	32	static
../board/phytec/phycore_imx8mm/phycore-imx8mm.c:220:19:env_get_location	32	static
