../arch/arm/mach-imx/imx8m/clock_imx8mm.c:723:12:decode_intpll	32	static
../arch/arm/mach-imx/imx8m/clock_imx8mm.c:870:12:decode_fracpll	32	static
../arch/arm/mach-imx/imx8m/clock_imx8mm.c:981:12:get_root_clk	48	static
../arch/arm/mach-imx/imx8m/clock_imx8mm.c:935:12:get_root_src_clk	0	static
../arch/arm/mach-imx/imx8m/clock_imx8mm.c:1104:5:do_mscale_showclocks	32	static
../arch/arm/mach-imx/imx8m/clock_imx8mm.c:342:6:enable_display_clk.part.0	48	static
../arch/arm/mach-imx/imx8m/clock_imx8mm.c:34:6:enable_ocotp_clk	0	static
../arch/arm/mach-imx/imx8m/clock_imx8mm.c:39:5:enable_i2c_clk	16	static
../arch/arm/mach-imx/imx8m/clock_imx8mm.c:179:5:intpll_configure	32	static
../arch/arm/mach-imx/imx8m/clock_imx8mm.c:284:6:mxs_set_lcdclk	0	static
../arch/arm/mach-imx/imx8m/clock_imx8mm.c:342:6:enable_display_clk	0	static
../arch/arm/mach-imx/imx8m/clock_imx8mm.c:371:5:get_dsi_phy_ref_clk	0	static
../arch/arm/mach-imx/imx8m/clock_imx8mm.c:382:6:init_uart_clk	16	static
../arch/arm/mach-imx/imx8m/clock_imx8mm.c:419:6:init_wdog_clk	16	static
../arch/arm/mach-imx/imx8m/clock_imx8mm.c:431:6:init_clk_usdhc	32	static
../arch/arm/mach-imx/imx8m/clock_imx8mm.c:462:6:init_clk_ecspi	32	static
../arch/arm/mach-imx/imx8m/clock_imx8mm.c:486:6:init_nand_clk	16	static
../arch/arm/mach-imx/imx8m/clock_imx8mm.c:498:5:clock_init	16	static
../arch/arm/mach-imx/imx8m/clock_imx8mm.c:572:6:init_clk_fspi	16	static
../arch/arm/mach-imx/imx8m/clock_imx8mm.c:669:5:set_clk_enet	32	static
../arch/arm/mach-imx/imx8m/clock_imx8mm.c:1003:5:get_arm_core_clk	32	static
../arch/arm/mach-imx/imx8m/clock_imx8mm.c:1016:5:mxc_get_clock	32	static
../arch/arm/mach-imx/imx8m/clock_imx8mm.c:1049:5:imx_get_uartclk	0	static
../arch/arm/mach-imx/imx8m/clock_imx8mm.c:1054:5:imx_get_fecclk	0	static
../arch/arm/mach-imx/imx8m/clock_imx8mm.c:1059:5:imx_get_eqos_csr_clk	0	static
../arch/arm/mach-imx/imx8m/clock_imx8mm.c:1083:6:enable_usboh3_clk	16	static
