../board/phytec/phycore_imx8mm/phycore-imx8mm.c:31:12:fdt_disable_node	48	static
../board/phytec/phycore_imx8mm/phycore-imx8mm.c:186:26:add_extension	48	static
../board/phytec/phycore_imx8mm/phycore-imx8mm.c:54:5:board_fix_fdt	64	static
../board/phytec/phycore_imx8mm/phycore-imx8mm.c:87:5:ft_board_setup	32	static
../board/phytec/phycore_imx8mm/phycore-imx8mm.c:103:5:board_usb_init	16	static
../board/phytec/phycore_imx8mm/phycore-imx8mm.c:109:5:board_usb_cleanup	16	static
../board/phytec/phycore_imx8mm/phycore-imx8mm.c:133:5:board_init	16	static
../board/phytec/phycore_imx8mm/phycore-imx8mm.c:142:5:board_mmc_get_env_dev	0	static
../board/phytec/phycore_imx8mm/phycore-imx8mm.c:147:5:board_late_init	16	static
../board/phytec/phycore_imx8mm/phycore-imx8mm.c:170:5:mmc_map_to_kernel_blk	0	static
../board/phytec/phycore_imx8mm/phycore-imx8mm.c:175:5:board_phys_sdram_size	32	static
../board/phytec/phycore_imx8mm/phycore-imx8mm.c:200:5:extension_board_scan	32	static
../board/phytec/phycore_imx8mm/phycore-imx8mm.c:228:19:env_get_location	32	static
