../drivers/net/fec_mxc.c:439:13:fec_reg_setup	0	static
../drivers/net/fec_mxc.c:1285:12:fecmxc_free_pkt	16	static
../drivers/net/fec_mxc.c:1064:13:fec_free_descs	32	static
../drivers/net/fec_mxc.c:239:12:fec_phy_write	32	static
../drivers/net/fec_mxc.c:233:12:fec_phy_read	32	static
../drivers/net/fec_mxc.c:411:12:fecmxc_set_hwaddr	32	static
../drivers/net/fec_mxc.c:1277:12:fecmxc_read_rom_hwaddr	32	static
../drivers/net/fec_mxc.c:661:13:fecmxc_halt	32	static
../drivers/net/fec_mxc.c:1566:12:fecmxc_of_to_plat	48	static
../drivers/net/fec_mxc.c:1549:12:fecmxc_remove	32	static
../drivers/net/fec_mxc.c:165:13:fec_mii_setspeed	48	static
../drivers/net/fec_mxc.c:705:12:fecmxc_send	48	static
../drivers/net/fec_mxc.c:589:12:fecmxc_init	64	static
../drivers/net/fec_mxc.c:856:12:fecmxc_recv	80	static
../drivers/net/fec_mxc.c:132:12:imx_get_fecclk	0	static
../drivers/net/fec_mxc.c:1077:17:fec_get_miibus	48	static
../drivers/net/fec_mxc.c:1357:12:fecmxc_probe	176	static
../drivers/net/fec_mxc.c:1103:13:init_clk_fec	0	static
