../arch/arm/mach-imx/imx8m/soc.c:349:12:get_cpu_variant_type	0	static
../arch/arm/mach-imx/imx8m/soc.c:723:12:disable_fdt_nodes	80	static
../arch/arm/mach-imx/imx8m/soc.c:939:13:check_remote_endpoint	48	static
../arch/arm/mach-imx/imx8m/soc.c:1140:12:disable_cpu_nodes.isra	128	static
../arch/arm/mach-imx/imx8m/soc.c:48:5:timer_init	0	static
../arch/arm/mach-imx/imx8m/soc.c:85:6:set_wdog_reset	0	static
../arch/arm/mach-imx/imx8m/soc.c:182:6:enable_caches	16	static
../arch/arm/mach-imx/imx8m/soc.c:213:12:board_phys_sdram_size	0	static
../arch/arm/mach-imx/imx8m/soc.c:226:5:dram_init	32	static
../arch/arm/mach-imx/imx8m/soc.c:244:5:dram_init_banksize	32	static
../arch/arm/mach-imx/imx8m/soc.c:296:13:get_effective_memsize	32	static
../arch/arm/mach-imx/imx8m/soc.c:325:7:board_get_usable_ram_top	0	static
../arch/arm/mach-imx/imx8m/soc.c:457:5:get_cpu_rev	16	static
../arch/arm/mach-imx/imx8m/soc.c:67:6:enable_tzc380	16	static
../arch/arm/mach-imx/imx8m/soc.c:524:5:arch_cpu_init_dm	0	static
../arch/arm/mach-imx/imx8m/soc.c:589:5:arch_cpu_init	16	static
../arch/arm/mach-imx/imx8m/soc.c:693:6:is_usb_boot	16	static
../arch/arm/mach-imx/imx8m/soc.c:698:6:get_board_serial	0	static
../arch/arm/mach-imx/imx8m/soc.c:711:6:check_fdt_new_path	16	static
../arch/arm/mach-imx/imx8m/soc.c:863:6:board_quiesce_devices	0	static
../arch/arm/mach-imx/imx8m/soc.c:871:5:disable_vpu_nodes	16	static
../arch/arm/mach-imx/imx8m/soc.c:957:5:disable_dsi_lcdif_nodes	32	static
../arch/arm/mach-imx/imx8m/soc.c:988:5:disable_lvds_lcdif_nodes	32	static
../arch/arm/mach-imx/imx8m/soc.c:1024:5:disable_gpu_nodes	16	static
../arch/arm/mach-imx/imx8m/soc.c:1042:5:disable_npu_nodes	0	static
../arch/arm/mach-imx/imx8m/soc.c:1051:5:disable_isp_nodes	0	static
../arch/arm/mach-imx/imx8m/soc.c:1061:5:disable_dsp_nodes	0	static
../arch/arm/mach-imx/imx8m/soc.c:1232:5:ft_system_setup	80	static
../arch/arm/mach-imx/imx8m/soc.c:1385:6:reset_cpu	0	static
../arch/arm/mach-imx/imx8m/soc.c:1444:6:imx_gpc_set_m_core_pgc	0	static
../arch/arm/mach-imx/imx8m/soc.c:1457:6:imx8m_usb_power_domain	16	static
../arch/arm/mach-imx/imx8m/soc.c:1473:5:imx8m_usb_power	16	static
../arch/arm/mach-imx/imx8m/soc.c:1491:6:imx_tmu_arch_init	16	static
../arch/arm/mach-imx/imx8m/soc.c:1568:6:do_error	32	static
