../drivers/mtd/spi/spi-nor-core.c:473:12:read_cr	32	static
../drivers/mtd/spi/spi-nor-core.c:492:12:write_sr	0	static
../drivers/mtd/spi/spi-nor-core.c:973:13:stm_get_locked_range	0	static
../drivers/mtd/spi/spi-nor-core.c:1355:13:sst26_process_bpr	0	static
../drivers/mtd/spi/spi-nor-core.c:2616:12:spi_nor_hwcaps2cmd	0	static
../drivers/mtd/spi/spi-nor-core.c:1375:12:sst26_lock_ctl	112	static
../drivers/mtd/spi/spi-nor-core.c:1491:12:sst26_is_locked	0	static
../drivers/mtd/spi/spi-nor-core.c:1477:12:sst26_unlock	0	static
../drivers/mtd/spi/spi-nor-core.c:1482:12:sst26_lock	0	static
../drivers/mtd/spi/spi-nor-core.c:2677:12:spi_nor_check_op	32	static
../drivers/mtd/spi/spi-nor-core.c:510:12:write_disable.isra	0	static
../drivers/mtd/spi/spi-nor-core.c:502:12:write_enable.isra	0	static
../drivers/mtd/spi/spi-nor-core.c:759:12:write_bar	48	static
../drivers/mtd/spi/spi-nor-core.c:746:12:clean_bar	48	static
../drivers/mtd/spi/spi-nor-core.c:1284:12:spi_nor_read	64	static
../drivers/mtd/spi/spi-nor-core.c:240:13:spi_nor_setup_op	0	static
../drivers/mtd/spi/spi-nor-core.c:386:12:read_sr	80	static
../drivers/mtd/spi/spi-nor-core.c:354:16:spi_nor_write_data	96	static
../drivers/mtd/spi/spi-nor-core.c:318:16:spi_nor_read_data	112	static
../drivers/mtd/spi/spi-nor-core.c:2937:12:spi_nor_default_setup	160	static
../drivers/mtd/spi/spi-nor-core.c:1018:12:stm_is_locked_sr	32	static
../drivers/mtd/spi/spi-nor-core.c:1227:12:stm_is_locked	48	static
../drivers/mtd/spi/spi-nor-core.c:1024:12:stm_is_unlocked_sr	32	static
../drivers/mtd/spi/spi-nor-core.c:286:12:spi_nor_read_reg	80	static
../drivers/mtd/spi/spi-nor-core.c:303:12:spi_nor_write_reg	80	static
../drivers/mtd/spi/spi-nor-core.c:729:12:spi_nor_wait_till_ready	144	static
../drivers/mtd/spi/spi-nor-core.c:1752:12:spansion_read_cr_quad_enable	48	static
../drivers/mtd/spi/spi-nor-core.c:1681:12:macronix_quad_enable	32	static
../drivers/mtd/spi/spi-nor-core.c:841:12:spi_nor_erase	128	static
../drivers/mtd/spi/spi-nor-core.c:953:12:write_sr_and_check.constprop	32	static
../drivers/mtd/spi/spi-nor-core.c:1062:12:stm_lock	48	static
../drivers/mtd/spi/spi-nor-core.c:1142:12:stm_unlock	48	static
../drivers/mtd/spi/spi-nor-core.c:1606:12:spi_nor_write	112	static
../drivers/mtd/spi/spi-nor-core.c:3387:5:spi_nor_remove	0	static
../drivers/mtd/spi/spi-nor-core.c:3398:6:spi_nor_set_fixups	0	static
../drivers/mtd/spi/spi-nor-core.c:3411:5:spi_nor_scan	496	static
