../lib/fdtdec.c:644:20:get_prop_check_min_len	48	static
../lib/fdtdec.c:81:13:fdtdec_get_compatible	0	static
../lib/fdtdec.c:265:10:fdtdec_get_uint64	48	static
../lib/fdtdec.c:278:5:fdtdec_get_is_enabled	16	static
../lib/fdtdec.c:295:20:fdtdec_lookup	64	static
../lib/fdtdec.c:307:5:fdtdec_next_compatible	0	static
../lib/fdtdec.c:312:5:fdtdec_next_compatible_subnode	48	static
../lib/fdtdec.c:327:5:fdtdec_next_alias	96	static
../lib/fdtdec.c:359:5:fdtdec_add_aliases_for_id	128	dynamic
../lib/fdtdec.c:349:5:fdtdec_find_aliases_for_id	64	static
../lib/fdtdec.c:474:5:fdtdec_get_alias_seq	96	static
../lib/fdtdec.c:527:5:fdtdec_get_alias_highest_id	80	static
../lib/fdtdec.c:560:13:fdtdec_get_chosen_prop	32	static
../lib/fdtdec.c:570:5:fdtdec_get_chosen_node	32	static
../lib/fdtdec.c:597:5:fdtdec_prepare_fdt	16	static
../lib/fdtdec.c:580:5:fdtdec_check_fdt	16	static
../lib/fdtdec.c:619:5:fdtdec_lookup_phandle	32	static
../lib/fdtdec.c:662:5:fdtdec_get_int_array	48	static
../lib/fdtdec.c:971:12:decode_timing_property	64	static
../lib/fdtdec.c:680:5:fdtdec_get_int_array_count	48	static
../lib/fdtdec.c:700:12:fdtdec_locate_array	32	static
../lib/fdtdec.c:711:5:fdtdec_get_bool	32	static
../lib/fdtdec.c:721:5:fdtdec_parse_phandle_with_args	112	static
../lib/fdtdec.c:845:5:fdtdec_get_byte_array	48	static
../lib/fdtdec.c:857:11:fdtdec_locate_byte_array	32	static
../lib/fdtdec.c:869:5:fdtdec_get_config_int	48	static
../lib/fdtdec.c:881:5:fdtdec_get_config_bool	32	static
../lib/fdtdec.c:895:7:fdtdec_get_config_string	48	static
../lib/fdtdec.c:913:5:fdtdec_get_number	0	static
../lib/fdtdec.c:88:12:fdtdec_get_addr_size_fixed	64	static
../lib/fdtdec.c:134:12:fdtdec_get_addr_size_auto_parent	80	static
../lib/fdtdec.c:161:12:fdtdec_get_addr_size_auto_noparent	64	static
../lib/fdtdec.c:180:12:fdtdec_get_addr_size	0	static
../lib/fdtdec.c:190:12:fdtdec_get_addr	0	static
../lib/fdtdec.c:923:5:fdt_get_resource	96	static
../lib/fdtdec.c:958:5:fdt_get_named_resource	48	static
../lib/fdtdec.c:995:5:fdtdec_decode_display_timing	64	static
../lib/fdtdec.c:1063:5:fdtdec_setup_mem_size_base	80	static
../lib/fdtdec.c:1089:8:get_next_memory_node	48	static
../lib/fdtdec.c:1098:5:fdtdec_setup_memory_banksize	112	static
../lib/fdtdec.c:1139:5:fdtdec_setup_mem_size_base_lowest	112	static
../lib/fdtdec.c:1252:14:board_fdt_blob_setup	0	static
../lib/fdtdec.c:1269:5:fdtdec_set_ethernet_mac_address	48	static
../lib/fdtdec.c:1330:5:fdtdec_add_reserved_memory	192	static
../lib/fdtdec.c:1445:5:fdtdec_get_carveout	64	static
../lib/fdtdec.c:1494:5:fdtdec_set_carveout	80	static
../lib/fdtdec.c:1548:12:fdtdec_board_setup	0	static
../lib/fdtdec.c:1553:5:fdtdec_setup	16	static
../lib/fdtdec.c:1652:5:fdtdec_decode_ram_size	144	static
